Archive member included to satisfy reference by file (symbol)

c:/program files (x86)/gnu arm embedded toolchain/9 2020-q2-update/bin/../lib/gcc/arm-none-eabi/9.3.1/../../../../arm-none-eabi/lib/thumb/v7e-m/nofp\libc_nano.a(lib_a-ctype_.o)
                              _build/nrf52810_xxaa/nrf_log_str_formatter.c.o (_ctype_)
c:/program files (x86)/gnu arm embedded toolchain/9 2020-q2-update/bin/../lib/gcc/arm-none-eabi/9.3.1/../../../../arm-none-eabi/lib/thumb/v7e-m/nofp\libc_nano.a(lib_a-exit.o)
                              c:/program files (x86)/gnu arm embedded toolchain/9 2020-q2-update/bin/../lib/gcc/arm-none-eabi/9.3.1/../../../../arm-none-eabi/lib/thumb/v7e-m/nofp/crt0.o (exit)
c:/program files (x86)/gnu arm embedded toolchain/9 2020-q2-update/bin/../lib/gcc/arm-none-eabi/9.3.1/../../../../arm-none-eabi/lib/thumb/v7e-m/nofp\libc_nano.a(lib_a-impure.o)
                              c:/program files (x86)/gnu arm embedded toolchain/9 2020-q2-update/bin/../lib/gcc/arm-none-eabi/9.3.1/../../../../arm-none-eabi/lib/thumb/v7e-m/nofp\libc_nano.a(lib_a-exit.o) (_global_impure_ptr)
c:/program files (x86)/gnu arm embedded toolchain/9 2020-q2-update/bin/../lib/gcc/arm-none-eabi/9.3.1/../../../../arm-none-eabi/lib/thumb/v7e-m/nofp\libc_nano.a(lib_a-init.o)
                              c:/program files (x86)/gnu arm embedded toolchain/9 2020-q2-update/bin/../lib/gcc/arm-none-eabi/9.3.1/../../../../arm-none-eabi/lib/thumb/v7e-m/nofp/crt0.o (__libc_init_array)
c:/program files (x86)/gnu arm embedded toolchain/9 2020-q2-update/bin/../lib/gcc/arm-none-eabi/9.3.1/../../../../arm-none-eabi/lib/thumb/v7e-m/nofp\libc_nano.a(lib_a-memcmp.o)
                              _build/nrf52810_xxaa/ble_advdata.c.o (memcmp)
c:/program files (x86)/gnu arm embedded toolchain/9 2020-q2-update/bin/../lib/gcc/arm-none-eabi/9.3.1/../../../../arm-none-eabi/lib/thumb/v7e-m/nofp\libc_nano.a(lib_a-memcpy-stub.o)
                              _build/nrf52810_xxaa/nrf_log_frontend.c.o (memcpy)
c:/program files (x86)/gnu arm embedded toolchain/9 2020-q2-update/bin/../lib/gcc/arm-none-eabi/9.3.1/../../../../arm-none-eabi/lib/thumb/v7e-m/nofp\libc_nano.a(lib_a-memset.o)
                              c:/program files (x86)/gnu arm embedded toolchain/9 2020-q2-update/bin/../lib/gcc/arm-none-eabi/9.3.1/../../../../arm-none-eabi/lib/thumb/v7e-m/nofp/crt0.o (memset)
c:/program files (x86)/gnu arm embedded toolchain/9 2020-q2-update/bin/../lib/gcc/arm-none-eabi/9.3.1/../../../../arm-none-eabi/lib/thumb/v7e-m/nofp\libc_nano.a(lib_a-strcpy.o)
                              _build/nrf52810_xxaa/SEGGER_RTT.c.o (strcpy)
c:/program files (x86)/gnu arm embedded toolchain/9 2020-q2-update/bin/../lib/gcc/arm-none-eabi/9.3.1/../../../../arm-none-eabi/lib/thumb/v7e-m/nofp\libc_nano.a(lib_a-strlen.o)
                              _build/nrf52810_xxaa/nrf_log_frontend.c.o (strlen)
c:/program files (x86)/gnu arm embedded toolchain/9 2020-q2-update/bin/../lib/gcc/arm-none-eabi/9.3.1/../../../../arm-none-eabi/lib/thumb/v7e-m/nofp\libnosys.a(_exit.o)
                              c:/program files (x86)/gnu arm embedded toolchain/9 2020-q2-update/bin/../lib/gcc/arm-none-eabi/9.3.1/../../../../arm-none-eabi/lib/thumb/v7e-m/nofp\libc_nano.a(lib_a-exit.o) (_exit)
c:/program files (x86)/gnu arm embedded toolchain/9 2020-q2-update/bin/../lib/gcc/arm-none-eabi/9.3.1/thumb/v7e-m/nofp\libgcc.a(_aeabi_ldivmod.o)
                              _build/nrf52810_xxaa/bsp.c.o (__aeabi_ldivmod)
c:/program files (x86)/gnu arm embedded toolchain/9 2020-q2-update/bin/../lib/gcc/arm-none-eabi/9.3.1/thumb/v7e-m/nofp\libgcc.a(_aeabi_uldivmod.o)
                              _build/nrf52810_xxaa/bsp.c.o (__aeabi_uldivmod)
c:/program files (x86)/gnu arm embedded toolchain/9 2020-q2-update/bin/../lib/gcc/arm-none-eabi/9.3.1/thumb/v7e-m/nofp\libgcc.a(_udivmoddi4.o)
                              c:/program files (x86)/gnu arm embedded toolchain/9 2020-q2-update/bin/../lib/gcc/arm-none-eabi/9.3.1/thumb/v7e-m/nofp\libgcc.a(_aeabi_ldivmod.o) (__udivmoddi4)
c:/program files (x86)/gnu arm embedded toolchain/9 2020-q2-update/bin/../lib/gcc/arm-none-eabi/9.3.1/thumb/v7e-m/nofp\libgcc.a(_dvmd_tls.o)
                              c:/program files (x86)/gnu arm embedded toolchain/9 2020-q2-update/bin/../lib/gcc/arm-none-eabi/9.3.1/thumb/v7e-m/nofp\libgcc.a(_aeabi_ldivmod.o) (__aeabi_ldiv0)

Allocating common symbols
Common symbol       size              file

nrf_nvic_state      0xc               _build/nrf52810_xxaa/app_util_platform.c.o
nrf_drv_uart_use_easy_dma
                    0x1               _build/nrf52810_xxaa/nrf_drv_uart.c.o
Timer_context       0x8               _build/nrf52810_xxaa/main.c.o
_SEGGER_RTT         0x78              _build/nrf52810_xxaa/SEGGER_RTT.c.o

Discarded input sections

 .text          0x00000000        0x0 c:/program files (x86)/gnu arm embedded toolchain/9 2020-q2-update/bin/../lib/gcc/arm-none-eabi/9.3.1/thumb/v7e-m/nofp/crti.o
[...]
Memory Configuration

Name             Origin             Length             Attributes
FLASH            0x00019000         0x00017000         xr
RAM              0x20001118         0x00004ee8         xrw
*default*        0x00000000         0xffffffff

Linker script and memory map


.text           0x00019000     0x46d0
 *(.isr_vector)
 .isr_vector    0x00019000      0x200 _build/nrf52810_xxaa/gcc_startup_nrf52810.S.o
                0x00019000                __isr_vector
 *(.text*)
 .text          0x00019200       0x40 c:/program files (x86)/gnu arm embedded toolchain/9 2020-q2-update/bin/../lib/gcc/arm-none-eabi/9.3.1/thumb/v7e-m/nofp/crtbegin.o
 .text          0x00019240       0x7c c:/program files (x86)/gnu arm embedded toolchain/9 2020-q2-update/bin/../lib/gcc/arm-none-eabi/9.3.1/../../../../arm-none-eabi/lib/thumb/v7e-m/nofp/crt0.o
                0x00019240                _stack_init
                0x00019248                _start
                0x00019248                _mainCRTStartup
 .text          0x000192bc       0x68 _build/nrf52810_xxaa/gcc_startup_nrf52810.S.o
                0x000192bc                Reset_Handler
                0x00019310                NMI_Handler
                0x00019312                HardFault_Handler
                0x00019314                MemoryManagement_Handler
                0x00019316                BusFault_Handler
                0x00019318                UsageFault_Handler
                0x0001931a                SVC_Handler
                0x0001931c                DebugMon_Handler
                0x0001931e                PendSV_Handler
                0x00019320                SysTick_Handler
                0x00019322                PDM_IRQHandler
                0x00019322                QDEC_IRQHandler
                0x00019322                RADIO_IRQHandler
                0x00019322                SWI5_IRQHandler
                0x00019322                TEMP_IRQHandler
                0x00019322                SWI4_IRQHandler
                0x00019322                RTC0_IRQHandler
                0x00019322                TIMER1_IRQHandler
                0x00019322                ECB_IRQHandler
                0x00019322                Default_Handler
                0x00019322                SWI3_IRQHandler
                0x00019322                SPIM0_SPIS0_SPI0_IRQHandler
                0x00019322                SAADC_IRQHandler
                0x00019322                CCM_AAR_IRQHandler
                0x00019322                WDT_IRQHandler
                0x00019322                TIMER0_IRQHandler
                0x00019322                RNG_IRQHandler
                0x00019322                COMP_IRQHandler
                0x00019322                PWM0_IRQHandler
                0x00019322                SWI1_EGU1_IRQHandler
                0x00019322                TWIM0_TWIS0_TWI0_IRQHandler
                0x00019322                SWI0_EGU0_IRQHandler
                0x00019322                TIMER2_IRQHandler
 .text.nrf_log_backend_serial_put
                0x00019324       0xc2 _build/nrf52810_xxaa/nrf_log_backend_serial.c.o
                0x00019324                nrf_log_backend_serial_put
 *fill*         0x000193e6        0x2 
 .text.uart_evt_handler
                0x000193e8        0xc _build/nrf52810_xxaa/nrf_log_backend_uart.c.o
 .text.nrf_log_backend_uart_flush
                0x000193f4        0x2 _build/nrf52810_xxaa/nrf_log_backend_uart.c.o
 *fill*         0x000193f6        0x2 
 .text.uart_init
                0x000193f8       0x5c _build/nrf52810_xxaa/nrf_log_backend_uart.c.o
 .text.nrf_log_backend_uart_put
                0x00019454       0x1c _build/nrf52810_xxaa/nrf_log_backend_uart.c.o
 .text.serial_tx
                0x00019470       0x48 _build/nrf52810_xxaa/nrf_log_backend_uart.c.o
 .text.nrf_log_backend_uart_panic_set
                0x000194b8       0x2c _build/nrf52810_xxaa/nrf_log_backend_uart.c.o
 .text.nrf_log_backend_uart_init
                0x000194e4        0x6 _build/nrf52810_xxaa/nrf_log_backend_uart.c.o
                0x000194e4                nrf_log_backend_uart_init
 *fill*         0x000194ea        0x2 
 .text.nrf_log_default_backends_init
                0x000194ec       0x20 _build/nrf52810_xxaa/nrf_log_default_backends.c.o
                0x000194ec                nrf_log_default_backends_init
 .text.invalid_packets_omit
                0x0001950c       0x38 _build/nrf52810_xxaa/nrf_log_frontend.c.o
 .text.buf_prealloc
                0x00019544      0x124 _build/nrf52810_xxaa/nrf_log_frontend.c.o
 .text.nrf_log_init
                0x00019668       0x28 _build/nrf52810_xxaa/nrf_log_frontend.c.o
                0x00019668                nrf_log_init
 .text.nrf_log_module_name_get
                0x00019690       0x38 _build/nrf52810_xxaa/nrf_log_frontend.c.o
                0x00019690                nrf_log_module_name_get
 .text.nrf_log_color_id_get
                0x000196c8       0x2c _build/nrf52810_xxaa/nrf_log_frontend.c.o
                0x000196c8                nrf_log_color_id_get
 .text.buffer_is_empty
                0x000196f4       0x14 _build/nrf52810_xxaa/nrf_log_frontend.c.o
                0x000196f4                buffer_is_empty
 .text.nrf_log_frontend_dequeue
                0x00019708      0x1fc _build/nrf52810_xxaa/nrf_log_frontend.c.o
                0x00019708                nrf_log_frontend_dequeue
 .text.std_n    0x00019904       0x8c _build/nrf52810_xxaa/nrf_log_frontend.c.o
 .text.nrf_log_frontend_std_0
                0x00019990        0x8 _build/nrf52810_xxaa/nrf_log_frontend.c.o
                0x00019990                nrf_log_frontend_std_0
 .text.nrf_log_frontend_std_1
                0x00019998       0x12 _build/nrf52810_xxaa/nrf_log_frontend.c.o
                0x00019998                nrf_log_frontend_std_1
 .text.nrf_log_frontend_std_2
                0x000199aa       0x14 _build/nrf52810_xxaa/nrf_log_frontend.c.o
                0x000199aa                nrf_log_frontend_std_2
 *fill*         0x000199be        0x2 
 .text.nrf_log_backend_add
                0x000199c0       0x54 _build/nrf52810_xxaa/nrf_log_frontend.c.o
                0x000199c0                nrf_log_backend_add
 .text.nrf_log_panic
                0x00019a14       0x28 _build/nrf52810_xxaa/nrf_log_frontend.c.o
                0x00019a14                nrf_log_panic
 .text.postfix_process
                0x00019a3c       0x3c _build/nrf52810_xxaa/nrf_log_str_formatter.c.o
 .text.prefix_process
                0x00019a78       0x78 _build/nrf52810_xxaa/nrf_log_str_formatter.c.o
 .text.nrf_log_std_entry_process
                0x00019af0       0xc8 _build/nrf52810_xxaa/nrf_log_str_formatter.c.o
                0x00019af0                nrf_log_std_entry_process
 .text.nrf_log_hexdump_entry_process
                0x00019bb8       0xbc _build/nrf52810_xxaa/nrf_log_str_formatter.c.o
                0x00019bb8                nrf_log_hexdump_entry_process
 .text.app_error_handler_bare
                0x00019c74       0x1a _build/nrf52810_xxaa/app_error.c.o
                0x00019c74                app_error_handler_bare
 *fill*         0x00019c8e        0x2 
 .text.app_error_fault_handler
                0x00019c90       0x70 _build/nrf52810_xxaa/app_error_weak.c.o
                0x00019c90                app_error_fault_handler
 .text.compare_func
                0x00019d00       0x16 _build/nrf52810_xxaa/app_timer2.c.o
 *fill*         0x00019d16        0x2 
 .text.get_now  0x00019d18       0x3c _build/nrf52810_xxaa/app_timer2.c.o
 .text.timer_req_schedule
                0x00019d54       0x38 _build/nrf52810_xxaa/app_timer2.c.o
 .text.timer_expire
                0x00019d8c       0x6c _build/nrf52810_xxaa/app_timer2.c.o
 .text.app_timer_init
                0x00019df8       0x64 _build/nrf52810_xxaa/app_timer2.c.o
                0x00019df8                app_timer_init
 .text.app_timer_create
                0x00019e5c       0x16 _build/nrf52810_xxaa/app_timer2.c.o
                0x00019e5c                app_timer_create
 .text.app_timer_start
                0x00019e72       0x30 _build/nrf52810_xxaa/app_timer2.c.o
                0x00019e72                app_timer_start
 .text.app_timer_stop
                0x00019ea2        0xc _build/nrf52810_xxaa/app_timer2.c.o
                0x00019ea2                app_timer_stop
 *fill*         0x00019eae        0x2 
 .text.app_timer_cnt_get
                0x00019eb0        0xc _build/nrf52810_xxaa/app_timer2.c.o
                0x00019eb0                app_timer_cnt_get
 .text.rtc_irq  0x00019ebc      0x19c _build/nrf52810_xxaa/app_timer2.c.o
 .text.app_util_critical_region_enter
                0x0001a058       0x48 _build/nrf52810_xxaa/app_util_platform.c.o
                0x0001a058                app_util_critical_region_enter
 .text.app_util_critical_region_exit
                0x0001a0a0       0x2c _build/nrf52810_xxaa/app_util_platform.c.o
                0x0001a0a0                app_util_critical_region_exit
 .text.evt_pending.isra.0
                0x0001a0cc       0x18 _build/nrf52810_xxaa/drv_rtc.c.o
 .text.drv_rtc_init
                0x0001a0e4       0xb4 _build/nrf52810_xxaa/drv_rtc.c.o
                0x0001a0e4                drv_rtc_init
 .text.drv_rtc_start
                0x0001a198        0x8 _build/nrf52810_xxaa/drv_rtc.c.o
                0x0001a198                drv_rtc_start
 .text.drv_rtc_stop
                0x0001a1a0        0x8 _build/nrf52810_xxaa/drv_rtc.c.o
                0x0001a1a0                drv_rtc_stop
 .text.drv_rtc_compare_set
                0x0001a1a8       0x48 _build/nrf52810_xxaa/drv_rtc.c.o
                0x0001a1a8                drv_rtc_compare_set
 .text.drv_rtc_windowed_compare_set
                0x0001a1f0       0xf4 _build/nrf52810_xxaa/drv_rtc.c.o
                0x0001a1f0                drv_rtc_windowed_compare_set
 .text.drv_rtc_overflow_enable
                0x0001a2e4       0x12 _build/nrf52810_xxaa/drv_rtc.c.o
                0x0001a2e4                drv_rtc_overflow_enable
 .text.drv_rtc_overflow_pending
                0x0001a2f6        0xa _build/nrf52810_xxaa/drv_rtc.c.o
                0x0001a2f6                drv_rtc_overflow_pending
 .text.drv_rtc_compare_disable
                0x0001a300       0x16 _build/nrf52810_xxaa/drv_rtc.c.o
                0x0001a300                drv_rtc_compare_disable
 .text.drv_rtc_compare_pending
                0x0001a316        0xc _build/nrf52810_xxaa/drv_rtc.c.o
                0x0001a316                drv_rtc_compare_pending
 .text.drv_rtc_counter_get
                0x0001a322        0x8 _build/nrf52810_xxaa/drv_rtc.c.o
                0x0001a322                drv_rtc_counter_get
 *fill*         0x0001a32a        0x2 
 .text.drv_rtc_irq_trigger
                0x0001a32c       0x24 _build/nrf52810_xxaa/drv_rtc.c.o
                0x0001a32c                drv_rtc_irq_trigger
 .text.RTC1_IRQHandler
                0x0001a350       0x14 _build/nrf52810_xxaa/drv_rtc.c.o
                0x0001a350                RTC1_IRQHandler
 .text.nrf_atfifo_init
                0x0001a364       0x26 _build/nrf52810_xxaa/nrf_atfifo.c.o
                0x0001a364                nrf_atfifo_init
 .text.nrf_atfifo_item_alloc
                0x0001a38a       0x54 _build/nrf52810_xxaa/nrf_atfifo.c.o
                0x0001a38a                nrf_atfifo_item_alloc
 .text.nrf_atfifo_item_put
                0x0001a3de       0x20 _build/nrf52810_xxaa/nrf_atfifo.c.o
                0x0001a3de                nrf_atfifo_item_put
 .text.nrf_atfifo_item_get
                0x0001a3fe       0x56 _build/nrf52810_xxaa/nrf_atfifo.c.o
                0x0001a3fe                nrf_atfifo_item_get
 .text.nrf_atfifo_item_free
                0x0001a454       0x20 _build/nrf52810_xxaa/nrf_atfifo.c.o
                0x0001a454                nrf_atfifo_item_free
 .text.nrf_atomic_u32_fetch_store
                0x0001a474       0x16 _build/nrf52810_xxaa/nrf_atomic.c.o
                0x0001a474                nrf_atomic_u32_fetch_store
 .text.nrf_atomic_u32_or
                0x0001a48a       0x18 _build/nrf52810_xxaa/nrf_atomic.c.o
                0x0001a48a                nrf_atomic_u32_or
 .text.nrf_atomic_u32_fetch_and
                0x0001a4a2       0x18 _build/nrf52810_xxaa/nrf_atomic.c.o
                0x0001a4a2                nrf_atomic_u32_fetch_and
 .text.nrf_atomic_u32_add
                0x0001a4ba       0x18 _build/nrf52810_xxaa/nrf_atomic.c.o
                0x0001a4ba                nrf_atomic_u32_add
 .text.nrf_atomic_u32_sub
                0x0001a4d2       0x18 _build/nrf52810_xxaa/nrf_atomic.c.o
                0x0001a4d2                nrf_atomic_u32_sub
 .text.nrf_atomic_flag_set
                0x0001a4ea        0x6 _build/nrf52810_xxaa/nrf_atomic.c.o
                0x0001a4ea                nrf_atomic_flag_set
 .text.nrf_atomic_flag_clear_fetch
                0x0001a4f0        0x6 _build/nrf52810_xxaa/nrf_atomic.c.o
                0x0001a4f0                nrf_atomic_flag_clear_fetch
 .text.nrf_balloc_init
                0x0001a4f6       0x2e _build/nrf52810_xxaa/nrf_balloc.c.o
                0x0001a4f6                nrf_balloc_init
 .text.nrf_balloc_alloc
                0x0001a524       0x4c _build/nrf52810_xxaa/nrf_balloc.c.o
                0x0001a524                nrf_balloc_alloc
 .text.nrf_balloc_free
                0x0001a570       0x34 _build/nrf52810_xxaa/nrf_balloc.c.o
                0x0001a570                nrf_balloc_free
 .text.nrf_fprintf_buffer_flush
                0x0001a5a4       0x16 _build/nrf52810_xxaa/nrf_fprintf.c.o
                0x0001a5a4                nrf_fprintf_buffer_flush
 .text.nrf_fprintf
                0x0001a5ba       0x1c _build/nrf52810_xxaa/nrf_fprintf.c.o
                0x0001a5ba                nrf_fprintf
 .text.buffer_add
                0x0001a5d6       0x2e _build/nrf52810_xxaa/nrf_fprintf_format.c.o
 .text.unsigned_print
                0x0001a604       0xb4 _build/nrf52810_xxaa/nrf_fprintf_format.c.o
 .text.nrf_fprintf_fmt
                0x0001a6b8      0x29c _build/nrf52810_xxaa/nrf_fprintf_format.c.o
                0x0001a6b8                nrf_fprintf_fmt
 .text.memobj_op
                0x0001a954       0x86 _build/nrf52810_xxaa/nrf_memobj.c.o
 .text.nrf_memobj_pool_init
                0x0001a9da        0x4 _build/nrf52810_xxaa/nrf_memobj.c.o
                0x0001a9da                nrf_memobj_pool_init
 .text.nrf_memobj_free
                0x0001a9de       0x2c _build/nrf52810_xxaa/nrf_memobj.c.o
                0x0001a9de                nrf_memobj_free
 .text.nrf_memobj_alloc
                0x0001aa0a       0x5e _build/nrf52810_xxaa/nrf_memobj.c.o
                0x0001aa0a                nrf_memobj_alloc
 .text.nrf_memobj_get
                0x0001aa68        0x8 _build/nrf52810_xxaa/nrf_memobj.c.o
                0x0001aa68                nrf_memobj_get
 .text.nrf_memobj_put
                0x0001aa70       0x1e _build/nrf52810_xxaa/nrf_memobj.c.o
                0x0001aa70                nrf_memobj_put
 .text.nrf_memobj_write
                0x0001aa8e       0x14 _build/nrf52810_xxaa/nrf_memobj.c.o
                0x0001aa8e                nrf_memobj_write
 .text.nrf_memobj_read
                0x0001aaa2       0x14 _build/nrf52810_xxaa/nrf_memobj.c.o
                0x0001aaa2                nrf_memobj_read
 .text.sd_app_evt_wait
                0x0001aab6        0x4 _build/nrf52810_xxaa/nrf_pwr_mgmt.c.o
 *fill*         0x0001aaba        0x2 
 .text.nrf_pwr_mgmt_init
                0x0001aabc       0x2c _build/nrf52810_xxaa/nrf_pwr_mgmt.c.o
                0x0001aabc                nrf_pwr_mgmt_init
 .text.nrf_pwr_mgmt_run
                0x0001aae8       0x18 _build/nrf52810_xxaa/nrf_pwr_mgmt.c.o
                0x0001aae8                nrf_pwr_mgmt_run
 .text.nrf_ringbuf_init
                0x0001ab00       0x1c _build/nrf52810_xxaa/nrf_ringbuf.c.o
                0x0001ab00                nrf_ringbuf_init
 .text.nrf_section_iter_init
                0x0001ab1c       0x12 _build/nrf52810_xxaa/nrf_section_iter.c.o
                0x0001ab1c                nrf_section_iter_init
 .text.nrf_section_iter_next
                0x0001ab2e       0x18 _build/nrf52810_xxaa/nrf_section_iter.c.o
                0x0001ab2e                nrf_section_iter_next
 .text.nrf_sortlist_add
                0x0001ab46       0x20 _build/nrf52810_xxaa/nrf_sortlist.c.o
                0x0001ab46                nrf_sortlist_add
 .text.nrf_sortlist_pop
                0x0001ab66        0xc _build/nrf52810_xxaa/nrf_sortlist.c.o
                0x0001ab66                nrf_sortlist_pop
 .text.nrf_sortlist_peek
                0x0001ab72        0x6 _build/nrf52810_xxaa/nrf_sortlist.c.o
                0x0001ab72                nrf_sortlist_peek
 .text.nrf_sortlist_remove
                0x0001ab78       0x1a _build/nrf52810_xxaa/nrf_sortlist.c.o
                0x0001ab78                nrf_sortlist_remove
 *fill*         0x0001ab92        0x2 
 .text.nrf_strerror_find
                0x0001ab94       0x3c _build/nrf52810_xxaa/nrf_strerror.c.o
                0x0001ab94                nrf_strerror_find
 .text.nrf_strerror_get
                0x0001abd0       0x14 _build/nrf52810_xxaa/nrf_strerror.c.o
                0x0001abd0                nrf_strerror_get
 .text.__NVIC_SystemReset
                0x0001abe4       0x24 _build/nrf52810_xxaa/system_nrf52810.c.o
 .text.nrf52_errata_12
                0x0001ac08       0x1c _build/nrf52810_xxaa/system_nrf52810.c.o
 .text.nrf52_errata_16
                0x0001ac24       0x2c _build/nrf52810_xxaa/system_nrf52810.c.o
 .text.nrf52_errata_31
                0x0001ac50       0x28 _build/nrf52810_xxaa/system_nrf52810.c.o
 .text.SystemInit
                0x0001ac78      0x2b8 _build/nrf52810_xxaa/system_nrf52810.c.o
                0x0001ac78                SystemInit
 .text.clock_clk_started_notify
                0x0001af30       0x24 _build/nrf52810_xxaa/nrf_drv_clock.c.o
 .text.clock_irq_handler
                0x0001af54       0x1c _build/nrf52810_xxaa/nrf_drv_clock.c.o
 .text.soc_evt_handler
                0x0001af70       0x14 _build/nrf52810_xxaa/nrf_drv_clock.c.o
 .text.nrf_drv_clock_init
                0x0001af84       0x48 _build/nrf52810_xxaa/nrf_drv_clock.c.o
                0x0001af84                nrf_drv_clock_init
 .text.nrf_drv_clock_lfclk_release
                0x0001afcc       0x40 _build/nrf52810_xxaa/nrf_drv_clock.c.o
                0x0001afcc                nrf_drv_clock_lfclk_release
 .text.sd_state_evt_handler
                0x0001b00c       0x60 _build/nrf52810_xxaa/nrf_drv_clock.c.o
 .text.uarte_evt_handler
                0x0001b06c       0x34 _build/nrf52810_xxaa/nrf_drv_uart.c.o
 .text.uart_evt_handler
                0x0001b0a0       0x34 _build/nrf52810_xxaa/nrf_drv_uart.c.o
 .text.nrf_drv_uart_init
                0x0001b0d4       0x7c _build/nrf52810_xxaa/nrf_drv_uart.c.o
                0x0001b0d4                nrf_drv_uart_init
 .text.nrf_clock_event_clear
                0x0001b150       0x14 _build/nrf52810_xxaa/nrfx_clock.c.o
 .text.nrfx_clock_init
                0x0001b164       0x18 _build/nrf52810_xxaa/nrfx_clock.c.o
                0x0001b164                nrfx_clock_init
 .text.nrfx_clock_enable
                0x0001b17c       0x24 _build/nrf52810_xxaa/nrfx_clock.c.o
                0x0001b17c                nrfx_clock_enable
 .text.nrfx_clock_lfclk_stop
                0x0001b1a0       0x28 _build/nrf52810_xxaa/nrfx_clock.c.o
                0x0001b1a0                nrfx_clock_lfclk_stop
 .text.POWER_CLOCK_IRQHandler
                0x0001b1c8       0x58 _build/nrf52810_xxaa/nrfx_clock.c.o
                0x0001b1c8                POWER_CLOCK_IRQHandler
 .text.nrf_gpiote_event_clear
                0x0001b220       0x18 _build/nrf52810_xxaa/nrfx_gpiote.c.o
 .text.nrf_gpio_cfg_sense_set
                0x0001b238       0x20 _build/nrf52810_xxaa/nrfx_gpiote.c.o
 .text.channel_free
                0x0001b258       0x1c _build/nrf52810_xxaa/nrfx_gpiote.c.o
 .text.nrfx_gpiote_init
                0x0001b274       0x7c _build/nrf52810_xxaa/nrfx_gpiote.c.o
                0x0001b274                nrfx_gpiote_init
 .text.nrfx_gpiote_in_init
                0x0001b2f0       0xe8 _build/nrf52810_xxaa/nrfx_gpiote.c.o
                0x0001b2f0                nrfx_gpiote_in_init
 .text.nrfx_gpiote_in_event_enable
                0x0001b3d8       0x88 _build/nrf52810_xxaa/nrfx_gpiote.c.o
                0x0001b3d8                nrfx_gpiote_in_event_enable
 .text.GPIOTE_IRQHandler
                0x0001b460      0x150 _build/nrf52810_xxaa/nrfx_gpiote.c.o
                0x0001b460                GPIOTE_IRQHandler
 .text.UARTE0_UART0_IRQHandler
                0x0001b5b0        0xc _build/nrf52810_xxaa/nrfx_prs.c.o
                0x0001b5b0                UARTE0_UART0_IRQHandler
 .text.nrfx_prs_acquire
                0x0001b5bc       0x44 _build/nrf52810_xxaa/nrfx_prs.c.o
                0x0001b5bc                nrfx_prs_acquire
 .text.nrfx_prs_release
                0x0001b600       0x18 _build/nrf52810_xxaa/nrfx_prs.c.o
                0x0001b600                nrfx_prs_release
 .text.nrf_uart_event_clear
                0x0001b618       0x10 _build/nrf52810_xxaa/nrfx_uart.c.o
 .text.tx_byte  0x0001b628       0x1e _build/nrf52810_xxaa/nrfx_uart.c.o
 .text.rx_byte  0x0001b646       0x2c _build/nrf52810_xxaa/nrfx_uart.c.o
 *fill*         0x0001b672        0x2 
 .text.rx_done_event.constprop.0
                0x0001b674       0x20 _build/nrf52810_xxaa/nrfx_uart.c.o
 .text.nrfx_uart_0_irq_handler
                0x0001b694      0x13c _build/nrf52810_xxaa/nrfx_uart.c.o
                0x0001b694                nrfx_uart_0_irq_handler
 .text.nrfx_uart_init
                0x0001b7d0      0x188 _build/nrf52810_xxaa/nrfx_uart.c.o
                0x0001b7d0                nrfx_uart_init
 .text.nrfx_uart_uninit
                0x0001b958       0xdc _build/nrf52810_xxaa/nrfx_uart.c.o
                0x0001b958                nrfx_uart_uninit
 .text.nrfx_uart_tx
                0x0001ba34       0x90 _build/nrf52810_xxaa/nrfx_uart.c.o
                0x0001ba34                nrfx_uart_tx
 .text.nrf_uarte_event_clear
                0x0001bac4       0x10 _build/nrf52810_xxaa/nrfx_uarte.c.o
 .text.rx_done_event.constprop.0
                0x0001bad4       0x20 _build/nrf52810_xxaa/nrfx_uarte.c.o
 .text.nrfx_uarte_0_irq_handler
                0x0001baf4      0x118 _build/nrf52810_xxaa/nrfx_uarte.c.o
                0x0001baf4                nrfx_uarte_0_irq_handler
 .text.nrfx_uarte_init
                0x0001bc0c      0x1a0 _build/nrf52810_xxaa/nrfx_uarte.c.o
                0x0001bc0c                nrfx_uarte_init
 .text.nrfx_uarte_uninit
                0x0001bdac      0x120 _build/nrf52810_xxaa/nrfx_uarte.c.o
                0x0001bdac                nrfx_uarte_uninit
 .text.nrfx_uarte_tx
                0x0001becc       0x94 _build/nrf52810_xxaa/nrfx_uarte.c.o
                0x0001becc                nrfx_uarte_tx
 .text.sd_ble_gap_adv_set_configure
                0x0001bf60        0x4 _build/nrf52810_xxaa/main.c.o
 .text.sd_ble_gap_adv_start
                0x0001bf64        0x4 _build/nrf52810_xxaa/main.c.o
 .text.sd_ble_gap_adv_stop
                0x0001bf68        0x4 _build/nrf52810_xxaa/main.c.o
 .text.sd_ble_gap_device_name_set
                0x0001bf6c        0x4 _build/nrf52810_xxaa/main.c.o
 .text.in_pin_handler
                0x0001bf70        0xc _build/nrf52810_xxaa/main.c.o
                0x0001bf70                in_pin_handler
 .text.advertising_init
                0x0001bf7c       0x98 _build/nrf52810_xxaa/main.c.o
 .text.advertising_start
                0x0001c014       0x1c _build/nrf52810_xxaa/main.c.o
 .text.send_add
                0x0001c030       0x58 _build/nrf52810_xxaa/main.c.o
                0x0001c030                send_add
 .text.clear_event_counter
                0x0001c088       0x78 _build/nrf52810_xxaa/main.c.o
                0x0001c088                clear_event_counter
 .text.still_alive_hendlar
                0x0001c100       0x4c _build/nrf52810_xxaa/main.c.o
                0x0001c100                still_alive_hendlar
 .text.startup.main
                0x0001c14c      0x190 _build/nrf52810_xxaa/main.c.o
                0x0001c14c                main
 .text.sd_ble_gap_addr_get
                0x0001c2dc        0x4 _build/nrf52810_xxaa/ble_advdata.c.o
 .text.sd_ble_gap_appearance_get
                0x0001c2e0        0x4 _build/nrf52810_xxaa/ble_advdata.c.o
 .text.sd_ble_gap_device_name_get
                0x0001c2e4        0x4 _build/nrf52810_xxaa/ble_advdata.c.o
 .text.sd_ble_uuid_encode
                0x0001c2e8        0x4 _build/nrf52810_xxaa/ble_advdata.c.o
 .text.uuid_list_sized_encode
                0x0001c2ec       0xac _build/nrf52810_xxaa/ble_advdata.c.o
 .text.uuid_list_encode
                0x0001c398       0x38 _build/nrf52810_xxaa/ble_advdata.c.o
 .text.ble_advdata_encode
                0x0001c3d0      0x394 _build/nrf52810_xxaa/ble_advdata.c.o
                0x0001c3d0                ble_advdata_encode
 .text.sd_softdevice_enable
                0x0001c764        0x4 _build/nrf52810_xxaa/nrf_sdh.c.o
 .text.sdh_request_observer_notify
                0x0001c768       0x30 _build/nrf52810_xxaa/nrf_sdh.c.o
 .text.sdh_state_observer_notify
                0x0001c798       0x28 _build/nrf52810_xxaa/nrf_sdh.c.o
 .text.softdevices_evt_irq_enable
                0x0001c7c0       0x38 _build/nrf52810_xxaa/nrf_sdh.c.o
 .text.nrf_sdh_enable_request
                0x0001c7f8       0x7c _build/nrf52810_xxaa/nrf_sdh.c.o
                0x0001c7f8                nrf_sdh_enable_request
 .text.nrf_sdh_is_enabled
                0x0001c874        0xc _build/nrf52810_xxaa/nrf_sdh.c.o
                0x0001c874                nrf_sdh_is_enabled
 .text.nrf_sdh_evts_poll
                0x0001c880       0x28 _build/nrf52810_xxaa/nrf_sdh.c.o
                0x0001c880                nrf_sdh_evts_poll
 .text.SWI2_IRQHandler
                0x0001c8a8        0x4 _build/nrf52810_xxaa/nrf_sdh.c.o
                0x0001c8a8                SWI2_IRQHandler
 .text.sd_ble_enable
                0x0001c8ac        0x4 _build/nrf52810_xxaa/nrf_sdh_ble.c.o
 .text.sd_ble_cfg_set
                0x0001c8b0        0x4 _build/nrf52810_xxaa/nrf_sdh_ble.c.o
 .text.sd_ble_evt_get
                0x0001c8b4        0x4 _build/nrf52810_xxaa/nrf_sdh_ble.c.o
 .text.nrf_sdh_ble_evts_poll
                0x0001c8b8       0x50 _build/nrf52810_xxaa/nrf_sdh_ble.c.o
 .text.nrf_sdh_ble_default_cfg_set
                0x0001c908      0x15c _build/nrf52810_xxaa/nrf_sdh_ble.c.o
                0x0001c908                nrf_sdh_ble_default_cfg_set
 .text.nrf_sdh_ble_enable
                0x0001ca64       0x94 _build/nrf52810_xxaa/nrf_sdh_ble.c.o
                0x0001ca64                nrf_sdh_ble_enable
 .text.sd_evt_get
                0x0001caf8        0x4 _build/nrf52810_xxaa/nrf_sdh_soc.c.o
 .text.nrf_sdh_soc_evts_poll
                0x0001cafc       0x3c _build/nrf52810_xxaa/nrf_sdh_soc.c.o
 .text.exit     0x0001cb38       0x28 c:/program files (x86)/gnu arm embedded toolchain/9 2020-q2-update/bin/../lib/gcc/arm-none-eabi/9.3.1/../../../../arm-none-eabi/lib/thumb/v7e-m/nofp\libc_nano.a(lib_a-exit.o)
                0x0001cb38                exit
 .text.__libc_init_array
                0x0001cb60       0x48 c:/program files (x86)/gnu arm embedded toolchain/9 2020-q2-update/bin/../lib/gcc/arm-none-eabi/9.3.1/../../../../arm-none-eabi/lib/thumb/v7e-m/nofp\libc_nano.a(lib_a-init.o)
                0x0001cb60                __libc_init_array
 .text.memcpy   0x0001cba8       0x1c c:/program files (x86)/gnu arm embedded toolchain/9 2020-q2-update/bin/../lib/gcc/arm-none-eabi/9.3.1/../../../../arm-none-eabi/lib/thumb/v7e-m/nofp\libc_nano.a(lib_a-memcpy-stub.o)
                0x0001cba8                memcpy
 .text.memset   0x0001cbc4       0x10 c:/program files (x86)/gnu arm embedded toolchain/9 2020-q2-update/bin/../lib/gcc/arm-none-eabi/9.3.1/../../../../arm-none-eabi/lib/thumb/v7e-m/nofp\libc_nano.a(lib_a-memset.o)
                0x0001cbc4                memset
 .text          0x0001cbd4       0x10 c:/program files (x86)/gnu arm embedded toolchain/9 2020-q2-update/bin/../lib/gcc/arm-none-eabi/9.3.1/../../../../arm-none-eabi/lib/thumb/v7e-m/nofp\libc_nano.a(lib_a-strlen.o)
                0x0001cbd4                strlen
 .text._exit    0x0001cbe4        0x4 c:/program files (x86)/gnu arm embedded toolchain/9 2020-q2-update/bin/../lib/gcc/arm-none-eabi/9.3.1/../../../../arm-none-eabi/lib/thumb/v7e-m/nofp\libnosys.a(_exit.o)
                0x0001cbe4                _exit
 *(.init)
 .init          0x0001cbe8        0x4 c:/program files (x86)/gnu arm embedded toolchain/9 2020-q2-update/bin/../lib/gcc/arm-none-eabi/9.3.1/thumb/v7e-m/nofp/crti.o
                0x0001cbe8                _init
 .init          0x0001cbec        0x8 c:/program files (x86)/gnu arm embedded toolchain/9 2020-q2-update/bin/../lib/gcc/arm-none-eabi/9.3.1/thumb/v7e-m/nofp/crtn.o
 *(.fini)
 .fini          0x0001cbf4        0x4 c:/program files (x86)/gnu arm embedded toolchain/9 2020-q2-update/bin/../lib/gcc/arm-none-eabi/9.3.1/thumb/v7e-m/nofp/crti.o
                0x0001cbf4                _fini
 .fini          0x0001cbf8        0x8 c:/program files (x86)/gnu arm embedded toolchain/9 2020-q2-update/bin/../lib/gcc/arm-none-eabi/9.3.1/thumb/v7e-m/nofp/crtn.o
 *crtbegin.o(.ctors)
 *crtbegin?.o(.ctors)
 *(EXCLUDE_FILE(*crtend.o *crtend?.o) .ctors)
 *(SORT_BY_NAME(.ctors.*))
 *(.ctors)
 *crtbegin.o(.dtors)
 *crtbegin?.o(.dtors)
 *(EXCLUDE_FILE(*crtend.o *crtend?.o) .dtors)
 *(SORT_BY_NAME(.dtors.*))
 *(.dtors)
 *(.rodata*)
 .rodata        0x0001cc00       0x20 _build/nrf52810_xxaa/nrf_log_backend_uart.c.o
 .rodata.nrf_log_backend_uart_api
                0x0001cc20        0xc _build/nrf52810_xxaa/nrf_log_backend_uart.c.o
                0x0001cc20                nrf_log_backend_uart_api
 .rodata.str1.1
                0x0001cc2c       0x11 _build/nrf52810_xxaa/nrf_log_default_backends.c.o
 .rodata.nrf_log_frontend_dequeue.str1.1
                0x0001cc3d       0x11 _build/nrf52810_xxaa/nrf_log_frontend.c.o
 .rodata.str1.1
                0x0001cc4e        0x4 _build/nrf52810_xxaa/nrf_log_frontend.c.o
 *fill*         0x0001cc52        0x2 
 .rodata.m_log_push_ringbuf
                0x0001cc54        0xc _build/nrf52810_xxaa/nrf_log_frontend.c.o
 .rodata.postfix_process.str1.1
                0x0001cc60        0x8 _build/nrf52810_xxaa/nrf_log_str_formatter.c.o
                                  0xb (size before relaxing)
 .rodata.prefix_process.str1.1
                0x0001cc68       0x2a _build/nrf52810_xxaa/nrf_log_str_formatter.c.o
 .rodata.nrf_log_hexdump_entry_process.str1.1
                0x0001cc92        0xf _build/nrf52810_xxaa/nrf_log_str_formatter.c.o
                                 0x11 (size before relaxing)
 .rodata.str1.1
                0x0001cca1       0x4b _build/nrf52810_xxaa/nrf_log_str_formatter.c.o
                                 0x51 (size before relaxing)
 .rodata.m_colors
                0x0001ccec       0x24 _build/nrf52810_xxaa/nrf_log_str_formatter.c.o
 .rodata.severity_names
                0x0001cd10       0x14 _build/nrf52810_xxaa/nrf_log_str_formatter.c.o
 .rodata.str1.1
                0x0001cd24        0xb _build/nrf52810_xxaa/app_button.c.o
 .rodata.app_error_fault_handler.str1.1
                0x0001cd2f       0x19 _build/nrf52810_xxaa/app_error_weak.c.o
 .rodata.str1.1
                0x0001cd48        0xa _build/nrf52810_xxaa/app_timer2.c.o
 .rodata        0x0001cd52        0x4 _build/nrf52810_xxaa/app_timer2.c.o
 *fill*         0x0001cd56        0x2 
 .rodata.m_app_timer_sortlist
                0x0001cd58        0xc _build/nrf52810_xxaa/app_timer2.c.o
 .rodata.drv_rtc_init.str1.1
                0x0001cd64       0x34 _build/nrf52810_xxaa/drv_rtc.c.o
 *fill*         0x0001cd98        0x8 
 .rodata.delay_machine_code.6980
                0x0001cda0        0x6 _build/nrf52810_xxaa/drv_rtc.c.o
 .rodata._aV2C.6058
                0x0001cda6       0x10 _build/nrf52810_xxaa/nrf_fprintf_format.c.o
 .rodata.str1.1
                0x0001cdb6        0x9 _build/nrf52810_xxaa/nrf_pwr_mgmt.c.o
 *fill*         0x0001cdbf        0x1 
 .rodata.pwr_mgmt_data
                0x0001cdc0        0xc _build/nrf52810_xxaa/nrf_pwr_mgmt.c.o
 .rodata.str1.1
                0x0001cdcc        0x9 _build/nrf52810_xxaa/nrf_sortlist.c.o
 .rodata.str1.1
                0x0001cdd5      0x3ba _build/nrf52810_xxaa/nrf_strerror.c.o
 .rodata.m_unknown_str
                0x0001d18f       0x13 _build/nrf52810_xxaa/nrf_strerror.c.o
 *fill*         0x0001d1a2        0x2 
 .rodata.nrf_strerror_array
                0x0001d1a4      0x128 _build/nrf52810_xxaa/nrf_strerror.c.o
 .rodata.CSWTCH.14
                0x0001d2cc        0x4 _build/nrf52810_xxaa/system_nrf52810.c.o
 .rodata.CSWTCH.19
                0x0001d2d0        0x4 _build/nrf52810_xxaa/system_nrf52810.c.o
 .rodata.CSWTCH.4
                0x0001d2d4        0x4 _build/nrf52810_xxaa/system_nrf52810.c.o
 .rodata.str1.1
                0x0001d2d8        0x6 _build/nrf52810_xxaa/nrf_drv_clock.c.o
 .rodata.str1.1
                0x0001d2de        0x6 _build/nrf52810_xxaa/nrfx_clock.c.o
 .rodata.str1.1
                0x0001d2e4        0x7 _build/nrf52810_xxaa/nrfx_gpiote.c.o
 .rodata.str1.1
                0x0001d2eb        0x4 _build/nrf52810_xxaa/nrfx_prs.c.o
 .rodata.str1.1
                0x0001d2ef        0x5 _build/nrf52810_xxaa/nrfx_uart.c.o
 .rodata.str1.1
                0x0001d2f4        0x6 _build/nrf52810_xxaa/nrfx_uarte.c.o
 .rodata.advertising_init.str1.1
                0x0001d2fa        0x7 _build/nrf52810_xxaa/main.c.o
 .rodata.clear_event_counter.str1.1
                0x0001d301        0x6 _build/nrf52810_xxaa/main.c.o
 .rodata.main.str1.1
                0x0001d307       0x18 _build/nrf52810_xxaa/main.c.o
 *fill*         0x0001d31f        0x1 
 .rodata        0x0001d320        0xc _build/nrf52810_xxaa/main.c.o
 .rodata.Clear_event_timer
                0x0001d32c        0x4 _build/nrf52810_xxaa/main.c.o
 .rodata.Sip_timer
                0x0001d330        0x4 _build/nrf52810_xxaa/main.c.o
 .rodata.Still_alive_event_timer
                0x0001d334        0x4 _build/nrf52810_xxaa/main.c.o
 .rodata.str1.1
                0x0001d338        0x8 _build/nrf52810_xxaa/nrf_sdh.c.o
 .rodata        0x0001d340        0x4 _build/nrf52810_xxaa/nrf_sdh.c.o
 .rodata.sdh_req_observers
                0x0001d344        0xc _build/nrf52810_xxaa/nrf_sdh.c.o
 .rodata.sdh_stack_observers
                0x0001d350        0xc _build/nrf52810_xxaa/nrf_sdh.c.o
 .rodata.sdh_state_observers
                0x0001d35c        0xc _build/nrf52810_xxaa/nrf_sdh.c.o
 .rodata.nrf_sdh_ble_default_cfg_set.str1.1
                0x0001d368      0x182 _build/nrf52810_xxaa/nrf_sdh_ble.c.o
 .rodata.nrf_sdh_ble_enable.str1.1
                0x0001d4ea       0xa7 _build/nrf52810_xxaa/nrf_sdh_ble.c.o
 .rodata.str1.1
                0x0001d591        0xc _build/nrf52810_xxaa/nrf_sdh_ble.c.o
 *fill*         0x0001d59d        0x3 
 .rodata.sdh_ble_observers
                0x0001d5a0        0xc _build/nrf52810_xxaa/nrf_sdh_ble.c.o
 .rodata.str1.1
                0x0001d5ac        0xc _build/nrf52810_xxaa/nrf_sdh_soc.c.o
 .rodata.sdh_soc_observers
                0x0001d5b8        0xc _build/nrf52810_xxaa/nrf_sdh_soc.c.o
 .rodata._ctype_
                0x0001d5c4      0x101 c:/program files (x86)/gnu arm embedded toolchain/9 2020-q2-update/bin/../lib/gcc/arm-none-eabi/9.3.1/../../../../arm-none-eabi/lib/thumb/v7e-m/nofp\libc_nano.a(lib_a-ctype_.o)
                0x0001d5c4                _ctype_
 *fill*         0x0001d6c5        0x3 
 .rodata._global_impure_ptr
                0x0001d6c8        0x4 c:/program files (x86)/gnu arm embedded toolchain/9 2020-q2-update/bin/../lib/gcc/arm-none-eabi/9.3.1/../../../../arm-none-eabi/lib/thumb/v7e-m/nofp\libc_nano.a(lib_a-impure.o)
                0x0001d6c8                _global_impure_ptr
 *(.eh_frame*)
 .eh_frame      0x0001d6cc        0x0 c:/program files (x86)/gnu arm embedded toolchain/9 2020-q2-update/bin/../lib/gcc/arm-none-eabi/9.3.1/thumb/v7e-m/nofp/crtbegin.o
 .eh_frame      0x0001d6cc        0x4 c:/program files (x86)/gnu arm embedded toolchain/9 2020-q2-update/bin/../lib/gcc/arm-none-eabi/9.3.1/thumb/v7e-m/nofp/crtend.o

.glue_7         0x0001d6d0        0x0
 .glue_7        0x0001d6d0        0x0 linker stubs

.glue_7t        0x0001d6d0        0x0
 .glue_7t       0x0001d6d0        0x0 linker stubs

.vfp11_veneer   0x0001d6d0        0x0
 .vfp11_veneer  0x0001d6d0        0x0 linker stubs

.v4_bx          0x0001d6d0        0x0
 .v4_bx         0x0001d6d0        0x0 linker stubs

.iplt           0x0001d6d0        0x0
 .iplt          0x0001d6d0        0x0 c:/program files (x86)/gnu arm embedded toolchain/9 2020-q2-update/bin/../lib/gcc/arm-none-eabi/9.3.1/thumb/v7e-m/nofp/crtbegin.o

.mem_section_dummy_rom

.sdh_soc_observers
                0x0001d6d0        0x8
                0x0001d6d0                PROVIDE (__start_sdh_soc_observers = .)
 *(SORT_BY_NAME(.sdh_soc_observers*))
 .sdh_soc_observers0
                0x0001d6d0        0x8 _build/nrf52810_xxaa/nrf_drv_clock.c.o
                0x0001d6d8                PROVIDE (__stop_sdh_soc_observers = .)

.sdh_ble_observers
                0x0001d6d8        0x0
                0x0001d6d8                PROVIDE (__start_sdh_ble_observers = .)
 *(SORT_BY_NAME(.sdh_ble_observers*))
                0x0001d6d8                PROVIDE (__stop_sdh_ble_observers = .)

.pwr_mgmt_data  0x0001d6d8        0x0
                0x0001d6d8                PROVIDE (__start_pwr_mgmt_data = .)
 *(SORT_BY_NAME(.pwr_mgmt_data*))
                0x0001d6d8                PROVIDE (__stop_pwr_mgmt_data = .)

.sdh_req_observers
                0x0001d6d8        0x0
                0x0001d6d8                PROVIDE (__start_sdh_req_observers = .)
 *(SORT_BY_NAME(.sdh_req_observers*))
                0x0001d6d8                PROVIDE (__stop_sdh_req_observers = .)

.sdh_state_observers
                0x0001d6d8        0x8
                0x0001d6d8                PROVIDE (__start_sdh_state_observers = .)
 *(SORT_BY_NAME(.sdh_state_observers*))
 .sdh_state_observers0
                0x0001d6d8        0x8 _build/nrf52810_xxaa/nrf_drv_clock.c.o
                0x0001d6e0                PROVIDE (__stop_sdh_state_observers = .)

.sdh_stack_observers
                0x0001d6e0       0x10
                0x0001d6e0                PROVIDE (__start_sdh_stack_observers = .)
 *(SORT_BY_NAME(.sdh_stack_observers*))
 .sdh_stack_observers0
                0x0001d6e0        0x8 _build/nrf52810_xxaa/nrf_sdh_ble.c.o
 .sdh_stack_observers0
                0x0001d6e8        0x8 _build/nrf52810_xxaa/nrf_sdh_soc.c.o
                0x0001d6f0                PROVIDE (__stop_sdh_stack_observers = .)

.nrf_queue      0x0001d6f0        0x0
                [!provide]                PROVIDE (__start_nrf_queue = .)
 *(.nrf_queue)
                [!provide]                PROVIDE (__stop_nrf_queue = .)

.nrf_balloc     0x0001d6f0       0x14
                [!provide]                PROVIDE (__start_nrf_balloc = .)
 *(.nrf_balloc)
 .nrf_balloc    0x0001d6f0       0x14 _build/nrf52810_xxaa/nrf_log_frontend.c.o
                0x0001d6f0                log_mempool
                [!provide]                PROVIDE (__stop_nrf_balloc = .)

.cli_command    0x0001d704        0x0
                [!provide]                PROVIDE (__start_cli_command = .)
 *(.cli_command)
                [!provide]                PROVIDE (__stop_cli_command = .)

.crypto_data    0x0001d704        0x0
                [!provide]                PROVIDE (__start_crypto_data = .)
 *(SORT_BY_NAME(.crypto_data*))
                [!provide]                PROVIDE (__stop_crypto_data = .)

.log_const_data
                0x0001d704       0x70
                0x0001d704                PROVIDE (__start_log_const_data = .)
 *(SORT_BY_NAME(.log_const_data*))
 .log_const_data_CLOCK
                0x0001d704        0x8 _build/nrf52810_xxaa/nrfx_clock.c.o
                0x0001d704                m_nrf_log_CLOCK_logs_data_const
 .log_const_data_GPIOTE
                0x0001d70c        0x8 _build/nrf52810_xxaa/nrfx_gpiote.c.o
                0x0001d70c                m_nrf_log_GPIOTE_logs_data_const
 .log_const_data_PRS
                0x0001d714        0x8 _build/nrf52810_xxaa/nrfx_prs.c.o
                0x0001d714                m_nrf_log_PRS_logs_data_const
 .log_const_data_UART
                0x0001d71c        0x8 _build/nrf52810_xxaa/nrfx_uart.c.o
                0x0001d71c                m_nrf_log_UART_logs_data_const
 .log_const_data_UARTE
                0x0001d724        0x8 _build/nrf52810_xxaa/nrfx_uarte.c.o
                0x0001d724                m_nrf_log_UARTE_logs_data_const
 .log_const_data_app
                0x0001d72c        0x8 _build/nrf52810_xxaa/nrf_log_frontend.c.o
                0x0001d72c                m_nrf_log_app_logs_data_const
 .log_const_data_app_button
                0x0001d734        0x8 _build/nrf52810_xxaa/app_button.c.o
                0x0001d734                m_nrf_log_app_button_logs_data_const
 .log_const_data_app_timer
                0x0001d73c        0x8 _build/nrf52810_xxaa/app_timer2.c.o
                0x0001d73c                m_nrf_log_app_timer_logs_data_const
 .log_const_data_clock
                0x0001d744        0x8 _build/nrf52810_xxaa/nrf_drv_clock.c.o
                0x0001d744                m_nrf_log_clock_logs_data_const
 .log_const_data_nrf_sdh
                0x0001d74c        0x8 _build/nrf52810_xxaa/nrf_sdh.c.o
                0x0001d74c                m_nrf_log_nrf_sdh_logs_data_const
 .log_const_data_nrf_sdh_ble
                0x0001d754        0x8 _build/nrf52810_xxaa/nrf_sdh_ble.c.o
                0x0001d754                m_nrf_log_nrf_sdh_ble_logs_data_const
 .log_const_data_nrf_sdh_soc
                0x0001d75c        0x8 _build/nrf52810_xxaa/nrf_sdh_soc.c.o
                0x0001d75c                m_nrf_log_nrf_sdh_soc_logs_data_const
 .log_const_data_pwr_mgmt
                0x0001d764        0x8 _build/nrf52810_xxaa/nrf_pwr_mgmt.c.o
                0x0001d764                m_nrf_log_pwr_mgmt_logs_data_const
 .log_const_data_sortlist
                0x0001d76c        0x8 _build/nrf52810_xxaa/nrf_sortlist.c.o
                0x0001d76c                m_nrf_log_sortlist_logs_data_const
                0x0001d774                PROVIDE (__stop_log_const_data = .)

.log_backends   0x0001d774       0x10
                [!provide]                PROVIDE (__start_log_backends = .)
 *(SORT_BY_NAME(.log_backends*))
 .log_backends  0x0001d774       0x10 _build/nrf52810_xxaa/nrf_log_default_backends.c.o
                [!provide]                PROVIDE (__stop_log_backends = .)

.ARM.extab
 *(.ARM.extab* .gnu.linkonce.armextab.*)
                0x0001d784                __exidx_start = .

.ARM.exidx      0x0001d784        0x8
 *(.ARM.exidx* .gnu.linkonce.armexidx.*)
 .ARM.exidx     0x0001d784        0x8 c:/program files (x86)/gnu arm embedded toolchain/9 2020-q2-update/bin/../lib/gcc/arm-none-eabi/9.3.1/../../../../arm-none-eabi/lib/thumb/v7e-m/nofp/crt0.o
                                 0x10 (size before relaxing)
                0x0001d78c                __exidx_end = .

.rel.dyn        0x0001d78c        0x0
 .rel.iplt      0x0001d78c        0x0 c:/program files (x86)/gnu arm embedded toolchain/9 2020-q2-update/bin/../lib/gcc/arm-none-eabi/9.3.1/thumb/v7e-m/nofp/crtbegin.o
                0x0001d78c                . = ALIGN (0x4)
                0x0001d78c                __etext = .

.data           0x20001118       0xa8 load address 0x0001d78c
                0x20001118                __data_start__ = .
 *(vtable)
 *(.data*)
 .data.m_uart   0x20001118       0x14 _build/nrf52810_xxaa/nrf_log_backend_uart.c.o
                0x20001118                m_uart
 .data.log_backend_cb_uart_log_backend
                0x2000112c        0x8 _build/nrf52810_xxaa/nrf_log_default_backends.c.o
 .data.m_rtc_inst
                0x20001134        0x8 _build/nrf52810_xxaa/app_timer2.c.o
 .data.SystemCoreClock
                0x2000113c        0x4 _build/nrf52810_xxaa/system_nrf52810.c.o
                0x2000113c                SystemCoreClock
 .data.m_adv_data
                0x20001140       0x10 _build/nrf52810_xxaa/main.c.o
 .data.m_adv_handle
                0x20001150        0x1 _build/nrf52810_xxaa/main.c.o
 .data.m_beacon_info
                0x20001151        0x4 _build/nrf52810_xxaa/main.c.o
                0x20001151                m_beacon_info
 .data.state_change
                0x20001155        0x1 _build/nrf52810_xxaa/main.c.o
 *fill*         0x20001156        0x2 
 .data.impure_data
                0x20001158       0x60 c:/program files (x86)/gnu arm embedded toolchain/9 2020-q2-update/bin/../lib/gcc/arm-none-eabi/9.3.1/../../../../arm-none-eabi/lib/thumb/v7e-m/nofp\libc_nano.a(lib_a-impure.o)
                0x200011b8                . = ALIGN (0x4)
                0x200011b8                PROVIDE (__preinit_array_start = .)
 *(.preinit_array)
                0x200011b8                PROVIDE (__preinit_array_end = .)
                0x200011b8                . = ALIGN (0x4)
                0x200011b8                PROVIDE (__init_array_start = .)
 *(SORT_BY_NAME(.init_array.*))
 *(.init_array)
 .init_array    0x200011b8        0x4 c:/program files (x86)/gnu arm embedded toolchain/9 2020-q2-update/bin/../lib/gcc/arm-none-eabi/9.3.1/thumb/v7e-m/nofp/crtbegin.o
                0x200011bc                PROVIDE (__init_array_end = .)
                0x200011bc                . = ALIGN (0x4)
                [!provide]                PROVIDE (__fini_array_start = .)
 *(SORT_BY_NAME(.fini_array.*))
 *(.fini_array)
 .fini_array    0x200011bc        0x4 c:/program files (x86)/gnu arm embedded toolchain/9 2020-q2-update/bin/../lib/gcc/arm-none-eabi/9.3.1/thumb/v7e-m/nofp/crtbegin.o
                [!provide]                PROVIDE (__fini_array_end = .)
 *(.jcr*)
                0x200011c0                . = ALIGN (0x4)
                0x200011c0                __data_end__ = .
LOAD c:/program files (x86)/gnu arm embedded toolchain/9 2020-q2-update/bin/../lib/gcc/arm-none-eabi/9.3.1/thumb/v7e-m/nofp/crti.o
LOAD c:/program files (x86)/gnu arm embedded toolchain/9 2020-q2-update/bin/../lib/gcc/arm-none-eabi/9.3.1/thumb/v7e-m/nofp/crtbegin.o
LOAD c:/program files (x86)/gnu arm embedded toolchain/9 2020-q2-update/bin/../lib/gcc/arm-none-eabi/9.3.1/../../../../arm-none-eabi/lib/thumb/v7e-m/nofp/crt0.o
LOAD _build/nrf52810_xxaa/gcc_startup_nrf52810.S.o
LOAD _build/nrf52810_xxaa/nrf_log_backend_rtt.c.o
LOAD _build/nrf52810_xxaa/nrf_log_backend_serial.c.o
LOAD _build/nrf52810_xxaa/nrf_log_backend_uart.c.o
LOAD _build/nrf52810_xxaa/nrf_log_default_backends.c.o
LOAD _build/nrf52810_xxaa/nrf_log_frontend.c.o
LOAD _build/nrf52810_xxaa/nrf_log_str_formatter.c.o
LOAD _build/nrf52810_xxaa/app_button.c.o
LOAD _build/nrf52810_xxaa/app_error.c.o
LOAD _build/nrf52810_xxaa/app_error_handler_gcc.c.o
LOAD _build/nrf52810_xxaa/app_error_weak.c.o
LOAD _build/nrf52810_xxaa/app_scheduler.c.o
LOAD _build/nrf52810_xxaa/app_timer2.c.o
LOAD _build/nrf52810_xxaa/app_util_platform.c.o
LOAD _build/nrf52810_xxaa/drv_rtc.c.o
LOAD _build/nrf52810_xxaa/hardfault_implementation.c.o
LOAD _build/nrf52810_xxaa/nrf_assert.c.o
LOAD _build/nrf52810_xxaa/nrf_atfifo.c.o
LOAD _build/nrf52810_xxaa/nrf_atomic.c.o
LOAD _build/nrf52810_xxaa/nrf_balloc.c.o
LOAD _build/nrf52810_xxaa/nrf_fprintf.c.o
LOAD _build/nrf52810_xxaa/nrf_fprintf_format.c.o
LOAD _build/nrf52810_xxaa/nrf_memobj.c.o
LOAD _build/nrf52810_xxaa/nrf_pwr_mgmt.c.o
LOAD _build/nrf52810_xxaa/nrf_ringbuf.c.o
LOAD _build/nrf52810_xxaa/nrf_section_iter.c.o
LOAD _build/nrf52810_xxaa/nrf_sortlist.c.o
LOAD _build/nrf52810_xxaa/nrf_strerror.c.o
LOAD _build/nrf52810_xxaa/system_nrf52810.c.o
LOAD _build/nrf52810_xxaa/boards.c.o
LOAD _build/nrf52810_xxaa/nrf_drv_clock.c.o
LOAD _build/nrf52810_xxaa/nrf_drv_uart.c.o
LOAD _build/nrf52810_xxaa/nrfx_atomic.c.o
LOAD _build/nrf52810_xxaa/nrfx_clock.c.o
LOAD _build/nrf52810_xxaa/nrfx_gpiote.c.o
LOAD _build/nrf52810_xxaa/nrfx_prs.c.o
LOAD _build/nrf52810_xxaa/nrfx_uart.c.o
LOAD _build/nrf52810_xxaa/nrfx_uarte.c.o
LOAD _build/nrf52810_xxaa/bsp.c.o
LOAD _build/nrf52810_xxaa/main.c.o
LOAD _build/nrf52810_xxaa/SEGGER_RTT.c.o
LOAD _build/nrf52810_xxaa/SEGGER_RTT_Syscalls_GCC.c.o
LOAD _build/nrf52810_xxaa/SEGGER_RTT_printf.c.o
LOAD _build/nrf52810_xxaa/ble_advdata.c.o
LOAD _build/nrf52810_xxaa/ble_srv_common.c.o
LOAD _build/nrf52810_xxaa/utf.c.o
LOAD _build/nrf52810_xxaa/nrf_sdh.c.o
LOAD _build/nrf52810_xxaa/nrf_sdh_ble.c.o
LOAD _build/nrf52810_xxaa/nrf_sdh_soc.c.o
LOAD c:/program files (x86)/gnu arm embedded toolchain/9 2020-q2-update/bin/../lib/gcc/arm-none-eabi/9.3.1/../../../../arm-none-eabi/lib/thumb/v7e-m/nofp\libc_nano.a
LOAD c:/program files (x86)/gnu arm embedded toolchain/9 2020-q2-update/bin/../lib/gcc/arm-none-eabi/9.3.1/../../../../arm-none-eabi/lib/thumb/v7e-m/nofp\libnosys.a
LOAD c:/program files (x86)/gnu arm embedded toolchain/9 2020-q2-update/bin/../lib/gcc/arm-none-eabi/9.3.1/../../../../arm-none-eabi/lib/thumb/v7e-m/nofp\libm.a
START GROUP
LOAD c:/program files (x86)/gnu arm embedded toolchain/9 2020-q2-update/bin/../lib/gcc/arm-none-eabi/9.3.1/thumb/v7e-m/nofp\libgcc.a
LOAD c:/program files (x86)/gnu arm embedded toolchain/9 2020-q2-update/bin/../lib/gcc/arm-none-eabi/9.3.1/../../../../arm-none-eabi/lib/thumb/v7e-m/nofp\libg_nano.a
LOAD c:/program files (x86)/gnu arm embedded toolchain/9 2020-q2-update/bin/../lib/gcc/arm-none-eabi/9.3.1/../../../../arm-none-eabi/lib/thumb/v7e-m/nofp\libc_nano.a
END GROUP
START GROUP
LOAD c:/program files (x86)/gnu arm embedded toolchain/9 2020-q2-update/bin/../lib/gcc/arm-none-eabi/9.3.1/thumb/v7e-m/nofp\libgcc.a
LOAD c:/program files (x86)/gnu arm embedded toolchain/9 2020-q2-update/bin/../lib/gcc/arm-none-eabi/9.3.1/../../../../arm-none-eabi/lib/thumb/v7e-m/nofp\libc_nano.a
END GROUP
LOAD c:/program files (x86)/gnu arm embedded toolchain/9 2020-q2-update/bin/../lib/gcc/arm-none-eabi/9.3.1/thumb/v7e-m/nofp/crtend.o
LOAD c:/program files (x86)/gnu arm embedded toolchain/9 2020-q2-update/bin/../lib/gcc/arm-none-eabi/9.3.1/thumb/v7e-m/nofp/crtn.o
START GROUP
LOAD c:/program files (x86)/gnu arm embedded toolchain/9 2020-q2-update/bin/../lib/gcc/arm-none-eabi/9.3.1/thumb/v7e-m/nofp\libgcc.a
LOAD c:/program files (x86)/gnu arm embedded toolchain/9 2020-q2-update/bin/../lib/gcc/arm-none-eabi/9.3.1/../../../../arm-none-eabi/lib/thumb/v7e-m/nofp\libc.a
LOAD c:/program files (x86)/gnu arm embedded toolchain/9 2020-q2-update/bin/../lib/gcc/arm-none-eabi/9.3.1/../../../../arm-none-eabi/lib/thumb/v7e-m/nofp\libnosys.a
END GROUP

.igot.plt       0x200011c0        0x0 load address 0x0001d834
 .igot.plt      0x200011c0        0x0 c:/program files (x86)/gnu arm embedded toolchain/9 2020-q2-update/bin/../lib/gcc/arm-none-eabi/9.3.1/thumb/v7e-m/nofp/crtbegin.o
                0x200011c0                . = ALIGN (0x4)

.mem_section_dummy_ram

.cli_sorted_cmd_ptrs
                0x200011c0        0x0
                [!provide]                PROVIDE (__start_cli_sorted_cmd_ptrs = .)
 *(.cli_sorted_cmd_ptrs)
                [!provide]                PROVIDE (__stop_cli_sorted_cmd_ptrs = .)

.fs_data        0x200011c0        0x0
                [!provide]                PROVIDE (__start_fs_data = .)
 *(.fs_data)
                [!provide]                PROVIDE (__stop_fs_data = .)

.log_dynamic_data
                0x200011c0        0x0
                0x200011c0                PROVIDE (__start_log_dynamic_data = .)
 *(SORT_BY_NAME(.log_dynamic_data*))
                [!provide]                PROVIDE (__stop_log_dynamic_data = .)

.log_filter_data
                0x200011c0        0x0
                [!provide]                PROVIDE (__start_log_filter_data = .)
 *(SORT_BY_NAME(.log_filter_data*))
                [!provide]                PROVIDE (__stop_log_filter_data = .)

.bss            0x200011c0      0x81c load address 0x0001d838
                0x200011c0                . = ALIGN (0x4)
                0x200011c0                __bss_start__ = .
 *(.bss*)
 .bss           0x200011c0       0x1c c:/program files (x86)/gnu arm embedded toolchain/9 2020-q2-update/bin/../lib/gcc/arm-none-eabi/9.3.1/thumb/v7e-m/nofp/crtbegin.o
 .bss.m_async_mode
                0x200011dc        0x1 _build/nrf52810_xxaa/nrf_log_backend_uart.c.o
 .bss.m_string_buff
                0x200011dd       0x40 _build/nrf52810_xxaa/nrf_log_backend_uart.c.o
 .bss.m_xfer_done
                0x2000121d        0x1 _build/nrf52810_xxaa/nrf_log_backend_uart.c.o
 *fill*         0x2000121e        0x2 
 .bss.log_mempool_nrf_balloc_cb
                0x20001220        0x8 _build/nrf52810_xxaa/nrf_log_frontend.c.o
 .bss.log_mempool_nrf_balloc_pool_mem
                0x20001228       0xc0 _build/nrf52810_xxaa/nrf_log_frontend.c.o
 .bss.log_mempool_nrf_balloc_pool_stack
                0x200012e8        0x8 _build/nrf52810_xxaa/nrf_log_frontend.c.o
 .bss.m_log_data
                0x200012f0      0x420 _build/nrf52810_xxaa/nrf_log_frontend.c.o
 .bss.m_log_push_ringbuf_buf
                0x20001710       0x80 _build/nrf52810_xxaa/nrf_log_frontend.c.o
 .bss.m_log_push_ringbuf_cb
                0x20001790       0x18 _build/nrf52810_xxaa/nrf_log_frontend.c.o
 .bss.m_app_timer_sortlist_sortlist_cb
                0x200017a8        0x4 _build/nrf52810_xxaa/app_timer2.c.o
 *fill*         0x200017ac        0x4 
 .bss.m_base_counter
                0x200017b0        0x8 _build/nrf52810_xxaa/app_timer2.c.o
 .bss.m_global_active
                0x200017b8        0x1 _build/nrf52810_xxaa/app_timer2.c.o
 *fill*         0x200017b9        0x3 
 .bss.m_req_fifo_data
                0x200017bc       0x58 _build/nrf52810_xxaa/app_timer2.c.o
 .bss.m_req_fifo_inst
                0x20001814       0x10 _build/nrf52810_xxaa/app_timer2.c.o
 *fill*         0x20001824        0x4 
 .bss.m_stamp64
                0x20001828        0x8 _build/nrf52810_xxaa/app_timer2.c.o
 .bss.mp_active_timer
                0x20001830        0x4 _build/nrf52810_xxaa/app_timer2.c.o
 .bss.m_cb      0x20001834        0x8 _build/nrf52810_xxaa/drv_rtc.c.o
 .bss.m_handlers
                0x2000183c        0x4 _build/nrf52810_xxaa/drv_rtc.c.o
 .bss.m_handlers_iter
                0x20001840        0x8 _build/nrf52810_xxaa/nrf_pwr_mgmt.c.o
 .bss.m_shutdown_started
                0x20001848        0x1 _build/nrf52810_xxaa/nrf_pwr_mgmt.c.o
 *fill*         0x20001849        0x3 
 .bss.m_sysoff_mtx
                0x2000184c        0x4 _build/nrf52810_xxaa/nrf_pwr_mgmt.c.o
 .bss.m_clock_cb
                0x20001850       0x14 _build/nrf52810_xxaa/nrf_drv_clock.c.o
 .bss.m_contexts
                0x20001864        0x4 _build/nrf52810_xxaa/nrf_drv_uart.c.o
 .bss.m_handlers
                0x20001868        0x4 _build/nrf52810_xxaa/nrf_drv_uart.c.o
 .bss.m_clock_cb
                0x2000186c        0x8 _build/nrf52810_xxaa/nrfx_clock.c.o
 .bss.m_cb      0x20001874       0x5c _build/nrf52810_xxaa/nrfx_gpiote.c.o
 .bss.m_prs_box_2
                0x200018d0        0x8 _build/nrf52810_xxaa/nrfx_prs.c.o
 .bss.m_cb      0x200018d8       0x2c _build/nrf52810_xxaa/nrfx_uart.c.o
 .bss.m_cb      0x20001904       0x24 _build/nrf52810_xxaa/nrfx_uarte.c.o
 .bss.Clear_event_timer_data
                0x20001928       0x20 _build/nrf52810_xxaa/main.c.o
 .bss.Sip_timer_data
                0x20001948       0x20 _build/nrf52810_xxaa/main.c.o
 .bss.Still_alive_event_timer_data
                0x20001968       0x20 _build/nrf52810_xxaa/main.c.o
 .bss.event_counter
                0x20001988        0x4 _build/nrf52810_xxaa/main.c.o
 .bss.last_state
                0x2000198c        0x1 _build/nrf52810_xxaa/main.c.o
 *fill*         0x2000198d        0x3 
 .bss.m_adv_params
                0x20001990       0x18 _build/nrf52810_xxaa/main.c.o
 .bss.m_enc_advdata
                0x200019a8       0x1f _build/nrf52810_xxaa/main.c.o
 .bss.m_nrf_sdh_continue
                0x200019c7        0x1 _build/nrf52810_xxaa/nrf_sdh.c.o
 .bss.m_nrf_sdh_enabled
                0x200019c8        0x1 _build/nrf52810_xxaa/nrf_sdh.c.o
 .bss.m_nrf_sdh_suspended
                0x200019c9        0x1 _build/nrf52810_xxaa/nrf_sdh.c.o
 .bss.m_stack_is_enabled
                0x200019ca        0x1 _build/nrf52810_xxaa/nrf_sdh_ble.c.o
 *(COMMON)
 *fill*         0x200019cb        0x1 
 COMMON         0x200019cc        0xc _build/nrf52810_xxaa/app_util_platform.c.o
                0x200019cc                nrf_nvic_state
 COMMON         0x200019d8        0x1 _build/nrf52810_xxaa/nrf_drv_uart.c.o
                0x200019d8                nrf_drv_uart_use_easy_dma
                0x200019dc                . = ALIGN (0x4)
 *fill*         0x200019d9        0x3 
                0x200019dc                __bss_end__ = .

.heap           0x200019e0      0x800
                0x200019e0                __HeapBase = .
                0x200019e0                __end__ = .
                [!provide]                PROVIDE (end = .)
 *(.heap*)
 .heap          0x200019e0      0x800 _build/nrf52810_xxaa/gcc_startup_nrf52810.S.o
                0x200021e0                __HeapLimit = .

.stack_dummy    0x200019e0      0x800
 *(.stack*)
 .stack         0x200019e0      0x800 _build/nrf52810_xxaa/gcc_startup_nrf52810.S.o
                0x20006000                __StackTop = (ORIGIN (RAM) + LENGTH (RAM))
                0x20005800                __StackLimit = (__StackTop - SIZEOF (.stack_dummy))
                0x20006000                PROVIDE (__stack = __StackTop)
                0x00000001                ASSERT ((__StackLimit >= __HeapLimit), region RAM overflowed with stack)
                0x000000a8                DataInitFlashUsed = (__bss_start__ - __data_start__)
                0x0000478c                CodeFlashUsed = (__etext - ORIGIN (FLASH))
                0x00004834                TotalFlashUsed = (CodeFlashUsed + DataInitFlashUsed)
                0x00000001                ASSERT ((TotalFlashUsed <= LENGTH (FLASH)), region FLASH overflowed with .data and user data)
OUTPUT(_build/nrf52810_xxaa.out elf32-littlearm)
LOAD linker stubs

.ARM.attributes
                0x00000000       0x2a
 .ARM.attributes
                0x00000000       0x1e c:/program files (x86)/gnu arm embedded toolchain/9 2020-q2-update/bin/../lib/gcc/arm-none-eabi/9.3.1/thumb/v7e-m/nofp/crti.o
 .ARM.attributes
                0x0000001e       0x2e c:/program files (x86)/gnu arm embedded toolchain/9 2020-q2-update/bin/../lib/gcc/arm-none-eabi/9.3.1/thumb/v7e-m/nofp/crtbegin.o
 .ARM.attributes
                0x0000004c       0x1c c:/program files (x86)/gnu arm embedded toolchain/9 2020-q2-update/bin/../lib/gcc/arm-none-eabi/9.3.1/../../../../arm-none-eabi/lib/thumb/v7e-m/nofp/crt0.o
 .ARM.attributes
                0x00000068       0x1c _build/nrf52810_xxaa/gcc_startup_nrf52810.S.o
 .ARM.attributes
                0x00000084       0x2e _build/nrf52810_xxaa/nrf_log_backend_serial.c.o
 .ARM.attributes
                0x000000b2       0x2e _build/nrf52810_xxaa/nrf_log_backend_uart.c.o
 .ARM.attributes
                0x000000e0       0x2e _build/nrf52810_xxaa/nrf_log_default_backends.c.o
 .ARM.attributes
                0x0000010e       0x2e _build/nrf52810_xxaa/nrf_log_frontend.c.o
 .ARM.attributes
                0x0000013c       0x2e _build/nrf52810_xxaa/nrf_log_str_formatter.c.o
 .ARM.attributes
                0x0000016a       0x2e _build/nrf52810_xxaa/app_button.c.o
 .ARM.attributes
                0x00000198       0x2e _build/nrf52810_xxaa/app_error.c.o
 .ARM.attributes
                0x000001c6       0x2e _build/nrf52810_xxaa/app_error_weak.c.o
 .ARM.attributes
                0x000001f4       0x2e _build/nrf52810_xxaa/app_timer2.c.o
 .ARM.attributes
                0x00000222       0x2e _build/nrf52810_xxaa/app_util_platform.c.o
 .ARM.attributes
                0x00000250       0x2e _build/nrf52810_xxaa/drv_rtc.c.o
 .ARM.attributes
                0x0000027e       0x2e _build/nrf52810_xxaa/nrf_atfifo.c.o
 .ARM.attributes
                0x000002ac       0x2e _build/nrf52810_xxaa/nrf_atomic.c.o
 .ARM.attributes
                0x000002da       0x2e _build/nrf52810_xxaa/nrf_balloc.c.o
 .ARM.attributes
                0x00000308       0x2e _build/nrf52810_xxaa/nrf_fprintf.c.o
 .ARM.attributes
                0x00000336       0x2e _build/nrf52810_xxaa/nrf_fprintf_format.c.o
 .ARM.attributes
                0x00000364       0x2e _build/nrf52810_xxaa/nrf_memobj.c.o
 .ARM.attributes
                0x00000392       0x2e _build/nrf52810_xxaa/nrf_pwr_mgmt.c.o
 .ARM.attributes
                0x000003c0       0x2e _build/nrf52810_xxaa/nrf_ringbuf.c.o
 .ARM.attributes
                0x000003ee       0x2e _build/nrf52810_xxaa/nrf_section_iter.c.o
 .ARM.attributes
                0x0000041c       0x2e _build/nrf52810_xxaa/nrf_sortlist.c.o
 .ARM.attributes
                0x0000044a       0x2e _build/nrf52810_xxaa/nrf_strerror.c.o
 .ARM.attributes
                0x00000478       0x2e _build/nrf52810_xxaa/system_nrf52810.c.o
 .ARM.attributes
                0x000004a6       0x2e _build/nrf52810_xxaa/nrf_drv_clock.c.o
 .ARM.attributes
                0x000004d4       0x2e _build/nrf52810_xxaa/nrf_drv_uart.c.o
 .ARM.attributes
                0x00000502       0x2e _build/nrf52810_xxaa/nrfx_clock.c.o
 .ARM.attributes
                0x00000530       0x2e _build/nrf52810_xxaa/nrfx_gpiote.c.o
 .ARM.attributes
                0x0000055e       0x2e _build/nrf52810_xxaa/nrfx_prs.c.o
 .ARM.attributes
                0x0000058c       0x2e _build/nrf52810_xxaa/nrfx_uart.c.o
 .ARM.attributes
                0x000005ba       0x2e _build/nrf52810_xxaa/nrfx_uarte.c.o
 .ARM.attributes
                0x000005e8       0x2e _build/nrf52810_xxaa/main.c.o
 .ARM.attributes
                0x00000616       0x2e _build/nrf52810_xxaa/ble_advdata.c.o
 .ARM.attributes
                0x00000644       0x2e _build/nrf52810_xxaa/nrf_sdh.c.o
 .ARM.attributes
                0x00000672       0x2e _build/nrf52810_xxaa/nrf_sdh_ble.c.o
 .ARM.attributes
                0x000006a0       0x2e _build/nrf52810_xxaa/nrf_sdh_soc.c.o
 .ARM.attributes
                0x000006ce       0x2e c:/program files (x86)/gnu arm embedded toolchain/9 2020-q2-update/bin/../lib/gcc/arm-none-eabi/9.3.1/../../../../arm-none-eabi/lib/thumb/v7e-m/nofp\libc_nano.a(lib_a-ctype_.o)
 .ARM.attributes
                0x000006fc       0x2e c:/program files (x86)/gnu arm embedded toolchain/9 2020-q2-update/bin/../lib/gcc/arm-none-eabi/9.3.1/../../../../arm-none-eabi/lib/thumb/v7e-m/nofp\libc_nano.a(lib_a-exit.o)
 .ARM.attributes
                0x0000072a       0x2e c:/program files (x86)/gnu arm embedded toolchain/9 2020-q2-update/bin/../lib/gcc/arm-none-eabi/9.3.1/../../../../arm-none-eabi/lib/thumb/v7e-m/nofp\libc_nano.a(lib_a-impure.o)
 .ARM.attributes
                0x00000758       0x2e c:/program files (x86)/gnu arm embedded toolchain/9 2020-q2-update/bin/../lib/gcc/arm-none-eabi/9.3.1/../../../../arm-none-eabi/lib/thumb/v7e-m/nofp\libc_nano.a(lib_a-init.o)
 .ARM.attributes
                0x00000786       0x2e c:/program files (x86)/gnu arm embedded toolchain/9 2020-q2-update/bin/../lib/gcc/arm-none-eabi/9.3.1/../../../../arm-none-eabi/lib/thumb/v7e-m/nofp\libc_nano.a(lib_a-memcpy-stub.o)
 .ARM.attributes
                0x000007b4       0x2e c:/program files (x86)/gnu arm embedded toolchain/9 2020-q2-update/bin/../lib/gcc/arm-none-eabi/9.3.1/../../../../arm-none-eabi/lib/thumb/v7e-m/nofp\libc_nano.a(lib_a-memset.o)
 .ARM.attributes
                0x000007e2       0x17 c:/program files (x86)/gnu arm embedded toolchain/9 2020-q2-update/bin/../lib/gcc/arm-none-eabi/9.3.1/../../../../arm-none-eabi/lib/thumb/v7e-m/nofp\libc_nano.a(lib_a-strlen.o)
 .ARM.attributes
                0x000007f9       0x2e c:/program files (x86)/gnu arm embedded toolchain/9 2020-q2-update/bin/../lib/gcc/arm-none-eabi/9.3.1/../../../../arm-none-eabi/lib/thumb/v7e-m/nofp\libnosys.a(_exit.o)
 .ARM.attributes
                0x00000827       0x2e c:/program files (x86)/gnu arm embedded toolchain/9 2020-q2-update/bin/../lib/gcc/arm-none-eabi/9.3.1/thumb/v7e-m/nofp/crtend.o
 .ARM.attributes
                0x00000855       0x1e c:/program files (x86)/gnu arm embedded toolchain/9 2020-q2-update/bin/../lib/gcc/arm-none-eabi/9.3.1/thumb/v7e-m/nofp/crtn.o

.comment        0x00000000       0x4c
 .comment       0x00000000       0x4c _build/nrf52810_xxaa/nrf_log_backend_serial.c.o
                                 0x4d (size before relaxing)
 .comment       0x0000004c       0x4d _build/nrf52810_xxaa/nrf_log_backend_uart.c.o
 .comment       0x0000004c       0x4d _build/nrf52810_xxaa/nrf_log_default_backends.c.o
 .comment       0x0000004c       0x4d _build/nrf52810_xxaa/nrf_log_frontend.c.o
 .comment       0x0000004c       0x4d _build/nrf52810_xxaa/nrf_log_str_formatter.c.o
 .comment       0x0000004c       0x4d _build/nrf52810_xxaa/app_button.c.o
 .comment       0x0000004c       0x4d _build/nrf52810_xxaa/app_error.c.o
 .comment       0x0000004c       0x4d _build/nrf52810_xxaa/app_error_weak.c.o
 .comment       0x0000004c       0x4d _build/nrf52810_xxaa/app_timer2.c.o
 .comment       0x0000004c       0x4d _build/nrf52810_xxaa/app_util_platform.c.o
 .comment       0x0000004c       0x4d _build/nrf52810_xxaa/drv_rtc.c.o
 .comment       0x0000004c       0x4d _build/nrf52810_xxaa/nrf_atfifo.c.o
 .comment       0x0000004c       0x4d _build/nrf52810_xxaa/nrf_atomic.c.o
 .comment       0x0000004c       0x4d _build/nrf52810_xxaa/nrf_balloc.c.o
 .comment       0x0000004c       0x4d _build/nrf52810_xxaa/nrf_fprintf.c.o
 .comment       0x0000004c       0x4d _build/nrf52810_xxaa/nrf_fprintf_format.c.o
 .comment       0x0000004c       0x4d _build/nrf52810_xxaa/nrf_memobj.c.o
 .comment       0x0000004c       0x4d _build/nrf52810_xxaa/nrf_pwr_mgmt.c.o
 .comment       0x0000004c       0x4d _build/nrf52810_xxaa/nrf_ringbuf.c.o
 .comment       0x0000004c       0x4d _build/nrf52810_xxaa/nrf_section_iter.c.o
 .comment       0x0000004c       0x4d _build/nrf52810_xxaa/nrf_sortlist.c.o
 .comment       0x0000004c       0x4d _build/nrf52810_xxaa/nrf_strerror.c.o
 .comment       0x0000004c       0x4d _build/nrf52810_xxaa/system_nrf52810.c.o
 .comment       0x0000004c       0x4d _build/nrf52810_xxaa/nrf_drv_clock.c.o
 .comment       0x0000004c       0x4d _build/nrf52810_xxaa/nrf_drv_uart.c.o
 .comment       0x0000004c       0x4d _build/nrf52810_xxaa/nrfx_clock.c.o
 .comment       0x0000004c       0x4d _build/nrf52810_xxaa/nrfx_gpiote.c.o
 .comment       0x0000004c       0x4d _build/nrf52810_xxaa/nrfx_prs.c.o
 .comment       0x0000004c       0x4d _build/nrf52810_xxaa/nrfx_uart.c.o
 .comment       0x0000004c       0x4d _build/nrf52810_xxaa/nrfx_uarte.c.o
 .comment       0x0000004c       0x4d _build/nrf52810_xxaa/main.c.o
 .comment       0x0000004c       0x4d _build/nrf52810_xxaa/ble_advdata.c.o
 .comment       0x0000004c       0x4d _build/nrf52810_xxaa/nrf_sdh.c.o
 .comment       0x0000004c       0x4d _build/nrf52810_xxaa/nrf_sdh_ble.c.o
 .comment       0x0000004c       0x4d _build/nrf52810_xxaa/nrf_sdh_soc.c.o

.debug_line     0x00000000    0x1bf07
 .debug_line    0x00000000       0x9d _build/nrf52810_xxaa/gcc_startup_nrf52810.S.o
 .debug_line    0x0000009d      0x93f _build/nrf52810_xxaa/nrf_log_backend_serial.c.o
 .debug_line    0x000009dc      0xc15 _build/nrf52810_xxaa/nrf_log_backend_uart.c.o
 .debug_line    0x000015f1      0x839 _build/nrf52810_xxaa/nrf_log_default_backends.c.o
 .debug_line    0x00001e2a     0x14b7 _build/nrf52810_xxaa/nrf_log_frontend.c.o
 .debug_line    0x000032e1      0xa54 _build/nrf52810_xxaa/nrf_log_str_formatter.c.o
 .debug_line    0x00003d35      0xf95 _build/nrf52810_xxaa/app_button.c.o
 .debug_line    0x00004cca      0x5e8 _build/nrf52810_xxaa/app_error.c.o
 .debug_line    0x000052b2      0x93b _build/nrf52810_xxaa/app_error_weak.c.o
 .debug_line    0x00005bed      0xfd9 _build/nrf52810_xxaa/app_timer2.c.o
 .debug_line    0x00006bc6      0x834 _build/nrf52810_xxaa/app_util_platform.c.o
 .debug_line    0x000073fa     0x13be _build/nrf52810_xxaa/drv_rtc.c.o
 .debug_line    0x000087b8      0x9b0 _build/nrf52810_xxaa/nrf_atfifo.c.o
 .debug_line    0x00009168      0x8db _build/nrf52810_xxaa/nrf_atomic.c.o
 .debug_line    0x00009a43      0x950 _build/nrf52810_xxaa/nrf_balloc.c.o
 .debug_line    0x0000a393      0x619 _build/nrf52810_xxaa/nrf_fprintf.c.o
 .debug_line    0x0000a9ac      0xa5d _build/nrf52810_xxaa/nrf_fprintf_format.c.o
 .debug_line    0x0000b409      0xa99 _build/nrf52810_xxaa/nrf_memobj.c.o
 .debug_line    0x0000bea2      0xe39 _build/nrf52810_xxaa/nrf_pwr_mgmt.c.o
 .debug_line    0x0000ccdb      0xa3c _build/nrf52810_xxaa/nrf_ringbuf.c.o
 .debug_line    0x0000d717      0x633 _build/nrf52810_xxaa/nrf_section_iter.c.o
 .debug_line    0x0000dd4a      0x80a _build/nrf52810_xxaa/nrf_sortlist.c.o
 .debug_line    0x0000e554      0x60d _build/nrf52810_xxaa/nrf_strerror.c.o
 .debug_line    0x0000eb61      0x95c _build/nrf52810_xxaa/system_nrf52810.c.o
 .debug_line    0x0000f4bd     0x1064 _build/nrf52810_xxaa/nrf_drv_clock.c.o
 .debug_line    0x00010521      0x8ee _build/nrf52810_xxaa/nrf_drv_uart.c.o
 .debug_line    0x00010e0f      0xe9a _build/nrf52810_xxaa/nrfx_clock.c.o
 .debug_line    0x00011ca9     0x1e90 _build/nrf52810_xxaa/nrfx_gpiote.c.o
 .debug_line    0x00013b39      0x9da _build/nrf52810_xxaa/nrfx_prs.c.o
 .debug_line    0x00014513     0x1a30 _build/nrf52810_xxaa/nrfx_uart.c.o
 .debug_line    0x00015f43     0x19b1 _build/nrf52810_xxaa/nrfx_uarte.c.o
 .debug_line    0x000178f4     0x140a _build/nrf52810_xxaa/main.c.o
 .debug_line    0x00018cfe     0x1162 _build/nrf52810_xxaa/ble_advdata.c.o
 .debug_line    0x00019e60      0xce4 _build/nrf52810_xxaa/nrf_sdh.c.o
 .debug_line    0x0001ab44      0xb89 _build/nrf52810_xxaa/nrf_sdh_ble.c.o
 .debug_line    0x0001b6cd      0x83a _build/nrf52810_xxaa/nrf_sdh_soc.c.o

.debug_info     0x00000000    0x3959a
 .debug_info    0x00000000       0x26 _build/nrf52810_xxaa/gcc_startup_nrf52810.S.o
 .debug_info    0x00000026     0x1224 _build/nrf52810_xxaa/nrf_log_backend_serial.c.o
 .debug_info    0x0000124a     0x1c4a _build/nrf52810_xxaa/nrf_log_backend_uart.c.o
 .debug_info    0x00002e94      0xd9e _build/nrf52810_xxaa/nrf_log_default_backends.c.o
 .debug_info    0x00003c32     0x2d4a _build/nrf52810_xxaa/nrf_log_frontend.c.o
 .debug_info    0x0000697c     0x13b4 _build/nrf52810_xxaa/nrf_log_str_formatter.c.o
 .debug_info    0x00007d30     0x1650 _build/nrf52810_xxaa/app_button.c.o
 .debug_info    0x00009380      0xb94 _build/nrf52810_xxaa/app_error.c.o
 .debug_info    0x00009f14     0x1006 _build/nrf52810_xxaa/app_error_weak.c.o
 .debug_info    0x0000af1a     0x1edf _build/nrf52810_xxaa/app_timer2.c.o
 .debug_info    0x0000cdf9     0x12c1 _build/nrf52810_xxaa/app_util_platform.c.o
 .debug_info    0x0000e0ba     0x29bb _build/nrf52810_xxaa/drv_rtc.c.o
 .debug_info    0x00010a75     0x12eb _build/nrf52810_xxaa/nrf_atfifo.c.o
 .debug_info    0x00011d60     0x1240 _build/nrf52810_xxaa/nrf_atomic.c.o
 .debug_info    0x00012fa0      0xe8e _build/nrf52810_xxaa/nrf_balloc.c.o
 .debug_info    0x00013e2e      0xb51 _build/nrf52810_xxaa/nrf_fprintf.c.o
 .debug_info    0x0001497f     0x1032 _build/nrf52810_xxaa/nrf_fprintf_format.c.o
 .debug_info    0x000159b1     0x1373 _build/nrf52810_xxaa/nrf_memobj.c.o
 .debug_info    0x00016d24     0x1979 _build/nrf52810_xxaa/nrf_pwr_mgmt.c.o
 .debug_info    0x0001869d      0xfa1 _build/nrf52810_xxaa/nrf_ringbuf.c.o
 .debug_info    0x0001963e      0xac1 _build/nrf52810_xxaa/nrf_section_iter.c.o
 .debug_info    0x0001a0ff      0xd6d _build/nrf52810_xxaa/nrf_sortlist.c.o
 .debug_info    0x0001ae6c      0xafa _build/nrf52810_xxaa/nrf_strerror.c.o
 .debug_info    0x0001b966     0x13ec _build/nrf52810_xxaa/system_nrf52810.c.o
 .debug_info    0x0001cd52     0x1fd9 _build/nrf52810_xxaa/nrf_drv_clock.c.o
 .debug_info    0x0001ed2b     0x1b09 _build/nrf52810_xxaa/nrf_drv_uart.c.o
 .debug_info    0x00020834     0x1b77 _build/nrf52810_xxaa/nrfx_clock.c.o
 .debug_info    0x000223ab     0x3f64 _build/nrf52810_xxaa/nrfx_gpiote.c.o
 .debug_info    0x0002630f     0x11fb _build/nrf52810_xxaa/nrfx_prs.c.o
 .debug_info    0x0002750a     0x3ba7 _build/nrf52810_xxaa/nrfx_uart.c.o
 .debug_info    0x0002b0b1     0x3d58 _build/nrf52810_xxaa/nrfx_uarte.c.o
 .debug_info    0x0002ee09     0x29c1 _build/nrf52810_xxaa/main.c.o
 .debug_info    0x000317ca     0x2426 _build/nrf52810_xxaa/ble_advdata.c.o
 .debug_info    0x00033bf0     0x1b63 _build/nrf52810_xxaa/nrf_sdh.c.o
 .debug_info    0x00035753     0x2edb _build/nrf52810_xxaa/nrf_sdh_ble.c.o
 .debug_info    0x0003862e      0xf6c _build/nrf52810_xxaa/nrf_sdh_soc.c.o

.debug_abbrev   0x00000000     0x8b42
 .debug_abbrev  0x00000000       0x14 _build/nrf52810_xxaa/gcc_startup_nrf52810.S.o
 .debug_abbrev  0x00000014      0x2cc _build/nrf52810_xxaa/nrf_log_backend_serial.c.o
 .debug_abbrev  0x000002e0      0x3e3 _build/nrf52810_xxaa/nrf_log_backend_uart.c.o
 .debug_abbrev  0x000006c3      0x294 _build/nrf52810_xxaa/nrf_log_default_backends.c.o
 .debug_abbrev  0x00000957      0x66a _build/nrf52810_xxaa/nrf_log_frontend.c.o
 .debug_abbrev  0x00000fc1      0x33a _build/nrf52810_xxaa/nrf_log_str_formatter.c.o
 .debug_abbrev  0x000012fb      0x46f _build/nrf52810_xxaa/app_button.c.o
 .debug_abbrev  0x0000176a      0x276 _build/nrf52810_xxaa/app_error.c.o
 .debug_abbrev  0x000019e0      0x2fd _build/nrf52810_xxaa/app_error_weak.c.o
 .debug_abbrev  0x00001cdd      0x55b _build/nrf52810_xxaa/app_timer2.c.o
 .debug_abbrev  0x00002238      0x3f9 _build/nrf52810_xxaa/app_util_platform.c.o
 .debug_abbrev  0x00002631      0x5c5 _build/nrf52810_xxaa/drv_rtc.c.o
 .debug_abbrev  0x00002bf6      0x34a _build/nrf52810_xxaa/nrf_atfifo.c.o
 .debug_abbrev  0x00002f40      0x309 _build/nrf52810_xxaa/nrf_atomic.c.o
 .debug_abbrev  0x00003249      0x34f _build/nrf52810_xxaa/nrf_balloc.c.o
 .debug_abbrev  0x00003598      0x27d _build/nrf52810_xxaa/nrf_fprintf.c.o
 .debug_abbrev  0x00003815      0x3f4 _build/nrf52810_xxaa/nrf_fprintf_format.c.o
 .debug_abbrev  0x00003c09      0x30b _build/nrf52810_xxaa/nrf_memobj.c.o
 .debug_abbrev  0x00003f14      0x4b6 _build/nrf52810_xxaa/nrf_pwr_mgmt.c.o
 .debug_abbrev  0x000043ca      0x296 _build/nrf52810_xxaa/nrf_ringbuf.c.o
 .debug_abbrev  0x00004660      0x206 _build/nrf52810_xxaa/nrf_section_iter.c.o
 .debug_abbrev  0x00004866      0x284 _build/nrf52810_xxaa/nrf_sortlist.c.o
 .debug_abbrev  0x00004aea      0x250 _build/nrf52810_xxaa/nrf_strerror.c.o
 .debug_abbrev  0x00004d3a      0x2b9 _build/nrf52810_xxaa/system_nrf52810.c.o
 .debug_abbrev  0x00004ff3      0x612 _build/nrf52810_xxaa/nrf_drv_clock.c.o
 .debug_abbrev  0x00005605      0x2da _build/nrf52810_xxaa/nrf_drv_uart.c.o
 .debug_abbrev  0x000058df      0x557 _build/nrf52810_xxaa/nrfx_clock.c.o
 .debug_abbrev  0x00005e36      0x688 _build/nrf52810_xxaa/nrfx_gpiote.c.o
 .debug_abbrev  0x000064be      0x37a _build/nrf52810_xxaa/nrfx_prs.c.o
 .debug_abbrev  0x00006838      0x629 _build/nrf52810_xxaa/nrfx_uart.c.o
 .debug_abbrev  0x00006e61      0x598 _build/nrf52810_xxaa/nrfx_uarte.c.o
 .debug_abbrev  0x000073f9      0x570 _build/nrf52810_xxaa/main.c.o
 .debug_abbrev  0x00007969      0x4c0 _build/nrf52810_xxaa/ble_advdata.c.o
 .debug_abbrev  0x00007e29      0x591 _build/nrf52810_xxaa/nrf_sdh.c.o
 .debug_abbrev  0x000083ba      0x497 _build/nrf52810_xxaa/nrf_sdh_ble.c.o
 .debug_abbrev  0x00008851      0x2f1 _build/nrf52810_xxaa/nrf_sdh_soc.c.o

.debug_aranges  0x00000000      0xd18
 .debug_aranges
                0x00000000       0x20 _build/nrf52810_xxaa/gcc_startup_nrf52810.S.o
 .debug_aranges
                0x00000020       0x20 _build/nrf52810_xxaa/nrf_log_backend_serial.c.o
 .debug_aranges
                0x00000040       0x50 _build/nrf52810_xxaa/nrf_log_backend_uart.c.o
 .debug_aranges
                0x00000090       0x20 _build/nrf52810_xxaa/nrf_log_default_backends.c.o
 .debug_aranges
                0x000000b0       0xd0 _build/nrf52810_xxaa/nrf_log_frontend.c.o
 .debug_aranges
                0x00000180       0x40 _build/nrf52810_xxaa/nrf_log_str_formatter.c.o
 .debug_aranges
                0x000001c0       0x70 _build/nrf52810_xxaa/app_button.c.o
 .debug_aranges
                0x00000230       0x28 _build/nrf52810_xxaa/app_error.c.o
 .debug_aranges
                0x00000258       0x20 _build/nrf52810_xxaa/app_error_weak.c.o
 .debug_aranges
                0x00000278       0x88 _build/nrf52810_xxaa/app_timer2.c.o
 .debug_aranges
                0x00000300       0x48 _build/nrf52810_xxaa/app_util_platform.c.o
 .debug_aranges
                0x00000348       0xb8 _build/nrf52810_xxaa/drv_rtc.c.o
 .debug_aranges
                0x00000400       0x58 _build/nrf52810_xxaa/nrf_atfifo.c.o
 .debug_aranges
                0x00000458       0xb0 _build/nrf52810_xxaa/nrf_atomic.c.o
 .debug_aranges
                0x00000508       0x30 _build/nrf52810_xxaa/nrf_balloc.c.o
 .debug_aranges
                0x00000538       0x28 _build/nrf52810_xxaa/nrf_fprintf.c.o
 .debug_aranges
                0x00000560       0x30 _build/nrf52810_xxaa/nrf_fprintf_format.c.o
 .debug_aranges
                0x00000590       0x58 _build/nrf52810_xxaa/nrf_memobj.c.o
 .debug_aranges
                0x000005e8       0x48 _build/nrf52810_xxaa/nrf_pwr_mgmt.c.o
 .debug_aranges
                0x00000630       0x50 _build/nrf52810_xxaa/nrf_ringbuf.c.o
 .debug_aranges
                0x00000680       0x28 _build/nrf52810_xxaa/nrf_section_iter.c.o
 .debug_aranges
                0x000006a8       0x40 _build/nrf52810_xxaa/nrf_sortlist.c.o
 .debug_aranges
                0x000006e8       0x28 _build/nrf52810_xxaa/nrf_strerror.c.o
 .debug_aranges
                0x00000710       0x48 _build/nrf52810_xxaa/system_nrf52810.c.o
 .debug_aranges
                0x00000758       0xb0 _build/nrf52810_xxaa/nrf_drv_clock.c.o
 .debug_aranges
                0x00000808       0x30 _build/nrf52810_xxaa/nrf_drv_uart.c.o
 .debug_aranges
                0x00000838       0x80 _build/nrf52810_xxaa/nrfx_clock.c.o
 .debug_aranges
                0x000008b8      0x118 _build/nrf52810_xxaa/nrfx_gpiote.c.o
 .debug_aranges
                0x000009d0       0x30 _build/nrf52810_xxaa/nrfx_prs.c.o
 .debug_aranges
                0x00000a00       0xa0 _build/nrf52810_xxaa/nrfx_uart.c.o
 .debug_aranges
                0x00000aa0       0x78 _build/nrf52810_xxaa/nrfx_uarte.c.o
 .debug_aranges
                0x00000b18       0x78 _build/nrf52810_xxaa/main.c.o
 .debug_aranges
                0x00000b90       0x80 _build/nrf52810_xxaa/ble_advdata.c.o
 .debug_aranges
                0x00000c10       0x90 _build/nrf52810_xxaa/nrf_sdh.c.o
 .debug_aranges
                0x00000ca0       0x50 _build/nrf52810_xxaa/nrf_sdh_ble.c.o
 .debug_aranges
                0x00000cf0       0x28 _build/nrf52810_xxaa/nrf_sdh_soc.c.o

.debug_str      0x00000000    0x843cc
 .debug_str     0x00000000       0xb1 _build/nrf52810_xxaa/gcc_startup_nrf52810.S.o
 .debug_str     0x000000b1    0x65cb8 _build/nrf52810_xxaa/nrf_log_backend_serial.c.o
                              0x6717c (size before relaxing)
 .debug_str     0x00065d69     0x7b83 _build/nrf52810_xxaa/nrf_log_backend_uart.c.o
                              0x6e7ca (size before relaxing)
 .debug_str     0x0006d8ec      0x119 _build/nrf52810_xxaa/nrf_log_default_backends.c.o
                              0x66f33 (size before relaxing)
 .debug_str     0x0006da05     0x1376 _build/nrf52810_xxaa/nrf_log_frontend.c.o
                              0x683f8 (size before relaxing)
 .debug_str     0x0006ed7b      0x6a3 _build/nrf52810_xxaa/nrf_log_str_formatter.c.o
                              0x6769e (size before relaxing)
 .debug_str     0x0006f41e     0x1a88 _build/nrf52810_xxaa/app_button.c.o
                              0x6e539 (size before relaxing)
 .debug_str     0x00070ea6      0x133 _build/nrf52810_xxaa/app_error.c.o
                              0x52efe (size before relaxing)
 .debug_str     0x00070fd9      0xa38 _build/nrf52810_xxaa/app_error_weak.c.o
                              0x67f7d (size before relaxing)
 .debug_str     0x00071a11     0x108d _build/nrf52810_xxaa/app_timer2.c.o
                              0x6e15b (size before relaxing)
 .debug_str     0x00072a9e      0x27b _build/nrf52810_xxaa/app_util_platform.c.o
                              0x54246 (size before relaxing)
 .debug_str     0x00072d19      0x789 _build/nrf52810_xxaa/drv_rtc.c.o
                              0x6dadb (size before relaxing)
 .debug_str     0x000734a2      0x159 _build/nrf52810_xxaa/nrf_atfifo.c.o
                              0x64ec8 (size before relaxing)
 .debug_str     0x000735fb      0x6b6 _build/nrf52810_xxaa/nrf_atomic.c.o
                              0x625e9 (size before relaxing)
 .debug_str     0x00073cb1      0x151 _build/nrf52810_xxaa/nrf_balloc.c.o
                              0x66f2d (size before relaxing)
 .debug_str     0x00073e02      0x141 _build/nrf52810_xxaa/nrf_fprintf.c.o
                              0x62242 (size before relaxing)
 .debug_str     0x00073f43      0x50e _build/nrf52810_xxaa/nrf_fprintf_format.c.o
                              0x6272b (size before relaxing)
 .debug_str     0x00074451      0x1a2 _build/nrf52810_xxaa/nrf_memobj.c.o
                              0x652e5 (size before relaxing)
 .debug_str     0x000745f3     0x16bd _build/nrf52810_xxaa/nrf_pwr_mgmt.c.o
                              0x6f63a (size before relaxing)
 .debug_str     0x00075cb0       0xd9 _build/nrf52810_xxaa/nrf_ringbuf.c.o
                              0x639d7 (size before relaxing)
 .debug_str     0x00075d89       0x51 _build/nrf52810_xxaa/nrf_section_iter.c.o
                              0x62411 (size before relaxing)
 .debug_str     0x00075dda       0xc2 _build/nrf52810_xxaa/nrf_sortlist.c.o
                              0x64b17 (size before relaxing)
 .debug_str     0x00075e9c       0xea _build/nrf52810_xxaa/nrf_strerror.c.o
                              0x61fae (size before relaxing)
 .debug_str     0x00075f86      0x454 _build/nrf52810_xxaa/system_nrf52810.c.o
                              0x4eaa3 (size before relaxing)
 .debug_str     0x000763da      0xf2f _build/nrf52810_xxaa/nrf_drv_clock.c.o
                              0x6e6c3 (size before relaxing)
 .debug_str     0x00077309      0x459 _build/nrf52810_xxaa/nrf_drv_uart.c.o
                              0x6afa1 (size before relaxing)
 .debug_str     0x00077762      0x72e _build/nrf52810_xxaa/nrfx_clock.c.o
                              0x6d91f (size before relaxing)
 .debug_str     0x00077e90     0x10ac _build/nrf52810_xxaa/nrfx_gpiote.c.o
                              0x6ed83 (size before relaxing)
 .debug_str     0x00078f3c      0x2ff _build/nrf52810_xxaa/nrfx_prs.c.o
                              0x6d1f0 (size before relaxing)
 .debug_str     0x0007923b      0x6a4 _build/nrf52810_xxaa/nrfx_uart.c.o
                              0x6e2e1 (size before relaxing)
 .debug_str     0x000798df      0x967 _build/nrf52810_xxaa/nrfx_uarte.c.o
                              0x6e775 (size before relaxing)
 .debug_str     0x0007a246     0x709b _build/nrf52810_xxaa/main.c.o
                              0x773e9 (size before relaxing)
 .debug_str     0x000812e1     0x1834 _build/nrf52810_xxaa/ble_advdata.c.o
                              0x6890b (size before relaxing)
 .debug_str     0x00082b15      0x4f1 _build/nrf52810_xxaa/nrf_sdh.c.o
                              0x678be (size before relaxing)
 .debug_str     0x00083006     0x1245 _build/nrf52810_xxaa/nrf_sdh_ble.c.o
                              0x6ba14 (size before relaxing)
 .debug_str     0x0008424b      0x181 _build/nrf52810_xxaa/nrf_sdh_soc.c.o
                              0x66980 (size before relaxing)

.debug_loc      0x00000000     0xdeff
 .debug_loc     0x00000000      0x186 _build/nrf52810_xxaa/nrf_log_backend_serial.c.o
 .debug_loc     0x00000186      0x2a6 _build/nrf52810_xxaa/nrf_log_backend_uart.c.o
 .debug_loc     0x0000042c       0x17 _build/nrf52810_xxaa/nrf_log_default_backends.c.o
 .debug_loc     0x00000443     0x1807 _build/nrf52810_xxaa/nrf_log_frontend.c.o
 .debug_loc     0x00001c4a      0x3db _build/nrf52810_xxaa/nrf_log_str_formatter.c.o
 .debug_loc     0x00002025      0x6e6 _build/nrf52810_xxaa/app_button.c.o
 .debug_loc     0x0000270b       0xcd _build/nrf52810_xxaa/app_error.c.o
 .debug_loc     0x000027d8       0x6f _build/nrf52810_xxaa/app_error_weak.c.o
 .debug_loc     0x00002847      0x726 _build/nrf52810_xxaa/app_timer2.c.o
 .debug_loc     0x00002f6d      0x18f _build/nrf52810_xxaa/app_util_platform.c.o
 .debug_loc     0x000030fc      0xfc7 _build/nrf52810_xxaa/drv_rtc.c.o
 .debug_loc     0x000040c3      0x40d _build/nrf52810_xxaa/nrf_atfifo.c.o
 .debug_loc     0x000044d0      0x45f _build/nrf52810_xxaa/nrf_atomic.c.o
 .debug_loc     0x0000492f      0x1a6 _build/nrf52810_xxaa/nrf_balloc.c.o
 .debug_loc     0x00004ad5       0x47 _build/nrf52810_xxaa/nrf_fprintf.c.o
 .debug_loc     0x00004b1c      0xa4a _build/nrf52810_xxaa/nrf_fprintf_format.c.o
 .debug_loc     0x00005566      0x8b3 _build/nrf52810_xxaa/nrf_memobj.c.o
 .debug_loc     0x00005e19       0xc5 _build/nrf52810_xxaa/nrf_pwr_mgmt.c.o
 .debug_loc     0x00005ede      0x701 _build/nrf52810_xxaa/nrf_ringbuf.c.o
 .debug_loc     0x000065df      0x171 _build/nrf52810_xxaa/nrf_sortlist.c.o
 .debug_loc     0x00006750      0x11b _build/nrf52810_xxaa/nrf_strerror.c.o
 .debug_loc     0x0000686b      0x27b _build/nrf52810_xxaa/system_nrf52810.c.o
 .debug_loc     0x00006ae6      0x52a _build/nrf52810_xxaa/nrf_drv_clock.c.o
 .debug_loc     0x00007010      0x1b6 _build/nrf52810_xxaa/nrf_drv_uart.c.o
 .debug_loc     0x000071c6      0x29e _build/nrf52810_xxaa/nrfx_clock.c.o
 .debug_loc     0x00007464     0x1d59 _build/nrf52810_xxaa/nrfx_gpiote.c.o
 .debug_loc     0x000091bd       0xff _build/nrf52810_xxaa/nrfx_prs.c.o
 .debug_loc     0x000092bc     0x16a8 _build/nrf52810_xxaa/nrfx_uart.c.o
 .debug_loc     0x0000a964     0x16e3 _build/nrf52810_xxaa/nrfx_uarte.c.o
 .debug_loc     0x0000c047      0x69f _build/nrf52810_xxaa/main.c.o
 .debug_loc     0x0000c6e6     0x123f _build/nrf52810_xxaa/ble_advdata.c.o
 .debug_loc     0x0000d925      0x29f _build/nrf52810_xxaa/nrf_sdh.c.o
 .debug_loc     0x0000dbc4      0x2a4 _build/nrf52810_xxaa/nrf_sdh_ble.c.o
 .debug_loc     0x0000de68       0x97 _build/nrf52810_xxaa/nrf_sdh_soc.c.o

.debug_ranges   0x00000000     0x2f30
 .debug_ranges  0x00000000       0x28 _build/nrf52810_xxaa/nrf_log_backend_serial.c.o
 .debug_ranges  0x00000028       0x80 _build/nrf52810_xxaa/nrf_log_backend_uart.c.o
 .debug_ranges  0x000000a8       0x10 _build/nrf52810_xxaa/nrf_log_default_backends.c.o
 .debug_ranges  0x000000b8      0x320 _build/nrf52810_xxaa/nrf_log_frontend.c.o
 .debug_ranges  0x000003d8       0x70 _build/nrf52810_xxaa/nrf_log_str_formatter.c.o
 .debug_ranges  0x00000448      0x148 _build/nrf52810_xxaa/app_button.c.o
 .debug_ranges  0x00000590       0x18 _build/nrf52810_xxaa/app_error.c.o
 .debug_ranges  0x000005a8       0x28 _build/nrf52810_xxaa/app_error_weak.c.o
 .debug_ranges  0x000005d0      0x178 _build/nrf52810_xxaa/app_timer2.c.o
 .debug_ranges  0x00000748       0xa0 _build/nrf52810_xxaa/app_util_platform.c.o
 .debug_ranges  0x000007e8      0x2a8 _build/nrf52810_xxaa/drv_rtc.c.o
 .debug_ranges  0x00000a90       0xc0 _build/nrf52810_xxaa/nrf_atfifo.c.o
 .debug_ranges  0x00000b50      0x208 _build/nrf52810_xxaa/nrf_atomic.c.o
 .debug_ranges  0x00000d58       0x50 _build/nrf52810_xxaa/nrf_balloc.c.o
 .debug_ranges  0x00000da8       0x18 _build/nrf52810_xxaa/nrf_fprintf.c.o
 .debug_ranges  0x00000dc0       0x50 _build/nrf52810_xxaa/nrf_fprintf_format.c.o
 .debug_ranges  0x00000e10       0x48 _build/nrf52810_xxaa/nrf_memobj.c.o
 .debug_ranges  0x00000e58       0xb8 _build/nrf52810_xxaa/nrf_pwr_mgmt.c.o
 .debug_ranges  0x00000f10       0x40 _build/nrf52810_xxaa/nrf_ringbuf.c.o
 .debug_ranges  0x00000f50       0x18 _build/nrf52810_xxaa/nrf_section_iter.c.o
 .debug_ranges  0x00000f68       0x30 _build/nrf52810_xxaa/nrf_sortlist.c.o
 .debug_ranges  0x00000f98       0x30 _build/nrf52810_xxaa/nrf_strerror.c.o
 .debug_ranges  0x00000fc8       0x50 _build/nrf52810_xxaa/system_nrf52810.c.o
 .debug_ranges  0x00001018      0x1b0 _build/nrf52810_xxaa/nrf_drv_clock.c.o
 .debug_ranges  0x000011c8       0x20 _build/nrf52810_xxaa/nrf_drv_uart.c.o
 .debug_ranges  0x000011e8      0x120 _build/nrf52810_xxaa/nrfx_clock.c.o
 .debug_ranges  0x00001308      0x910 _build/nrf52810_xxaa/nrfx_gpiote.c.o
 .debug_ranges  0x00001c18       0x38 _build/nrf52810_xxaa/nrfx_prs.c.o
 .debug_ranges  0x00001c50      0x680 _build/nrf52810_xxaa/nrfx_uart.c.o
 .debug_ranges  0x000022d0      0x5c0 _build/nrf52810_xxaa/nrfx_uarte.c.o
 .debug_ranges  0x00002890      0x200 _build/nrf52810_xxaa/main.c.o
 .debug_ranges  0x00002a90      0x1d0 _build/nrf52810_xxaa/ble_advdata.c.o
 .debug_ranges  0x00002c60      0x198 _build/nrf52810_xxaa/nrf_sdh.c.o
 .debug_ranges  0x00002df8       0xe0 _build/nrf52810_xxaa/nrf_sdh_ble.c.o
 .debug_ranges  0x00002ed8       0x58 _build/nrf52810_xxaa/nrf_sdh_soc.c.o

.debug_macro    0x00000000     0xde0d
 .debug_macro   0x00000000      0x3c2 _build/nrf52810_xxaa/nrf_log_backend_serial.c.o
 .debug_macro   0x000003c2       0x16 _build/nrf52810_xxaa/nrf_log_backend_serial.c.o
 .debug_macro   0x000003d8       0x22 _build/nrf52810_xxaa/nrf_log_backend_serial.c.o
 .debug_macro   0x000003fa       0x46 _build/nrf52810_xxaa/nrf_log_backend_serial.c.o
 .debug_macro   0x00000440       0x88 _build/nrf52810_xxaa/nrf_log_backend_serial.c.o
 .debug_macro   0x000004c8       0x3a _build/nrf52810_xxaa/nrf_log_backend_serial.c.o
 .debug_macro   0x00000502       0x1c _build/nrf52810_xxaa/nrf_log_backend_serial.c.o
 .debug_macro   0x0000051e       0x10 _build/nrf52810_xxaa/nrf_log_backend_serial.c.o
 .debug_macro   0x0000052e       0xbe _build/nrf52810_xxaa/nrf_log_backend_serial.c.o
 .debug_macro   0x000005ec       0x16 _build/nrf52810_xxaa/nrf_log_backend_serial.c.o
 .debug_macro   0x00000602      0x129 _build/nrf52810_xxaa/nrf_log_backend_serial.c.o
 .debug_macro   0x0000072b       0x49 _build/nrf52810_xxaa/nrf_log_backend_serial.c.o
 .debug_macro   0x00000774       0x8c _build/nrf52810_xxaa/nrf_log_backend_serial.c.o
 .debug_macro   0x00000800       0x31 _build/nrf52810_xxaa/nrf_log_backend_serial.c.o
 .debug_macro   0x00000831       0x55 _build/nrf52810_xxaa/nrf_log_backend_serial.c.o
 .debug_macro   0x00000886       0x98 _build/nrf52810_xxaa/nrf_log_backend_serial.c.o
 .debug_macro   0x0000091e       0x10 _build/nrf52810_xxaa/nrf_log_backend_serial.c.o
 .debug_macro   0x0000092e       0x1d _build/nrf52810_xxaa/nrf_log_backend_serial.c.o
 .debug_macro   0x0000094b       0x2e _build/nrf52810_xxaa/nrf_log_backend_serial.c.o
 .debug_macro   0x00000979       0x1c _build/nrf52810_xxaa/nrf_log_backend_serial.c.o
 .debug_macro   0x00000995      0x185 _build/nrf52810_xxaa/nrf_log_backend_serial.c.o
 .debug_macro   0x00000b1a      0x4be _build/nrf52810_xxaa/nrf_log_backend_uart.c.o
 .debug_macro   0x00000fd8      0x2ae _build/nrf52810_xxaa/nrf_log_backend_uart.c.o
 .debug_macro   0x00001286       0x59 _build/nrf52810_xxaa/nrf_log_backend_uart.c.o
 .debug_macro   0x000012df      0xe1c _build/nrf52810_xxaa/nrf_log_backend_uart.c.o
 .debug_macro   0x000020fb       0xb7 _build/nrf52810_xxaa/nrf_log_backend_uart.c.o
 .debug_macro   0x000021b2       0x5a _build/nrf52810_xxaa/nrf_log_backend_uart.c.o
 .debug_macro   0x0000220c       0x16 _build/nrf52810_xxaa/nrf_log_backend_uart.c.o
 .debug_macro   0x00002222       0xac _build/nrf52810_xxaa/nrf_log_backend_uart.c.o
 .debug_macro   0x000022ce       0x1c _build/nrf52810_xxaa/nrf_log_backend_uart.c.o
 .debug_macro   0x000022ea       0x40 _build/nrf52810_xxaa/nrf_log_backend_uart.c.o
 .debug_macro   0x0000232a       0x20 _build/nrf52810_xxaa/nrf_log_backend_uart.c.o
 .debug_macro   0x0000234a       0x10 _build/nrf52810_xxaa/nrf_log_backend_uart.c.o
 .debug_macro   0x0000235a       0x10 _build/nrf52810_xxaa/nrf_log_backend_uart.c.o
 .debug_macro   0x0000236a       0x10 _build/nrf52810_xxaa/nrf_log_backend_uart.c.o
 .debug_macro   0x0000237a       0x10 _build/nrf52810_xxaa/nrf_log_backend_uart.c.o
 .debug_macro   0x0000238a       0x10 _build/nrf52810_xxaa/nrf_log_backend_uart.c.o
 .debug_macro   0x0000239a       0x3f _build/nrf52810_xxaa/nrf_log_backend_uart.c.o
 .debug_macro   0x000023d9      0x3b3 _build/nrf52810_xxaa/nrf_log_default_backends.c.o
 .debug_macro   0x0000278c       0x10 _build/nrf52810_xxaa/nrf_log_default_backends.c.o
 .debug_macro   0x0000279c      0x434 _build/nrf52810_xxaa/nrf_log_frontend.c.o
 .debug_macro   0x00002bd0       0x16 _build/nrf52810_xxaa/nrf_log_frontend.c.o
 .debug_macro   0x00002be6       0x9a _build/nrf52810_xxaa/nrf_log_frontend.c.o
 .debug_macro   0x00002c80       0x9e _build/nrf52810_xxaa/nrf_log_frontend.c.o
 .debug_macro   0x00002d1e      0x404 _build/nrf52810_xxaa/nrf_log_str_formatter.c.o
 .debug_macro   0x00003122       0xa2 _build/nrf52810_xxaa/nrf_log_str_formatter.c.o
 .debug_macro   0x000031c4      0x48e _build/nrf52810_xxaa/app_button.c.o
 .debug_macro   0x00003652       0x3f _build/nrf52810_xxaa/app_button.c.o
 .debug_macro   0x00003691       0x19 _build/nrf52810_xxaa/app_button.c.o
 .debug_macro   0x000036aa       0x35 _build/nrf52810_xxaa/app_button.c.o
 .debug_macro   0x000036df       0x7b _build/nrf52810_xxaa/app_button.c.o
 .debug_macro   0x0000375a       0x1c _build/nrf52810_xxaa/app_button.c.o
 .debug_macro   0x00003776       0x1c _build/nrf52810_xxaa/app_button.c.o
 .debug_macro   0x00003792       0x37 _build/nrf52810_xxaa/app_button.c.o
 .debug_macro   0x000037c9       0x16 _build/nrf52810_xxaa/app_button.c.o
 .debug_macro   0x000037df       0x3c _build/nrf52810_xxaa/app_button.c.o
 .debug_macro   0x0000381b       0x17 _build/nrf52810_xxaa/app_button.c.o
 .debug_macro   0x00003832       0x45 _build/nrf52810_xxaa/app_button.c.o
 .debug_macro   0x00003877       0xcc _build/nrf52810_xxaa/app_button.c.o
 .debug_macro   0x00003943       0x10 _build/nrf52810_xxaa/app_button.c.o
 .debug_macro   0x00003953      0x17f _build/nrf52810_xxaa/app_button.c.o
 .debug_macro   0x00003ad2      0x227 _build/nrf52810_xxaa/app_error.c.o
 .debug_macro   0x00003cf9      0x101 _build/nrf52810_xxaa/app_error.c.o
 .debug_macro   0x00003dfa       0x40 _build/nrf52810_xxaa/app_error.c.o
 .debug_macro   0x00003e3a       0x16 _build/nrf52810_xxaa/app_error.c.o