Archive member included to satisfy reference by file (symbol)

b:/program files (x86)/gnu arm embedded toolchain/9 2020-q2-update/bin/../lib/gcc/arm-none-eabi/9.3.1/../../../../arm-none-eabi/lib/thumb/v7e-m+fp/hard\libc_nano.a(lib_a-ctype_.o)
                              _build/nrf52832_xxaa/nrf_log_str_formatter.c.o (_ctype_)
b:/program files (x86)/gnu arm embedded toolchain/9 2020-q2-update/bin/../lib/gcc/arm-none-eabi/9.3.1/../../../../arm-none-eabi/lib/thumb/v7e-m+fp/hard\libc_nano.a(lib_a-exit.o)
                              b:/program files (x86)/gnu arm embedded toolchain/9 2020-q2-update/bin/../lib/gcc/arm-none-eabi/9.3.1/../../../../arm-none-eabi/lib/thumb/v7e-m+fp/hard/crt0.o (exit)
b:/program files (x86)/gnu arm embedded toolchain/9 2020-q2-update/bin/../lib/gcc/arm-none-eabi/9.3.1/../../../../arm-none-eabi/lib/thumb/v7e-m+fp/hard\libc_nano.a(lib_a-impure.o)
                              b:/program files (x86)/gnu arm embedded toolchain/9 2020-q2-update/bin/../lib/gcc/arm-none-eabi/9.3.1/../../../../arm-none-eabi/lib/thumb/v7e-m+fp/hard\libc_nano.a(lib_a-exit.o) (_global_impure_ptr)
b:/program files (x86)/gnu arm embedded toolchain/9 2020-q2-update/bin/../lib/gcc/arm-none-eabi/9.3.1/../../../../arm-none-eabi/lib/thumb/v7e-m+fp/hard\libc_nano.a(lib_a-init.o)
                              b:/program files (x86)/gnu arm embedded toolchain/9 2020-q2-update/bin/../lib/gcc/arm-none-eabi/9.3.1/../../../../arm-none-eabi/lib/thumb/v7e-m+fp/hard/crt0.o (__libc_init_array)
b:/program files (x86)/gnu arm embedded toolchain/9 2020-q2-update/bin/../lib/gcc/arm-none-eabi/9.3.1/../../../../arm-none-eabi/lib/thumb/v7e-m+fp/hard\libc_nano.a(lib_a-memcmp.o)
                              _build/nrf52832_xxaa/ble_advdata.c.o (memcmp)
b:/program files (x86)/gnu arm embedded toolchain/9 2020-q2-update/bin/../lib/gcc/arm-none-eabi/9.3.1/../../../../arm-none-eabi/lib/thumb/v7e-m+fp/hard\libc_nano.a(lib_a-memcpy-stub.o)
                              _build/nrf52832_xxaa/nrf_log_frontend.c.o (memcpy)
b:/program files (x86)/gnu arm embedded toolchain/9 2020-q2-update/bin/../lib/gcc/arm-none-eabi/9.3.1/../../../../arm-none-eabi/lib/thumb/v7e-m+fp/hard\libc_nano.a(lib_a-memset.o)
                              b:/program files (x86)/gnu arm embedded toolchain/9 2020-q2-update/bin/../lib/gcc/arm-none-eabi/9.3.1/../../../../arm-none-eabi/lib/thumb/v7e-m+fp/hard/crt0.o (memset)
b:/program files (x86)/gnu arm embedded toolchain/9 2020-q2-update/bin/../lib/gcc/arm-none-eabi/9.3.1/../../../../arm-none-eabi/lib/thumb/v7e-m+fp/hard\libc_nano.a(lib_a-strcmp.o)
                              _build/nrf52832_xxaa/nrf_ble_scan.c.o (strcmp)
b:/program files (x86)/gnu arm embedded toolchain/9 2020-q2-update/bin/../lib/gcc/arm-none-eabi/9.3.1/../../../../arm-none-eabi/lib/thumb/v7e-m+fp/hard\libc_nano.a(lib_a-strcpy.o)
                              _build/nrf52832_xxaa/SEGGER_RTT.c.o (strcpy)
b:/program files (x86)/gnu arm embedded toolchain/9 2020-q2-update/bin/../lib/gcc/arm-none-eabi/9.3.1/../../../../arm-none-eabi/lib/thumb/v7e-m+fp/hard\libc_nano.a(lib_a-strlen.o)
                              _build/nrf52832_xxaa/nrf_log_frontend.c.o (strlen)
b:/program files (x86)/gnu arm embedded toolchain/9 2020-q2-update/bin/../lib/gcc/arm-none-eabi/9.3.1/../../../../arm-none-eabi/lib/thumb/v7e-m+fp/hard\libnosys.a(_exit.o)
                              b:/program files (x86)/gnu arm embedded toolchain/9 2020-q2-update/bin/../lib/gcc/arm-none-eabi/9.3.1/../../../../arm-none-eabi/lib/thumb/v7e-m+fp/hard\libc_nano.a(lib_a-exit.o) (_exit)
b:/program files (x86)/gnu arm embedded toolchain/9 2020-q2-update/bin/../lib/gcc/arm-none-eabi/9.3.1/thumb/v7e-m+fp/hard\libgcc.a(_aeabi_ldivmod.o)
                              _build/nrf52832_xxaa/bsp.c.o (__aeabi_ldivmod)
b:/program files (x86)/gnu arm embedded toolchain/9 2020-q2-update/bin/../lib/gcc/arm-none-eabi/9.3.1/thumb/v7e-m+fp/hard\libgcc.a(_aeabi_uldivmod.o)
                              _build/nrf52832_xxaa/bsp.c.o (__aeabi_uldivmod)
b:/program files (x86)/gnu arm embedded toolchain/9 2020-q2-update/bin/../lib/gcc/arm-none-eabi/9.3.1/thumb/v7e-m+fp/hard\libgcc.a(_udivmoddi4.o)
                              b:/program files (x86)/gnu arm embedded toolchain/9 2020-q2-update/bin/../lib/gcc/arm-none-eabi/9.3.1/thumb/v7e-m+fp/hard\libgcc.a(_aeabi_ldivmod.o) (__udivmoddi4)
b:/program files (x86)/gnu arm embedded toolchain/9 2020-q2-update/bin/../lib/gcc/arm-none-eabi/9.3.1/thumb/v7e-m+fp/hard\libgcc.a(_dvmd_tls.o)
                              b:/program files (x86)/gnu arm embedded toolchain/9 2020-q2-update/bin/../lib/gcc/arm-none-eabi/9.3.1/thumb/v7e-m+fp/hard\libgcc.a(_aeabi_ldivmod.o) (__aeabi_ldiv0)

Allocating common symbols
Common symbol       size              file

nrf_nvic_state      0xc               _build/nrf52832_xxaa/app_util_platform.c.o
nrf_drv_uart_use_easy_dma
                    0x1               _build/nrf52832_xxaa/nrf_drv_uart.c.o
[...]
Memory Configuration

Name             Origin             Length             Attributes
FLASH            0x00026000         0x0005a000         xr
RAM              0x20004398         0x0000bc68         xrw
*default*        0x00000000         0xffffffff

Linker script and memory map


.text           0x00026000     0x8e2c
 *(.isr_vector)
 .isr_vector    0x00026000      0x200 _build/nrf52832_xxaa/gcc_startup_nrf52.S.o
                0x00026000                __isr_vector
 *(.text*)
 .text          0x00026200       0x40 b:/program files (x86)/gnu arm embedded toolchain/9 2020-q2-update/bin/../lib/gcc/arm-none-eabi/9.3.1/thumb/v7e-m+fp/hard/crtbegin.o
 .text          0x00026240       0x7c b:/program files (x86)/gnu arm embedded toolchain/9 2020-q2-update/bin/../lib/gcc/arm-none-eabi/9.3.1/../../../../arm-none-eabi/lib/thumb/v7e-m+fp/hard/crt0.o
                0x00026240                _stack_init
                0x00026248                _start
                0x00026248                _mainCRTStartup
 .text          0x000262bc       0x3c _build/nrf52832_xxaa/gcc_startup_nrf52.S.o
                0x000262bc                Reset_Handler
                0x000262e4                NMI_Handler
                0x000262e6                HardFault_Handler
                0x000262e8                MemoryManagement_Handler
                0x000262ea                BusFault_Handler
                0x000262ec                UsageFault_Handler
                0x000262ee                SVC_Handler
                0x000262f0                DebugMon_Handler
                0x000262f2                PendSV_Handler
                0x000262f4                SysTick_Handler
                0x000262f6                PDM_IRQHandler
                0x000262f6                TEMP_IRQHandler
                0x000262f6                QDEC_IRQHandler
                0x000262f6                TIMER3_IRQHandler
                0x000262f6                RTC0_IRQHandler
                0x000262f6                SPIM0_SPIS0_TWIM0_TWIS0_SPI0_TWI0_IRQHandler
                0x000262f6                PWM1_IRQHandler
                0x000262f6                RADIO_IRQHandler
                0x000262f6                I2S_IRQHandler
                0x000262f6                SWI4_EGU4_IRQHandler
                0x000262f6                TIMER0_IRQHandler
                0x000262f6                FPU_IRQHandler
                0x000262f6                TIMER1_IRQHandler
                0x000262f6                PWM2_IRQHandler
                0x000262f6                ECB_IRQHandler
                0x000262f6                SPIM1_SPIS1_TWIM1_TWIS1_SPI1_TWI1_IRQHandler
                0x000262f6                Default_Handler
                0x000262f6                SAADC_IRQHandler
                0x000262f6                CCM_AAR_IRQHandler
                0x000262f6                WDT_IRQHandler
                0x000262f6                TIMER4_IRQHandler
                0x000262f6                SWI5_EGU5_IRQHandler
                0x000262f6                RNG_IRQHandler
                0x000262f6                RTC2_IRQHandler
                0x000262f6                PWM0_IRQHandler
                0x000262f6                SWI3_EGU3_IRQHandler
                0x000262f6                SWI1_EGU1_IRQHandler
                0x000262f6                SPIM2_SPIS2_SPI2_IRQHandler
                0x000262f6                NFCT_IRQHandler
                0x000262f6                SWI0_EGU0_IRQHandler
                0x000262f6                MWU_IRQHandler
                0x000262f6                TIMER2_IRQHandler
                0x000262f6                COMP_LPCOMP_IRQHandler
 .text.nrf_log_backend_rtt_flush
                0x000262f8        0x4 _build/nrf52832_xxaa/nrf_log_backend_rtt.c.o
 .text.nrf_log_backend_rtt_put
                0x000262fc       0x20 _build/nrf52832_xxaa/nrf_log_backend_rtt.c.o
 .text.serial_tx
                0x0002631c       0x54 _build/nrf52832_xxaa/nrf_log_backend_rtt.c.o
 .text.nrf_log_backend_rtt_panic_set
                0x00026370        0x4 _build/nrf52832_xxaa/nrf_log_backend_rtt.c.o
 .text.nrf_log_backend_rtt_init
                0x00026374        0x4 _build/nrf52832_xxaa/nrf_log_backend_rtt.c.o
                0x00026374                nrf_log_backend_rtt_init
 .text.nrf_log_backend_serial_put
                0x00026378       0xd8 _build/nrf52832_xxaa/nrf_log_backend_serial.c.o
                0x00026378                nrf_log_backend_serial_put
 .text.nrf_log_default_backends_init
                0x00026450       0x20 _build/nrf52832_xxaa/nrf_log_default_backends.c.o
                0x00026450                nrf_log_default_backends_init
 .text.nrf_log_init
                0x00026470       0x28 _build/nrf52832_xxaa/nrf_log_frontend.c.o
                0x00026470                nrf_log_init
 .text.nrf_log_module_name_get
                0x00026498       0x48 _build/nrf52832_xxaa/nrf_log_frontend.c.o
                0x00026498                nrf_log_module_name_get
 .text.nrf_log_color_id_get
                0x000264e0       0x2c _build/nrf52832_xxaa/nrf_log_frontend.c.o
                0x000264e0                nrf_log_color_id_get
 .text.nrf_log_frontend_dequeue
                0x0002650c      0x250 _build/nrf52832_xxaa/nrf_log_frontend.c.o
                0x0002650c                nrf_log_frontend_dequeue
 .text.nrf_log_frontend_std_0
                0x0002675c      0x188 _build/nrf52832_xxaa/nrf_log_frontend.c.o
                0x0002675c                nrf_log_frontend_std_0
 .text.nrf_log_frontend_std_1
                0x000268e4      0x19c _build/nrf52832_xxaa/nrf_log_frontend.c.o
                0x000268e4                nrf_log_frontend_std_1
 .text.nrf_log_frontend_std_2
                0x00026a80      0x1b0 _build/nrf52832_xxaa/nrf_log_frontend.c.o
                0x00026a80                nrf_log_frontend_std_2
 .text.nrf_log_frontend_std_3
                0x00026c30      0x1bc _build/nrf52832_xxaa/nrf_log_frontend.c.o
                0x00026c30                nrf_log_frontend_std_3
 .text.nrf_log_frontend_std_5
                0x00026dec      0x1f0 _build/nrf52832_xxaa/nrf_log_frontend.c.o
                0x00026dec                nrf_log_frontend_std_5
 .text.nrf_log_backend_add
                0x00026fdc       0x5c _build/nrf52832_xxaa/nrf_log_frontend.c.o
                0x00026fdc                nrf_log_backend_add
 .text.nrf_log_panic
                0x00027038       0x28 _build/nrf52832_xxaa/nrf_log_frontend.c.o
                0x00027038                nrf_log_panic
 .text.prefix_process
                0x00027060       0x80 _build/nrf52832_xxaa/nrf_log_str_formatter.c.o
 .text.nrf_log_std_entry_process
                0x000270e0       0xf0 _build/nrf52832_xxaa/nrf_log_str_formatter.c.o
                0x000270e0                nrf_log_std_entry_process
 .text.nrf_log_hexdump_entry_process
                0x000271d0       0xfc _build/nrf52832_xxaa/nrf_log_str_formatter.c.o
                0x000271d0                nrf_log_hexdump_entry_process
 .text.gpiote_event_handler
                0x000272cc       0x74 _build/nrf52832_xxaa/app_button.c.o
 .text.detection_delay_timeout_handler
                0x00027340      0x264 _build/nrf52832_xxaa/app_button.c.o
 .text.app_button_init
                0x000275a4       0xc0 _build/nrf52832_xxaa/app_button.c.o
                0x000275a4                app_button_init
 .text.app_button_enable
                0x00027664       0x2c _build/nrf52832_xxaa/app_button.c.o
                0x00027664                app_button_enable
 .text.app_button_disable
                0x00027690       0x5c _build/nrf52832_xxaa/app_button.c.o
                0x00027690                app_button_disable
 .text.app_error_save_and_stop
                0x000276ec       0x60 _build/nrf52832_xxaa/app_error.c.o
                0x000276ec                app_error_save_and_stop
 .text.app_error_handler
                0x0002774c       0x1c _build/nrf52832_xxaa/app_error_handler_gcc.c.o
                0x0002774c                app_error_handler
 .text.app_error_fault_handler
                0x00027768       0xfc _build/nrf52832_xxaa/app_error_weak.c.o
                0x00027768                app_error_fault_handler
 .text.compare_func
                0x00027864       0x18 _build/nrf52832_xxaa/app_timer2.c.o
 .text.rtc_irq  0x0002787c      0x318 _build/nrf52832_xxaa/app_timer2.c.o
 .text.app_timer_init
                0x00027b94       0x6c _build/nrf52832_xxaa/app_timer2.c.o
                0x00027b94                app_timer_init
 .text.app_timer_create
                0x00027c00       0x1c _build/nrf52832_xxaa/app_timer2.c.o
                0x00027c00                app_timer_create
 .text.app_timer_start
                0x00027c1c       0x8c _build/nrf52832_xxaa/app_timer2.c.o
                0x00027c1c                app_timer_start
 .text.app_timer_stop
                0x00027ca8       0x44 _build/nrf52832_xxaa/app_timer2.c.o
                0x00027ca8                app_timer_stop
 .text.app_util_critical_region_enter
                0x00027cec       0x4c _build/nrf52832_xxaa/app_util_platform.c.o
                0x00027cec                app_util_critical_region_enter
 .text.app_util_critical_region_exit
                0x00027d38       0x30 _build/nrf52832_xxaa/app_util_platform.c.o
                0x00027d38                app_util_critical_region_exit
 .text.drv_rtc_init
                0x00027d68       0xc0 _build/nrf52832_xxaa/drv_rtc.c.o
                0x00027d68                drv_rtc_init
 .text.drv_rtc_start
                0x00027e28        0x8 _build/nrf52832_xxaa/drv_rtc.c.o
                0x00027e28                drv_rtc_start
 .text.drv_rtc_stop
                0x00027e30        0x8 _build/nrf52832_xxaa/drv_rtc.c.o
                0x00027e30                drv_rtc_stop
 .text.drv_rtc_compare_set
                0x00027e38       0x4c _build/nrf52832_xxaa/drv_rtc.c.o
                0x00027e38                drv_rtc_compare_set
 .text.drv_rtc_windowed_compare_set
                0x00027e84       0xf8 _build/nrf52832_xxaa/drv_rtc.c.o
                0x00027e84                drv_rtc_windowed_compare_set
 .text.drv_rtc_overflow_enable
                0x00027f7c       0x14 _build/nrf52832_xxaa/drv_rtc.c.o
                0x00027f7c                drv_rtc_overflow_enable
 .text.drv_rtc_overflow_pending
                0x00027f90       0x20 _build/nrf52832_xxaa/drv_rtc.c.o
                0x00027f90                drv_rtc_overflow_pending
 .text.drv_rtc_compare_disable
                0x00027fb0       0x18 _build/nrf52832_xxaa/drv_rtc.c.o
                0x00027fb0                drv_rtc_compare_disable
 .text.drv_rtc_compare_pending
                0x00027fc8       0x20 _build/nrf52832_xxaa/drv_rtc.c.o
                0x00027fc8                drv_rtc_compare_pending
 .text.drv_rtc_counter_get
                0x00027fe8        0x8 _build/nrf52832_xxaa/drv_rtc.c.o
                0x00027fe8                drv_rtc_counter_get
 .text.drv_rtc_irq_trigger
                0x00027ff0       0x24 _build/nrf52832_xxaa/drv_rtc.c.o
                0x00027ff0                drv_rtc_irq_trigger
 .text.RTC1_IRQHandler
                0x00028014       0x14 _build/nrf52832_xxaa/drv_rtc.c.o
                0x00028014                RTC1_IRQHandler
 .text.nrf_atfifo_init
                0x00028028       0x30 _build/nrf52832_xxaa/nrf_atfifo.c.o
                0x00028028                nrf_atfifo_init
 .text.nrf_atfifo_item_alloc
                0x00028058       0x5c _build/nrf52832_xxaa/nrf_atfifo.c.o
                0x00028058                nrf_atfifo_item_alloc
 .text.nrf_atfifo_item_put
                0x000280b4       0x20 _build/nrf52832_xxaa/nrf_atfifo.c.o
                0x000280b4                nrf_atfifo_item_put
 .text.nrf_atfifo_item_get
                0x000280d4       0x60 _build/nrf52832_xxaa/nrf_atfifo.c.o
                0x000280d4                nrf_atfifo_item_get
 .text.nrf_atfifo_item_free
                0x00028134       0x20 _build/nrf52832_xxaa/nrf_atfifo.c.o
                0x00028134                nrf_atfifo_item_free
 .text.nrf_atflags_set
                0x00028154       0x14 _build/nrf52832_xxaa/nrf_atflags.c.o
                0x00028154                nrf_atflags_set
 .text.nrf_atflags_clear
                0x00028168       0x14 _build/nrf52832_xxaa/nrf_atflags.c.o
                0x00028168                nrf_atflags_clear
 .text.nrf_atflags_get
                0x0002817c       0x14 _build/nrf52832_xxaa/nrf_atflags.c.o
                0x0002817c                nrf_atflags_get
 .text.nrf_atomic_u32_fetch_store
                0x00028190       0x1c _build/nrf52832_xxaa/nrf_atomic.c.o
                0x00028190                nrf_atomic_u32_fetch_store
 .text.nrf_atomic_u32_or
                0x000281ac       0x1c _build/nrf52832_xxaa/nrf_atomic.c.o
                0x000281ac                nrf_atomic_u32_or
 .text.nrf_atomic_u32_and
                0x000281c8       0x1c _build/nrf52832_xxaa/nrf_atomic.c.o
                0x000281c8                nrf_atomic_u32_and
 .text.nrf_atomic_u32_add
                0x000281e4       0x1c _build/nrf52832_xxaa/nrf_atomic.c.o
                0x000281e4                nrf_atomic_u32_add
 .text.nrf_atomic_u32_sub
                0x00028200       0x1c _build/nrf52832_xxaa/nrf_atomic.c.o
                0x00028200                nrf_atomic_u32_sub
 .text.nrf_atomic_flag_set
                0x0002821c       0x20 _build/nrf52832_xxaa/nrf_atomic.c.o
                0x0002821c                nrf_atomic_flag_set
 .text.nrf_atomic_flag_clear_fetch
                0x0002823c       0x20 _build/nrf52832_xxaa/nrf_atomic.c.o
                0x0002823c                nrf_atomic_flag_clear_fetch
 .text.nrf_balloc_init
                0x0002825c       0x38 _build/nrf52832_xxaa/nrf_balloc.c.o
                0x0002825c                nrf_balloc_init
 .text.nrf_balloc_alloc
                0x00028294       0x50 _build/nrf52832_xxaa/nrf_balloc.c.o
                0x00028294                nrf_balloc_alloc
 .text.nrf_balloc_free
                0x000282e4       0x38 _build/nrf52832_xxaa/nrf_balloc.c.o
                0x000282e4                nrf_balloc_free
 .text.nrf_fprintf_buffer_flush
                0x0002831c       0x18 _build/nrf52832_xxaa/nrf_fprintf.c.o
                0x0002831c                nrf_fprintf_buffer_flush
 .text.nrf_fprintf
                0x00028334       0x20 _build/nrf52832_xxaa/nrf_fprintf.c.o
                0x00028334                nrf_fprintf
 .text.unsigned_print
                0x00028354      0x14c _build/nrf52832_xxaa/nrf_fprintf_format.c.o
 .text.nrf_fprintf_fmt
                0x000284a0      0x5cc _build/nrf52832_xxaa/nrf_fprintf_format.c.o
                0x000284a0                nrf_fprintf_fmt
 .text.nrf_memobj_pool_init
                0x00028a6c        0x4 _build/nrf52832_xxaa/nrf_memobj.c.o
                0x00028a6c                nrf_memobj_pool_init
 .text.nrf_memobj_alloc
                0x00028a70       0x94 _build/nrf52832_xxaa/nrf_memobj.c.o
                0x00028a70                nrf_memobj_alloc
 .text.nrf_memobj_free
                0x00028b04       0x3c _build/nrf52832_xxaa/nrf_memobj.c.o
                0x00028b04                nrf_memobj_free
 .text.nrf_memobj_get
                0x00028b40        0x8 _build/nrf52832_xxaa/nrf_memobj.c.o
                0x00028b40                nrf_memobj_get
 .text.nrf_memobj_put
                0x00028b48       0x58 _build/nrf52832_xxaa/nrf_memobj.c.o
                0x00028b48                nrf_memobj_put
 .text.nrf_memobj_write
                0x00028ba0       0x68 _build/nrf52832_xxaa/nrf_memobj.c.o
                0x00028ba0                nrf_memobj_write
 .text.nrf_memobj_read
                0x00028c08       0x68 _build/nrf52832_xxaa/nrf_memobj.c.o
                0x00028c08                nrf_memobj_read
 .text.sd_app_evt_wait
                0x00028c70        0x4 _build/nrf52832_xxaa/nrf_pwr_mgmt.c.o
 .text.nrf_pwr_mgmt_init
                0x00028c74       0x2c _build/nrf52832_xxaa/nrf_pwr_mgmt.c.o
                0x00028c74                nrf_pwr_mgmt_init
 .text.nrf_pwr_mgmt_run
                0x00028ca0       0x54 _build/nrf52832_xxaa/nrf_pwr_mgmt.c.o
                0x00028ca0                nrf_pwr_mgmt_run
 .text.nrf_queue_push
                0x00028cf4       0xe8 _build/nrf52832_xxaa/nrf_queue.c.o
                0x00028cf4                nrf_queue_push
 .text.nrf_queue_generic_pop
                0x00028ddc       0xd8 _build/nrf52832_xxaa/nrf_queue.c.o
                0x00028ddc                nrf_queue_generic_pop
 .text.nrf_queue_is_empty
                0x00028eb4       0x10 _build/nrf52832_xxaa/nrf_queue.c.o
                0x00028eb4                nrf_queue_is_empty
 .text.nrf_ringbuf_init
                0x00028ec4       0x1c _build/nrf52832_xxaa/nrf_ringbuf.c.o
                0x00028ec4                nrf_ringbuf_init
 .text.nrf_section_iter_init
                0x00028ee0       0x14 _build/nrf52832_xxaa/nrf_section_iter.c.o
                0x00028ee0                nrf_section_iter_init
 .text.nrf_section_iter_next
                0x00028ef4       0x18 _build/nrf52832_xxaa/nrf_section_iter.c.o
                0x00028ef4                nrf_section_iter_next
 .text.nrf_sortlist_add
                0x00028f0c       0x28 _build/nrf52832_xxaa/nrf_sortlist.c.o
                0x00028f0c                nrf_sortlist_add
 .text.nrf_sortlist_pop
                0x00028f34        0xc _build/nrf52832_xxaa/nrf_sortlist.c.o
                0x00028f34                nrf_sortlist_pop
 .text.nrf_sortlist_peek
                0x00028f40        0x8 _build/nrf52832_xxaa/nrf_sortlist.c.o
                0x00028f40                nrf_sortlist_peek
 .text.nrf_sortlist_remove
                0x00028f48       0x1c _build/nrf52832_xxaa/nrf_sortlist.c.o
                0x00028f48                nrf_sortlist_remove
 .text.nrf_strerror_get
                0x00028f64       0x50 _build/nrf52832_xxaa/nrf_strerror.c.o
                0x00028f64                nrf_strerror_get
 .text.SystemInit
                0x00028fb4      0x37c _build/nrf52832_xxaa/system_nrf52.c.o
                0x00028fb4                SystemInit
 .text.bsp_board_led_on
                0x00029330       0x18 _build/nrf52832_xxaa/boards.c.o
                0x00029330                bsp_board_led_on
 .text.bsp_board_led_off
                0x00029348       0x18 _build/nrf52832_xxaa/boards.c.o
                0x00029348                bsp_board_led_off
 .text.bsp_board_init
                0x00029360       0x5c _build/nrf52832_xxaa/boards.c.o
                0x00029360                bsp_board_init
 .text.clock_irq_handler
                0x000293bc       0x44 _build/nrf52832_xxaa/nrf_drv_clock.c.o
 .text.soc_evt_handler
                0x00029400       0x28 _build/nrf52832_xxaa/nrf_drv_clock.c.o
 .text.sd_state_evt_handler
                0x00029428       0xc8 _build/nrf52832_xxaa/nrf_drv_clock.c.o
 .text.uarte_evt_handler
                0x000294f0       0x34 _build/nrf52832_xxaa/nrf_drv_uart.c.o
 .text.uart_evt_handler
                0x00029524       0x34 _build/nrf52832_xxaa/nrf_drv_uart.c.o
 .text.nrf_drv_uart_init
                0x00029558       0x80 _build/nrf52832_xxaa/nrf_drv_uart.c.o
                0x00029558                nrf_drv_uart_init
 .text.nrfx_clock_init
                0x000295d8       0x18 _build/nrf52832_xxaa/nrfx_clock.c.o
                0x000295d8                nrfx_clock_init
 .text.nrfx_clock_enable
                0x000295f0       0x24 _build/nrf52832_xxaa/nrfx_clock.c.o
                0x000295f0                nrfx_clock_enable
 .text.nrfx_clock_lfclk_stop
                0x00029614       0x38 _build/nrf52832_xxaa/nrfx_clock.c.o
                0x00029614                nrfx_clock_lfclk_stop
 .text.POWER_CLOCK_IRQHandler
                0x0002964c       0x6c _build/nrf52832_xxaa/nrfx_clock.c.o
                0x0002964c                POWER_CLOCK_IRQHandler
 .text.nrfx_gpiote_init
                0x000296b8       0xa0 _build/nrf52832_xxaa/nrfx_gpiote.c.o
                0x000296b8                nrfx_gpiote_init
 .text.nrfx_gpiote_is_init
                0x00029758       0x14 _build/nrf52832_xxaa/nrfx_gpiote.c.o
                0x00029758                nrfx_gpiote_is_init
 .text.nrfx_gpiote_in_init
                0x0002976c      0x1c8 _build/nrf52832_xxaa/nrfx_gpiote.c.o
                0x0002976c                nrfx_gpiote_in_init
 .text.nrfx_gpiote_in_event_enable
                0x00029934       0xbc _build/nrf52832_xxaa/nrfx_gpiote.c.o
                0x00029934                nrfx_gpiote_in_event_enable
 .text.nrfx_gpiote_in_event_disable
                0x000299f0       0x64 _build/nrf52832_xxaa/nrfx_gpiote.c.o
                0x000299f0                nrfx_gpiote_in_event_disable
 .text.nrfx_gpiote_in_is_set
                0x00029a54       0x14 _build/nrf52832_xxaa/nrfx_gpiote.c.o
                0x00029a54                nrfx_gpiote_in_is_set
 .text.GPIOTE_IRQHandler
                0x00029a68      0x444 _build/nrf52832_xxaa/nrfx_gpiote.c.o
                0x00029a68                GPIOTE_IRQHandler
 .text.UARTE0_UART0_IRQHandler
                0x00029eac        0xc _build/nrf52832_xxaa/nrfx_prs.c.o
                0x00029eac                UARTE0_UART0_IRQHandler
 .text.nrfx_prs_acquire
                0x00029eb8       0x50 _build/nrf52832_xxaa/nrfx_prs.c.o
                0x00029eb8                nrfx_prs_acquire
 .text.nrfx_uart_0_irq_handler
                0x00029f08      0x1c4 _build/nrf52832_xxaa/nrfx_uart.c.o
                0x00029f08                nrfx_uart_0_irq_handler
 .text.nrfx_uart_init
                0x0002a0cc      0x1a4 _build/nrf52832_xxaa/nrfx_uart.c.o
                0x0002a0cc                nrfx_uart_init
 .text.nrfx_uart_tx
                0x0002a270       0xd0 _build/nrf52832_xxaa/nrfx_uart.c.o
                0x0002a270                nrfx_uart_tx
 .text.nrfx_uart_tx_in_progress
                0x0002a340       0x18 _build/nrf52832_xxaa/nrfx_uart.c.o
                0x0002a340                nrfx_uart_tx_in_progress
 .text.nrfx_uart_rx
                0x0002a358      0x148 _build/nrf52832_xxaa/nrfx_uart.c.o
                0x0002a358                nrfx_uart_rx
 .text.nrfx_uarte_0_irq_handler
                0x0002a4a0      0x168 _build/nrf52832_xxaa/nrfx_uarte.c.o
                0x0002a4a0                nrfx_uarte_0_irq_handler
 .text.nrfx_uarte_init
                0x0002a608      0x1dc _build/nrf52832_xxaa/nrfx_uarte.c.o
                0x0002a608                nrfx_uarte_init
 .text.nrfx_uarte_tx
                0x0002a7e4       0xb4 _build/nrf52832_xxaa/nrfx_uarte.c.o
                0x0002a7e4                nrfx_uarte_tx
 .text.nrfx_uarte_tx_in_progress
                0x0002a898       0x1c _build/nrf52832_xxaa/nrfx_uarte.c.o
                0x0002a898                nrfx_uarte_tx_in_progress
 .text.nrfx_uarte_rx
                0x0002a8b4      0x130 _build/nrf52832_xxaa/nrfx_uarte.c.o
                0x0002a8b4                nrfx_uarte_rx
 .text.bsp_event_to_button_action_assign
                0x0002a9e4       0x54 _build/nrf52832_xxaa/bsp.c.o
                0x0002a9e4                bsp_event_to_button_action_assign
 .text.ble_evt_handler
                0x0002aa38       0xac _build/nrf52832_xxaa/bsp_btn_ble.c.o
 .text.sd_ble_gap_conn_param_update
                0x0002aae4        0x4 _build/nrf52832_xxaa/main.c.o
 .text.sd_ble_gap_disconnect
                0x0002aae8        0x4 _build/nrf52832_xxaa/main.c.o
 .text.sd_ble_gap_phy_update
                0x0002aaec        0x4 _build/nrf52832_xxaa/main.c.o
 .text.lbs_error_handler
                0x0002aaf0        0xc _build/nrf52832_xxaa/main.c.o
 .text.db_disc_handler
                0x0002aafc       0x18 _build/nrf52832_xxaa/main.c.o
 .text.lbs_c_evt_handler
                0x0002ab14       0xe0 _build/nrf52832_xxaa/main.c.o
 .text.scan_evt_handler
                0x0002abf4       0x1c _build/nrf52832_xxaa/main.c.o
 .text.uart_error_handle
                0x0002ac10       0x48 _build/nrf52832_xxaa/main.c.o
                0x0002ac10                uart_error_handle
 .text.button_event_handler
                0x0002ac58       0x68 _build/nrf52832_xxaa/main.c.o
 .text.ble_evt_handler
                0x0002acc0      0x238 _build/nrf52832_xxaa/main.c.o
 .text.startup.main
                0x0002aef8      0x260 _build/nrf52832_xxaa/main.c.o
                0x0002aef8                main
 .text.SEGGER_RTT_WriteNoLock
                0x0002b158      0x1bc _build/nrf52832_xxaa/SEGGER_RTT.c.o
                0x0002b158                SEGGER_RTT_WriteNoLock
 .text.SEGGER_RTT_Init
                0x0002b314       0x60 _build/nrf52832_xxaa/SEGGER_RTT.c.o
                0x0002b314                SEGGER_RTT_Init
 .text.ble_advdata_name_find
                0x0002b374       0x68 _build/nrf52832_xxaa/ble_advdata.c.o
                0x0002b374                ble_advdata_name_find
 .text.ble_evt_handler
                0x0002b3dc      0x168 _build/nrf52832_xxaa/ble_conn_state.c.o
 .text.ble_conn_state_init
                0x0002b544       0x10 _build/nrf52832_xxaa/ble_conn_state.c.o
                0x0002b544                ble_conn_state_init
 .text.ble_conn_state_central_conn_count
                0x0002b554       0x38 _build/nrf52832_xxaa/ble_conn_state.c.o
                0x0002b554                ble_conn_state_central_conn_count
 .text.discovery_complete_evt_trigger
                0x0002b58c      0x1b4 _build/nrf52832_xxaa/ble_db_discovery.c.o
 .text.descriptors_discover
                0x0002b740       0xe8 _build/nrf52832_xxaa/ble_db_discovery.c.o
 .text.discovery_error_handler
                0x0002b828      0x110 _build/nrf52832_xxaa/ble_db_discovery.c.o
 .text.on_srv_disc_completion
                0x0002b938      0x1ac _build/nrf52832_xxaa/ble_db_discovery.c.o
 .text.ble_db_discovery_init
                0x0002bae4       0x38 _build/nrf52832_xxaa/ble_db_discovery.c.o
                0x0002bae4                ble_db_discovery_init
 .text.ble_db_discovery_evt_register
                0x0002bb1c       0xcc _build/nrf52832_xxaa/ble_db_discovery.c.o
                0x0002bb1c                ble_db_discovery_evt_register
 .text.ble_db_discovery_start
                0x0002bbe8       0xa4 _build/nrf52832_xxaa/ble_db_discovery.c.o
                0x0002bbe8                ble_db_discovery_start
 .text.ble_db_discovery_on_ble_evt
                0x0002bc8c      0x7b0 _build/nrf52832_xxaa/ble_db_discovery.c.o
                0x0002bc8c                ble_db_discovery_on_ble_evt
 .text.sd_ble_gap_data_length_update
                0x0002c43c        0x4 _build/nrf52832_xxaa/nrf_ble_gatt.c.o
 .text.sd_ble_gattc_exchange_mtu_request
                0x0002c440        0x4 _build/nrf52832_xxaa/nrf_ble_gatt.c.o
 .text.sd_ble_gatts_exchange_mtu_reply
                0x0002c444        0x4 _build/nrf52832_xxaa/nrf_ble_gatt.c.o
 .text.data_length_update
                0x0002c448       0x8c _build/nrf52832_xxaa/nrf_ble_gatt.c.o
 .text.nrf_ble_gatt_init
                0x0002c4d4       0x50 _build/nrf52832_xxaa/nrf_ble_gatt.c.o
                0x0002c4d4                nrf_ble_gatt_init
 .text.nrf_ble_gatt_on_ble_evt
                0x0002c524      0x208 _build/nrf52832_xxaa/nrf_ble_gatt.c.o
                0x0002c524                nrf_ble_gatt_on_ble_evt
 .text.sd_ble_gattc_primary_services_discover
                0x0002c72c        0x4 _build/nrf52832_xxaa/nrf_ble_gq.c.o
 .text.sd_ble_gattc_characteristics_discover
                0x0002c730        0x4 _build/nrf52832_xxaa/nrf_ble_gq.c.o
 .text.sd_ble_gattc_descriptors_discover
                0x0002c734        0x4 _build/nrf52832_xxaa/nrf_ble_gq.c.o
 .text.sd_ble_gattc_read
                0x0002c738        0x4 _build/nrf52832_xxaa/nrf_ble_gq.c.o
 .text.sd_ble_gattc_write
                0x0002c73c        0x4 _build/nrf52832_xxaa/nrf_ble_gq.c.o
 .text.sd_ble_gatts_hvx
                0x0002c740        0x4 _build/nrf52832_xxaa/nrf_ble_gq.c.o
 .text.gatts_hvx_alloc
                0x0002c744       0x3c _build/nrf52832_xxaa/nrf_ble_gq.c.o
 .text.gattc_write_alloc
                0x0002c780       0x28 _build/nrf52832_xxaa/nrf_ble_gq.c.o
 .text.queues_purge.isra.0
                0x0002c7a8       0x70 _build/nrf52832_xxaa/nrf_ble_gq.c.o
 .text.queue_process
                0x0002c818      0x17c _build/nrf52832_xxaa/nrf_ble_gq.c.o
 .text.nrf_ble_gq_item_add
                0x0002c994      0x1c0 _build/nrf52832_xxaa/nrf_ble_gq.c.o
                0x0002c994                nrf_ble_gq_item_add
 .text.nrf_ble_gq_conn_handle_register
                0x0002cb54       0x9c _build/nrf52832_xxaa/nrf_ble_gq.c.o
                0x0002cb54                nrf_ble_gq_conn_handle_register
 .text.nrf_ble_gq_on_ble_evt
                0x0002cbf0       0x94 _build/nrf52832_xxaa/nrf_ble_gq.c.o
                0x0002cbf0                nrf_ble_gq_on_ble_evt
 .text.sd_ble_gap_scan_start
                0x0002cc84        0x4 _build/nrf52832_xxaa/nrf_ble_scan.c.o
 .text.sd_ble_gap_scan_stop
                0x0002cc88        0x4 _build/nrf52832_xxaa/nrf_ble_scan.c.o
 .text.sd_ble_gap_connect
                0x0002cc8c        0x4 _build/nrf52832_xxaa/nrf_ble_scan.c.o
 .text.nrf_ble_scan_filter_set
                0x0002cc90       0x64 _build/nrf52832_xxaa/nrf_ble_scan.c.o
                0x0002cc90                nrf_ble_scan_filter_set
 .text.nrf_ble_scan_filters_enable
                0x0002ccf4       0x28 _build/nrf52832_xxaa/nrf_ble_scan.c.o
                0x0002ccf4                nrf_ble_scan_filters_enable
 .text.nrf_ble_scan_init
                0x0002cd1c       0xac _build/nrf52832_xxaa/nrf_ble_scan.c.o
                0x0002cd1c                nrf_ble_scan_init
 .text.nrf_ble_scan_start
                0x0002cdc8       0x74 _build/nrf52832_xxaa/nrf_ble_scan.c.o
                0x0002cdc8                nrf_ble_scan_start
 .text.nrf_ble_scan_on_ble_evt
                0x0002ce3c      0x1cc _build/nrf52832_xxaa/nrf_ble_scan.c.o
                0x0002ce3c                nrf_ble_scan_on_ble_evt
 .text.sd_ble_uuid_vs_add
                0x0002d008        0x4 _build/nrf52832_xxaa/ble_lbs_c.c.o
 .text.gatt_error_handler
                0x0002d00c        0x8 _build/nrf52832_xxaa/ble_lbs_c.c.o
 .text.ble_lbs_on_db_disc_evt
                0x0002d014      0x1f4 _build/nrf52832_xxaa/ble_lbs_c.c.o
                0x0002d014                ble_lbs_on_db_disc_evt
 .text.ble_lbs_c_init
                0x0002d208       0x68 _build/nrf52832_xxaa/ble_lbs_c.c.o
                0x0002d208                ble_lbs_c_init
 .text.ble_lbs_c_on_ble_evt
                0x0002d270       0x68 _build/nrf52832_xxaa/ble_lbs_c.c.o
                0x0002d270                ble_lbs_c_on_ble_evt
 .text.ble_lbs_c_button_notif_enable
                0x0002d2d8       0x50 _build/nrf52832_xxaa/ble_lbs_c.c.o
                0x0002d2d8                ble_lbs_c_button_notif_enable
 .text.ble_lbs_led_status_send
                0x0002d328       0x64 _build/nrf52832_xxaa/ble_lbs_c.c.o
                0x0002d328                ble_lbs_led_status_send
 .text.ble_lbs_c_handles_assign
                0x0002d38c       0x1c _build/nrf52832_xxaa/ble_lbs_c.c.o
                0x0002d38c                ble_lbs_c_handles_assign
 .text.sd_softdevice_enable
                0x0002d3a8        0x4 _build/nrf52832_xxaa/nrf_sdh.c.o
 .text.nrf_sdh_enable_request
                0x0002d3ac      0x120 _build/nrf52832_xxaa/nrf_sdh.c.o
                0x0002d3ac                nrf_sdh_enable_request
 .text.nrf_sdh_is_enabled
                0x0002d4cc        0xc _build/nrf52832_xxaa/nrf_sdh.c.o
                0x0002d4cc                nrf_sdh_is_enabled
 .text.SWI2_EGU2_IRQHandler
                0x0002d4d8       0x2c _build/nrf52832_xxaa/nrf_sdh.c.o
                0x0002d4d8                SWI2_EGU2_IRQHandler
 .text.sd_ble_enable
                0x0002d504        0x4 _build/nrf52832_xxaa/nrf_sdh_ble.c.o
 .text.sd_ble_cfg_set
                0x0002d508        0x4 _build/nrf52832_xxaa/nrf_sdh_ble.c.o
 .text.sd_ble_evt_get
                0x0002d50c        0x4 _build/nrf52832_xxaa/nrf_sdh_ble.c.o
 .text.nrf_sdh_ble_evts_poll
                0x0002d510       0x68 _build/nrf52832_xxaa/nrf_sdh_ble.c.o
 .text.nrf_sdh_ble_default_cfg_set
                0x0002d578      0x17c _build/nrf52832_xxaa/nrf_sdh_ble.c.o
                0x0002d578                nrf_sdh_ble_default_cfg_set
 .text.nrf_sdh_ble_enable
                0x0002d6f4       0xa0 _build/nrf52832_xxaa/nrf_sdh_ble.c.o
                0x0002d6f4                nrf_sdh_ble_enable
 .text.sd_evt_get
                0x0002d794        0x4 _build/nrf52832_xxaa/nrf_sdh_soc.c.o
 .text.nrf_sdh_soc_evts_poll
                0x0002d798       0x54 _build/nrf52832_xxaa/nrf_sdh_soc.c.o
 .text.app_fifo_init
                0x0002d7ec       0x20 _build/nrf52832_xxaa/app_fifo.c.o
                0x0002d7ec                app_fifo_init
 .text.app_fifo_put
                0x0002d80c       0x30 _build/nrf52832_xxaa/app_fifo.c.o
                0x0002d80c                app_fifo_put
 .text.app_fifo_get
                0x0002d83c       0x2c _build/nrf52832_xxaa/app_fifo.c.o
                0x0002d83c                app_fifo_get
 .text.uart_event_handler
                0x0002d868      0x120 _build/nrf52832_xxaa/app_uart_fifo.c.o
 .text.app_uart_init
                0x0002d988       0xf8 _build/nrf52832_xxaa/app_uart_fifo.c.o
                0x0002d988                app_uart_init
 .text.app_uart_put
                0x0002da80       0x74 _build/nrf52832_xxaa/app_uart_fifo.c.o
                0x0002da80                app_uart_put
 .text.exit     0x0002daf4       0x28 b:/program files (x86)/gnu arm embedded toolchain/9 2020-q2-update/bin/../lib/gcc/arm-none-eabi/9.3.1/../../../../arm-none-eabi/lib/thumb/v7e-m+fp/hard\libc_nano.a(lib_a-exit.o)
                0x0002daf4                exit
 .text.__libc_init_array
                0x0002db1c       0x48 b:/program files (x86)/gnu arm embedded toolchain/9 2020-q2-update/bin/../lib/gcc/arm-none-eabi/9.3.1/../../../../arm-none-eabi/lib/thumb/v7e-m+fp/hard\libc_nano.a(lib_a-init.o)
                0x0002db1c                __libc_init_array
 .text.memcmp   0x0002db64       0x1c b:/program files (x86)/gnu arm embedded toolchain/9 2020-q2-update/bin/../lib/gcc/arm-none-eabi/9.3.1/../../../../arm-none-eabi/lib/thumb/v7e-m+fp/hard\libc_nano.a(lib_a-memcmp.o)
                0x0002db64                memcmp
 .text.memcpy   0x0002db80       0x1c b:/program files (x86)/gnu arm embedded toolchain/9 2020-q2-update/bin/../lib/gcc/arm-none-eabi/9.3.1/../../../../arm-none-eabi/lib/thumb/v7e-m+fp/hard\libc_nano.a(lib_a-memcpy-stub.o)
                0x0002db80                memcpy
 .text.memset   0x0002db9c       0x10 b:/program files (x86)/gnu arm embedded toolchain/9 2020-q2-update/bin/../lib/gcc/arm-none-eabi/9.3.1/../../../../arm-none-eabi/lib/thumb/v7e-m+fp/hard\libc_nano.a(lib_a-memset.o)
                0x0002db9c                memset
 .text          0x0002dbac       0x14 b:/program files (x86)/gnu arm embedded toolchain/9 2020-q2-update/bin/../lib/gcc/arm-none-eabi/9.3.1/../../../../arm-none-eabi/lib/thumb/v7e-m+fp/hard\libc_nano.a(lib_a-strcmp.o)
                0x0002dbac                strcmp
 .text.strcpy   0x0002dbc0       0x10 b:/program files (x86)/gnu arm embedded toolchain/9 2020-q2-update/bin/../lib/gcc/arm-none-eabi/9.3.1/../../../../arm-none-eabi/lib/thumb/v7e-m+fp/hard\libc_nano.a(lib_a-strcpy.o)
                0x0002dbc0                strcpy
 .text          0x0002dbd0       0x10 b:/program files (x86)/gnu arm embedded toolchain/9 2020-q2-update/bin/../lib/gcc/arm-none-eabi/9.3.1/../../../../arm-none-eabi/lib/thumb/v7e-m+fp/hard\libc_nano.a(lib_a-strlen.o)
                0x0002dbd0                strlen
 .text._exit    0x0002dbe0        0x4 b:/program files (x86)/gnu arm embedded toolchain/9 2020-q2-update/bin/../lib/gcc/arm-none-eabi/9.3.1/../../../../arm-none-eabi/lib/thumb/v7e-m+fp/hard\libnosys.a(_exit.o)
                0x0002dbe0                _exit
 *(.init)
 .init          0x0002dbe4        0x4 b:/program files (x86)/gnu arm embedded toolchain/9 2020-q2-update/bin/../lib/gcc/arm-none-eabi/9.3.1/thumb/v7e-m+fp/hard/crti.o
                0x0002dbe4                _init
 .init          0x0002dbe8        0x8 b:/program files (x86)/gnu arm embedded toolchain/9 2020-q2-update/bin/../lib/gcc/arm-none-eabi/9.3.1/thumb/v7e-m+fp/hard/crtn.o
 *(.fini)
 .fini          0x0002dbf0        0x4 b:/program files (x86)/gnu arm embedded toolchain/9 2020-q2-update/bin/../lib/gcc/arm-none-eabi/9.3.1/thumb/v7e-m+fp/hard/crti.o
                0x0002dbf0                _fini
 .fini          0x0002dbf4        0x8 b:/program files (x86)/gnu arm embedded toolchain/9 2020-q2-update/bin/../lib/gcc/arm-none-eabi/9.3.1/thumb/v7e-m+fp/hard/crtn.o
 *crtbegin.o(.ctors)
 *crtbegin?.o(.ctors)
 *(EXCLUDE_FILE(*crtend.o *crtend?.o) .ctors)
 *(SORT_BY_NAME(.ctors.*))
 *(.ctors)
 *crtbegin.o(.dtors)
 *crtbegin?.o(.dtors)
 *(EXCLUDE_FILE(*crtend.o *crtend?.o) .dtors)
 *(SORT_BY_NAME(.dtors.*))
 *(.dtors)
 *(.rodata*)
 *fill*         0x0002dbfc        0x4 
 .rodata.delay_machine_code.9226
                0x0002dc00        0x6 _build/nrf52832_xxaa/nrf_log_backend_rtt.c.o
 *fill*         0x0002dc06        0x2 
 .rodata.nrf_log_backend_rtt_api
                0x0002dc08        0xc _build/nrf52832_xxaa/nrf_log_backend_rtt.c.o
                0x0002dc08                nrf_log_backend_rtt_api
 .rodata.str1.4
                0x0002dc14       0x10 _build/nrf52832_xxaa/nrf_log_default_backends.c.o
 .rodata.nrf_log_frontend_dequeue.str1.4
                0x0002dc24       0x11 _build/nrf52832_xxaa/nrf_log_frontend.c.o
 *fill*         0x0002dc35        0x3 
 .rodata.str1.4
                0x0002dc38        0x4 _build/nrf52832_xxaa/nrf_log_frontend.c.o
 .rodata.m_log_push_ringbuf
                0x0002dc3c        0xc _build/nrf52832_xxaa/nrf_log_frontend.c.o
 .rodata.prefix_process.str1.4
                0x0002dc48       0x36 _build/nrf52832_xxaa/nrf_log_str_formatter.c.o
 *fill*         0x0002dc7e        0x2 
 .rodata.nrf_log_std_entry_process.str1.4
                0x0002dc80        0x3 _build/nrf52832_xxaa/nrf_log_str_formatter.c.o
 *fill*         0x0002dc83        0x1 
 .rodata.nrf_log_hexdump_entry_process.str1.4
                0x0002dc84       0x13 _build/nrf52832_xxaa/nrf_log_str_formatter.c.o
                                 0x16 (size before relaxing)
 *fill*         0x0002dc97        0x1 
 .rodata.str1.4
                0x0002dc98       0x56 _build/nrf52832_xxaa/nrf_log_str_formatter.c.o
 *fill*         0x0002dcee        0x2 
 .rodata.m_colors
                0x0002dcf0       0x24 _build/nrf52832_xxaa/nrf_log_str_formatter.c.o
 .rodata.severity_names
                0x0002dd14       0x14 _build/nrf52832_xxaa/nrf_log_str_formatter.c.o
 .rodata.str1.4
                0x0002dd28        0xb _build/nrf52832_xxaa/app_button.c.o
 *fill*         0x0002dd33        0x1 
 .rodata.m_detection_delay_timer_id
                0x0002dd34        0x4 _build/nrf52832_xxaa/app_button.c.o
 .rodata.app_error_fault_handler.str1.4
                0x0002dd38       0xb4 _build/nrf52832_xxaa/app_error_weak.c.o
 .rodata.str1.4
                0x0002ddec        0xa _build/nrf52832_xxaa/app_timer2.c.o
 *fill*         0x0002ddf6        0x2 
 .rodata        0x0002ddf8        0x4 _build/nrf52832_xxaa/app_timer2.c.o
 .rodata.m_app_timer_sortlist
                0x0002ddfc        0xc _build/nrf52832_xxaa/app_timer2.c.o
 .rodata.drv_rtc_init.str1.4
                0x0002de08       0x36 _build/nrf52832_xxaa/drv_rtc.c.o
 *fill*         0x0002de3e        0x2 
 .rodata.delay_machine_code.8550
                0x0002de40        0x6 _build/nrf52832_xxaa/drv_rtc.c.o
 *fill*         0x0002de46        0x2 
 .rodata._aV2C.7647
                0x0002de48       0x10 _build/nrf52832_xxaa/nrf_fprintf_format.c.o
 .rodata.str1.4
                0x0002de58        0x9 _build/nrf52832_xxaa/nrf_pwr_mgmt.c.o
 *fill*         0x0002de61        0x3 
 .rodata.pwr_mgmt_data
                0x0002de64        0xc _build/nrf52832_xxaa/nrf_pwr_mgmt.c.o
 .rodata.str1.4
                0x0002de70        0x9 _build/nrf52832_xxaa/nrf_sortlist.c.o
 *fill*         0x0002de79        0x3 
 .rodata.str1.4
                0x0002de7c      0x3e9 _build/nrf52832_xxaa/nrf_strerror.c.o
 *fill*         0x0002e265        0x3 
 .rodata.m_unknown_str
                0x0002e268       0x13 _build/nrf52832_xxaa/nrf_strerror.c.o
 *fill*         0x0002e27b        0x1 
 .rodata.nrf_strerror_array
                0x0002e27c      0x128 _build/nrf52832_xxaa/nrf_strerror.c.o
 .rodata.CSWTCH.15
                0x0002e3a4        0x4 _build/nrf52832_xxaa/system_nrf52.c.o
 .rodata.CSWTCH.19
                0x0002e3a8        0x4 _build/nrf52832_xxaa/system_nrf52.c.o
 .rodata.CSWTCH.5
                0x0002e3ac        0x4 _build/nrf52832_xxaa/system_nrf52.c.o
 .rodata.m_board_led_list
                0x0002e3b0        0x4 _build/nrf52832_xxaa/boards.c.o
 .rodata.str1.4
                0x0002e3b4        0x6 _build/nrf52832_xxaa/nrf_drv_clock.c.o
 *fill*         0x0002e3ba        0x2 
 .rodata.str1.4
                0x0002e3bc        0x6 _build/nrf52832_xxaa/nrfx_clock.c.o
 *fill*         0x0002e3c2        0x2 
 .rodata.str1.4
                0x0002e3c4        0x7 _build/nrf52832_xxaa/nrfx_gpiote.c.o
 *fill*         0x0002e3cb        0x1 
 .rodata.str1.4
                0x0002e3cc        0x4 _build/nrf52832_xxaa/nrfx_prs.c.o
 .rodata.str1.4
                0x0002e3d0        0x5 _build/nrf52832_xxaa/nrfx_uart.c.o
 *fill*         0x0002e3d5        0x3 
 .rodata.str1.4
                0x0002e3d8        0x6 _build/nrf52832_xxaa/nrfx_uarte.c.o
 *fill*         0x0002e3de        0x2 
 .rodata.lbs_error_handler.str1.4
                0x0002e3e0       0x10 _build/nrf52832_xxaa/main.c.o
 .rodata.lbs_c_evt_handler.str1.4
                0x0002e3f0       0x7d _build/nrf52832_xxaa/main.c.o
 *fill*         0x0002e46d        0x3 
 .rodata.uart_error_handle.str1.4
                0x0002e470        0x9 _build/nrf52832_xxaa/main.c.o
 *fill*         0x0002e479        0x3 
 .rodata.button_event_handler.str1.4
                0x0002e47c       0x17 _build/nrf52832_xxaa/main.c.o
 *fill*         0x0002e493        0x1 
 .rodata.ble_evt_handler.str1.4
                0x0002e494       0x9a _build/nrf52832_xxaa/main.c.o
 *fill*         0x0002e52e        0x2 
 .rodata.main.str1.4
                0x0002e530       0x1d _build/nrf52832_xxaa/main.c.o
 *fill*         0x0002e54d        0x3 
 .rodata.comm_params
                0x0002e550       0x18 _build/nrf52832_xxaa/main.c.o
                0x0002e550                comm_params
 .rodata.m_ble_gatt_queuereq_queue
                0x0002e568       0xa0 _build/nrf52832_xxaa/main.c.o
 .rodata.m_target_periph_name
                0x0002e608        0x7 _build/nrf52832_xxaa/main.c.o
 *fill*         0x0002e60f        0x1 
 .rodata.SEGGER_RTT_ReadNoLock.str1.4
                0x0002e610       0x17 _build/nrf52832_xxaa/SEGGER_RTT.c.o
 *fill*         0x0002e627        0x1 
 .rodata.ble_evt_handler.str1.4
                0x0002e628       0x39 _build/nrf52832_xxaa/ble_conn_state.c.o
 *fill*         0x0002e661        0x3 
 .rodata.ble_db_discovery_on_ble_evt.str1.4
                0x0002e664      0x10a _build/nrf52832_xxaa/ble_db_discovery.c.o
 *fill*         0x0002e76e        0x2 
 .rodata.str1.4
                0x0002e770        0xc _build/nrf52832_xxaa/ble_db_discovery.c.o
 .rodata.data_length_update.str1.4
                0x0002e77c       0xe2 _build/nrf52832_xxaa/nrf_ble_gatt.c.o
 *fill*         0x0002e85e        0x2 
 .rodata.nrf_ble_gatt_on_ble_evt.str1.4
                0x0002e860       0x63 _build/nrf52832_xxaa/nrf_ble_gatt.c.o
 *fill*         0x0002e8c3        0x1 
 .rodata.str1.4
                0x0002e8c4        0xd _build/nrf52832_xxaa/nrf_ble_gatt.c.o
 *fill*         0x0002e8d1        0x3 
 .rodata.queue_process.str1.4
                0x0002e8d4       0x66 _build/nrf52832_xxaa/nrf_ble_gq.c.o
 *fill*         0x0002e93a        0x2 
 .rodata.str1.4
                0x0002e93c        0xb _build/nrf52832_xxaa/nrf_ble_gq.c.o
 *fill*         0x0002e947        0x1 
 .rodata.m_req_data_alloc
                0x0002e948       0x18 _build/nrf52832_xxaa/nrf_ble_gq.c.o
 .rodata.nrf_ble_scan_start.str1.4
                0x0002e960       0x24 _build/nrf52832_xxaa/nrf_ble_scan.c.o
 .rodata.str1.4
                0x0002e984        0x9 _build/nrf52832_xxaa/nrf_ble_scan.c.o
 *fill*         0x0002e98d        0x3 
 .rodata.str1.4
                0x0002e990        0xa _build/nrf52832_xxaa/ble_lbs_c.c.o
 *fill*         0x0002e99a        0x2 
 .rodata        0x0002e99c       0x10 _build/nrf52832_xxaa/ble_lbs_c.c.o
 .rodata.nrf_sdh_enable_request.str1.4
                0x0002e9ac       0x39 _build/nrf52832_xxaa/nrf_sdh.c.o
 *fill*         0x0002e9e5        0x3 
 .rodata.str1.4
                0x0002e9e8        0x8 _build/nrf52832_xxaa/nrf_sdh.c.o
 .rodata        0x0002e9f0        0x4 _build/nrf52832_xxaa/nrf_sdh.c.o
 .rodata.sdh_req_observers
                0x0002e9f4        0xc _build/nrf52832_xxaa/nrf_sdh.c.o
 .rodata.sdh_stack_observers
                0x0002ea00        0xc _build/nrf52832_xxaa/nrf_sdh.c.o
 .rodata.sdh_state_observers
                0x0002ea0c        0xc _build/nrf52832_xxaa/nrf_sdh.c.o
 .rodata.nrf_sdh_ble_evts_poll.str1.4
                0x0002ea18       0x3d _build/nrf52832_xxaa/nrf_sdh_ble.c.o
 *fill*         0x0002ea55        0x3 
 .rodata.nrf_sdh_ble_default_cfg_set.str1.4
                0x0002ea58      0x187 _build/nrf52832_xxaa/nrf_sdh_ble.c.o
 *fill*         0x0002ebdf        0x1 
 .rodata.nrf_sdh_ble_enable.str1.4
                0x0002ebe0       0xad _build/nrf52832_xxaa/nrf_sdh_ble.c.o
 *fill*         0x0002ec8d        0x3 
 .rodata.str1.4
                0x0002ec90        0xc _build/nrf52832_xxaa/nrf_sdh_ble.c.o
 .rodata.sdh_ble_observers
                0x0002ec9c        0xc _build/nrf52832_xxaa/nrf_sdh_ble.c.o
 .rodata.nrf_sdh_soc_evts_poll.str1.4
                0x0002eca8       0x3d _build/nrf52832_xxaa/nrf_sdh_soc.c.o
 *fill*         0x0002ece5        0x3 
 .rodata.str1.4
                0x0002ece8        0xc _build/nrf52832_xxaa/nrf_sdh_soc.c.o
 .rodata.sdh_soc_observers
                0x0002ecf4        0xc _build/nrf52832_xxaa/nrf_sdh_soc.c.o
 .rodata        0x0002ed00       0x20 _build/nrf52832_xxaa/app_uart_fifo.c.o
 .rodata._ctype_
                0x0002ed20      0x101 b:/program files (x86)/gnu arm embedded toolchain/9 2020-q2-update/bin/../lib/gcc/arm-none-eabi/9.3.1/../../../../arm-none-eabi/lib/thumb/v7e-m+fp/hard\libc_nano.a(lib_a-ctype_.o)
                0x0002ed20                _ctype_
 *fill*         0x0002ee21        0x3 
 .rodata._global_impure_ptr
                0x0002ee24        0x4 b:/program files (x86)/gnu arm embedded toolchain/9 2020-q2-update/bin/../lib/gcc/arm-none-eabi/9.3.1/../../../../arm-none-eabi/lib/thumb/v7e-m+fp/hard\libc_nano.a(lib_a-impure.o)
                0x0002ee24                _global_impure_ptr
 *(.eh_frame*)
 .eh_frame      0x0002ee28        0x0 b:/program files (x86)/gnu arm embedded toolchain/9 2020-q2-update/bin/../lib/gcc/arm-none-eabi/9.3.1/thumb/v7e-m+fp/hard/crtbegin.o
 .eh_frame      0x0002ee28        0x4 b:/program files (x86)/gnu arm embedded toolchain/9 2020-q2-update/bin/../lib/gcc/arm-none-eabi/9.3.1/thumb/v7e-m+fp/hard/crtend.o

.glue_7         0x0002ee2c        0x0
 .glue_7        0x0002ee2c        0x0 linker stubs

.glue_7t        0x0002ee2c        0x0
 .glue_7t       0x0002ee2c        0x0 linker stubs

.vfp11_veneer   0x0002ee2c        0x0
 .vfp11_veneer  0x0002ee2c        0x0 linker stubs

.v4_bx          0x0002ee2c        0x0
 .v4_bx         0x0002ee2c        0x0 linker stubs

.iplt           0x0002ee2c        0x0
 .iplt          0x0002ee2c        0x0 b:/program files (x86)/gnu arm embedded toolchain/9 2020-q2-update/bin/../lib/gcc/arm-none-eabi/9.3.1/thumb/v7e-m+fp/hard/crtbegin.o

.mem_section_dummy_rom

.sdh_soc_observers
                0x0002ee2c        0x8
                0x0002ee2c                PROVIDE (__start_sdh_soc_observers = .)
 *(SORT_BY_NAME(.sdh_soc_observers*))
 .sdh_soc_observers0
                0x0002ee2c        0x8 _build/nrf52832_xxaa/nrf_drv_clock.c.o
                0x0002ee34                PROVIDE (__stop_sdh_soc_observers = .)

.pwr_mgmt_data  0x0002ee34        0x0
                0x0002ee34                PROVIDE (__start_pwr_mgmt_data = .)
 *(SORT_BY_NAME(.pwr_mgmt_data*))
                0x0002ee34                PROVIDE (__stop_pwr_mgmt_data = .)

.sdh_ble_observers
                0x0002ee34       0xb0
                0x0002ee34                PROVIDE (__start_sdh_ble_observers = .)
 *(SORT_BY_NAME(.sdh_ble_observers*))
 .sdh_ble_observers0
                0x0002ee34        0x8 _build/nrf52832_xxaa/ble_conn_state.c.o
 .sdh_ble_observers1
                0x0002ee3c        0x8 _build/nrf52832_xxaa/bsp_btn_ble.c.o
 .sdh_ble_observers1
                0x0002ee44       0x58 _build/nrf52832_xxaa/main.c.o
 .sdh_ble_observers2
                0x0002ee9c       0x40 _build/nrf52832_xxaa/main.c.o
 .sdh_ble_observers3
                0x0002eedc        0x8 _build/nrf52832_xxaa/main.c.o
                0x0002eee4                PROVIDE (__stop_sdh_ble_observers = .)

.log_const_data
                0x0002eee4       0x98
                0x0002eee4                PROVIDE (__start_log_const_data = .)
 *(SORT_BY_NAME(.log_const_data*))
 .log_const_data_CLOCK
                0x0002eee4        0x8 _build/nrf52832_xxaa/nrfx_clock.c.o
                0x0002eee4                m_nrf_log_CLOCK_logs_data_const
 .log_const_data_GPIOTE
                0x0002eeec        0x8 _build/nrf52832_xxaa/nrfx_gpiote.c.o
                0x0002eeec                m_nrf_log_GPIOTE_logs_data_const
 .log_const_data_PRS
                0x0002eef4        0x8 _build/nrf52832_xxaa/nrfx_prs.c.o
                0x0002eef4                m_nrf_log_PRS_logs_data_const
 .log_const_data_UART
                0x0002eefc        0x8 _build/nrf52832_xxaa/nrfx_uart.c.o
                0x0002eefc                m_nrf_log_UART_logs_data_const
 .log_const_data_UARTE
                0x0002ef04        0x8 _build/nrf52832_xxaa/nrfx_uarte.c.o
                0x0002ef04                m_nrf_log_UARTE_logs_data_const
 .log_const_data_app
                0x0002ef0c        0x8 _build/nrf52832_xxaa/nrf_log_frontend.c.o
                0x0002ef0c                m_nrf_log_app_logs_data_const
 .log_const_data_app_button
                0x0002ef14        0x8 _build/nrf52832_xxaa/app_button.c.o
                0x0002ef14                m_nrf_log_app_button_logs_data_const
 .log_const_data_app_timer
                0x0002ef1c        0x8 _build/nrf52832_xxaa/app_timer2.c.o
                0x0002ef1c                m_nrf_log_app_timer_logs_data_const
 .log_const_data_ble_db_disc
                0x0002ef24        0x8 _build/nrf52832_xxaa/ble_db_discovery.c.o
                0x0002ef24                m_nrf_log_ble_db_disc_logs_data_const
 .log_const_data_ble_lbs_c
                0x0002ef2c        0x8 _build/nrf52832_xxaa/ble_lbs_c.c.o
                0x0002ef2c                m_nrf_log_ble_lbs_c_logs_data_const
 .log_const_data_ble_scan
                0x0002ef34        0x8 _build/nrf52832_xxaa/nrf_ble_scan.c.o
                0x0002ef34                m_nrf_log_ble_scan_logs_data_const
 .log_const_data_clock
                0x0002ef3c        0x8 _build/nrf52832_xxaa/nrf_drv_clock.c.o
                0x0002ef3c                m_nrf_log_clock_logs_data_const
 .log_const_data_nrf_ble_gatt
                0x0002ef44        0x8 _build/nrf52832_xxaa/nrf_ble_gatt.c.o
                0x0002ef44                m_nrf_log_nrf_ble_gatt_logs_data_const
 .log_const_data_nrf_ble_gq
                0x0002ef4c        0x8 _build/nrf52832_xxaa/nrf_ble_gq.c.o
                0x0002ef4c                m_nrf_log_nrf_ble_gq_logs_data_const
 .log_const_data_nrf_sdh
                0x0002ef54        0x8 _build/nrf52832_xxaa/nrf_sdh.c.o
                0x0002ef54                m_nrf_log_nrf_sdh_logs_data_const
 .log_const_data_nrf_sdh_ble
                0x0002ef5c        0x8 _build/nrf52832_xxaa/nrf_sdh_ble.c.o
                0x0002ef5c                m_nrf_log_nrf_sdh_ble_logs_data_const
 .log_const_data_nrf_sdh_soc
                0x0002ef64        0x8 _build/nrf52832_xxaa/nrf_sdh_soc.c.o
                0x0002ef64                m_nrf_log_nrf_sdh_soc_logs_data_const
 .log_const_data_pwr_mgmt
                0x0002ef6c        0x8 _build/nrf52832_xxaa/nrf_pwr_mgmt.c.o
                0x0002ef6c                m_nrf_log_pwr_mgmt_logs_data_const
 .log_const_data_sortlist
                0x0002ef74        0x8 _build/nrf52832_xxaa/nrf_sortlist.c.o
                0x0002ef74                m_nrf_log_sortlist_logs_data_const
                0x0002ef7c                PROVIDE (__stop_log_const_data = .)

.nrf_balloc     0x0002ef7c       0x28
                [!provide]                PROVIDE (__start_nrf_balloc = .)
 *(.nrf_balloc)
 .nrf_balloc    0x0002ef7c       0x14 _build/nrf52832_xxaa/nrf_log_frontend.c.o
                0x0002ef7c                log_mempool
 .nrf_balloc    0x0002ef90       0x14 _build/nrf52832_xxaa/main.c.o
                0x0002ef90                m_ble_gatt_queuepool
                [!provide]                PROVIDE (__stop_nrf_balloc = .)

.nrf_queue      0x0002efa4       0x14
                [!provide]                PROVIDE (__start_nrf_queue = .)
 *(.nrf_queue)
 .nrf_queue     0x0002efa4       0x14 _build/nrf52832_xxaa/main.c.o
                0x0002efa4                m_ble_gatt_queuepurge_queue
                [!provide]                PROVIDE (__stop_nrf_queue = .)

.sdh_req_observers
                0x0002efb8        0x0
                0x0002efb8                PROVIDE (__start_sdh_req_observers = .)
 *(SORT_BY_NAME(.sdh_req_observers*))
                0x0002efb8                PROVIDE (__stop_sdh_req_observers = .)

.sdh_state_observers
                0x0002efb8        0x8
                0x0002efb8                PROVIDE (__start_sdh_state_observers = .)
 *(SORT_BY_NAME(.sdh_state_observers*))
 .sdh_state_observers0
                0x0002efb8        0x8 _build/nrf52832_xxaa/nrf_drv_clock.c.o
                0x0002efc0                PROVIDE (__stop_sdh_state_observers = .)

.sdh_stack_observers
                0x0002efc0       0x10
                0x0002efc0                PROVIDE (__start_sdh_stack_observers = .)
 *(SORT_BY_NAME(.sdh_stack_observers*))
 .sdh_stack_observers0
                0x0002efc0        0x8 _build/nrf52832_xxaa/nrf_sdh_ble.c.o
 .sdh_stack_observers0
                0x0002efc8        0x8 _build/nrf52832_xxaa/nrf_sdh_soc.c.o
                0x0002efd0                PROVIDE (__stop_sdh_stack_observers = .)

.cli_command    0x0002efd0        0x0
                [!provide]                PROVIDE (__start_cli_command = .)
 *(.cli_command)
                [!provide]                PROVIDE (__stop_cli_command = .)

.crypto_data    0x0002efd0        0x0
                [!provide]                PROVIDE (__start_crypto_data = .)
 *(SORT_BY_NAME(.crypto_data*))
                [!provide]                PROVIDE (__stop_crypto_data = .)

.log_backends   0x0002efd0       0x10
                [!provide]                PROVIDE (__start_log_backends = .)
 *(SORT_BY_NAME(.log_backends*))
 .log_backends  0x0002efd0       0x10 _build/nrf52832_xxaa/nrf_log_default_backends.c.o
                [!provide]                PROVIDE (__stop_log_backends = .)

.ARM.extab
 *(.ARM.extab* .gnu.linkonce.armextab.*)
                0x0002efe0                __exidx_start = .

.ARM.exidx      0x0002efe0        0x8
 *(.ARM.exidx* .gnu.linkonce.armexidx.*)
 .ARM.exidx     0x0002efe0        0x8 b:/program files (x86)/gnu arm embedded toolchain/9 2020-q2-update/bin/../lib/gcc/arm-none-eabi/9.3.1/../../../../arm-none-eabi/lib/thumb/v7e-m+fp/hard/crt0.o
                                 0x10 (size before relaxing)
                0x0002efe8                __exidx_end = .

.rel.dyn        0x0002efe8        0x0
 .rel.iplt      0x0002efe8        0x0 b:/program files (x86)/gnu arm embedded toolchain/9 2020-q2-update/bin/../lib/gcc/arm-none-eabi/9.3.1/thumb/v7e-m+fp/hard/crtbegin.o
                0x0002efe8                . = ALIGN (0x4)
                0x0002efe8                __etext = .

.data           0x20004398     0x2f3c load address 0x0002efe8
                0x20004398                __data_start__ = .
 *(vtable)
 *(.data*)
 .data.log_backend_cb_rtt_log_backend
                0x20004398        0x8 _build/nrf52832_xxaa/nrf_log_default_backends.c.o
 .data.m_rtc_inst
                0x200043a0        0x8 _build/nrf52832_xxaa/app_timer2.c.o
 .data.SystemCoreClock
                0x200043a8        0x4 _build/nrf52832_xxaa/system_nrf52.c.o
                0x200043a8                SystemCoreClock
 .data.buttons.12749
                0x200043ac        0x8 _build/nrf52832_xxaa/main.c.o
 .data.m_ble_gatt_queue
                0x200043b4       0x14 _build/nrf52832_xxaa/main.c.o
 .data.m_ble_gatt_queueconn_handles_arr
                0x200043c8       0x10 _build/nrf52832_xxaa/main.c.o
 .data.m_db_disc
                0x200043d8     0x2e80 _build/nrf52832_xxaa/main.c.o
 .data.app_uart_inst
                0x20007258       0x14 _build/nrf52832_xxaa/app_uart_fifo.c.o
 .data.impure_data
                0x2000726c       0x60 b:/program files (x86)/gnu arm embedded toolchain/9 2020-q2-update/bin/../lib/gcc/arm-none-eabi/9.3.1/../../../../arm-none-eabi/lib/thumb/v7e-m+fp/hard\libc_nano.a(lib_a-impure.o)
                0x200072cc                . = ALIGN (0x4)
                0x200072cc                PROVIDE (__preinit_array_start = .)
 *(.preinit_array)
                0x200072cc                PROVIDE (__preinit_array_end = .)
                0x200072cc                . = ALIGN (0x4)
                0x200072cc                PROVIDE (__init_array_start = .)
 *(SORT_BY_NAME(.init_array.*))
 *(.init_array)
 .init_array    0x200072cc        0x4 b:/program files (x86)/gnu arm embedded toolchain/9 2020-q2-update/bin/../lib/gcc/arm-none-eabi/9.3.1/thumb/v7e-m+fp/hard/crtbegin.o
                0x200072d0                PROVIDE (__init_array_end = .)
                0x200072d0                . = ALIGN (0x4)
                [!provide]                PROVIDE (__fini_array_start = .)
 *(SORT_BY_NAME(.fini_array.*))
 *(.fini_array)
 .fini_array    0x200072d0        0x4 b:/program files (x86)/gnu arm embedded toolchain/9 2020-q2-update/bin/../lib/gcc/arm-none-eabi/9.3.1/thumb/v7e-m+fp/hard/crtbegin.o
                [!provide]                PROVIDE (__fini_array_end = .)
 *(.jcr*)
                0x200072d4                . = ALIGN (0x4)
                0x200072d4                __data_end__ = .
LOAD b:/program files (x86)/gnu arm embedded toolchain/9 2020-q2-update/bin/../lib/gcc/arm-none-eabi/9.3.1/thumb/v7e-m+fp/hard/crti.o
LOAD b:/program files (x86)/gnu arm embedded toolchain/9 2020-q2-update/bin/../lib/gcc/arm-none-eabi/9.3.1/thumb/v7e-m+fp/hard/crtbegin.o
LOAD b:/program files (x86)/gnu arm embedded toolchain/9 2020-q2-update/bin/../lib/gcc/arm-none-eabi/9.3.1/../../../../arm-none-eabi/lib/thumb/v7e-m+fp/hard/crt0.o
LOAD _build/nrf52832_xxaa/gcc_startup_nrf52.S.o
LOAD _build/nrf52832_xxaa/nrf_log_backend_rtt.c.o
LOAD _build/nrf52832_xxaa/nrf_log_backend_serial.c.o
LOAD _build/nrf52832_xxaa/nrf_log_backend_uart.c.o
LOAD _build/nrf52832_xxaa/nrf_log_default_backends.c.o
LOAD _build/nrf52832_xxaa/nrf_log_frontend.c.o
LOAD _build/nrf52832_xxaa/nrf_log_str_formatter.c.o
LOAD _build/nrf52832_xxaa/app_button.c.o
LOAD _build/nrf52832_xxaa/app_error.c.o
LOAD _build/nrf52832_xxaa/app_error_handler_gcc.c.o
LOAD _build/nrf52832_xxaa/app_error_weak.c.o
LOAD _build/nrf52832_xxaa/app_scheduler.c.o
LOAD _build/nrf52832_xxaa/app_timer2.c.o
LOAD _build/nrf52832_xxaa/app_util_platform.c.o
LOAD _build/nrf52832_xxaa/drv_rtc.c.o
LOAD _build/nrf52832_xxaa/hardfault_implementation.c.o
LOAD _build/nrf52832_xxaa/nrf_assert.c.o
LOAD _build/nrf52832_xxaa/nrf_atfifo.c.o
LOAD _build/nrf52832_xxaa/nrf_atflags.c.o
LOAD _build/nrf52832_xxaa/nrf_atomic.c.o
LOAD _build/nrf52832_xxaa/nrf_balloc.c.o
LOAD _build/nrf52832_xxaa/nrf_fprintf.c.o
LOAD _build/nrf52832_xxaa/nrf_fprintf_format.c.o
LOAD _build/nrf52832_xxaa/nrf_memobj.c.o
LOAD _build/nrf52832_xxaa/nrf_pwr_mgmt.c.o
LOAD _build/nrf52832_xxaa/nrf_queue.c.o
LOAD _build/nrf52832_xxaa/nrf_ringbuf.c.o
LOAD _build/nrf52832_xxaa/nrf_section_iter.c.o
LOAD _build/nrf52832_xxaa/nrf_sortlist.c.o
LOAD _build/nrf52832_xxaa/nrf_strerror.c.o
LOAD _build/nrf52832_xxaa/system_nrf52.c.o
LOAD _build/nrf52832_xxaa/boards.c.o
LOAD _build/nrf52832_xxaa/nrf_drv_clock.c.o
LOAD _build/nrf52832_xxaa/nrf_drv_uart.c.o
LOAD _build/nrf52832_xxaa/nrfx_atomic.c.o
LOAD _build/nrf52832_xxaa/nrfx_clock.c.o
LOAD _build/nrf52832_xxaa/nrfx_gpiote.c.o
LOAD _build/nrf52832_xxaa/nrfx_prs.c.o
LOAD _build/nrf52832_xxaa/nrfx_uart.c.o
LOAD _build/nrf52832_xxaa/nrfx_uarte.c.o
LOAD _build/nrf52832_xxaa/bsp.c.o
LOAD _build/nrf52832_xxaa/bsp_btn_ble.c.o
LOAD _build/nrf52832_xxaa/main.c.o
LOAD _build/nrf52832_xxaa/SEGGER_RTT.c.o
LOAD _build/nrf52832_xxaa/SEGGER_RTT_Syscalls_GCC.c.o
LOAD _build/nrf52832_xxaa/SEGGER_RTT_printf.c.o
LOAD _build/nrf52832_xxaa/ble_advdata.c.o
LOAD _build/nrf52832_xxaa/ble_advertising.c.o
LOAD _build/nrf52832_xxaa/ble_conn_state.c.o
LOAD _build/nrf52832_xxaa/ble_db_discovery.c.o
LOAD _build/nrf52832_xxaa/ble_srv_common.c.o
LOAD _build/nrf52832_xxaa/nrf_ble_gatt.c.o
LOAD _build/nrf52832_xxaa/nrf_ble_gq.c.o
LOAD _build/nrf52832_xxaa/nrf_ble_scan.c.o
LOAD _build/nrf52832_xxaa/utf.c.o
LOAD _build/nrf52832_xxaa/ble_lbs_c.c.o
LOAD _build/nrf52832_xxaa/nrf_sdh.c.o
LOAD _build/nrf52832_xxaa/nrf_sdh_ble.c.o
LOAD _build/nrf52832_xxaa/nrf_sdh_soc.c.o
LOAD _build/nrf52832_xxaa/app_fifo.c.o
LOAD _build/nrf52832_xxaa/app_uart_fifo.c.o
LOAD _build/nrf52832_xxaa/retarget.c.o
LOAD b:/program files (x86)/gnu arm embedded toolchain/9 2020-q2-update/bin/../lib/gcc/arm-none-eabi/9.3.1/../../../../arm-none-eabi/lib/thumb/v7e-m+fp/hard\libc_nano.a
LOAD b:/program files (x86)/gnu arm embedded toolchain/9 2020-q2-update/bin/../lib/gcc/arm-none-eabi/9.3.1/../../../../arm-none-eabi/lib/thumb/v7e-m+fp/hard\libnosys.a
LOAD b:/program files (x86)/gnu arm embedded toolchain/9 2020-q2-update/bin/../lib/gcc/arm-none-eabi/9.3.1/../../../../arm-none-eabi/lib/thumb/v7e-m+fp/hard\libm.a
START GROUP
LOAD b:/program files (x86)/gnu arm embedded toolchain/9 2020-q2-update/bin/../lib/gcc/arm-none-eabi/9.3.1/thumb/v7e-m+fp/hard\libgcc.a
LOAD b:/program files (x86)/gnu arm embedded toolchain/9 2020-q2-update/bin/../lib/gcc/arm-none-eabi/9.3.1/../../../../arm-none-eabi/lib/thumb/v7e-m+fp/hard\libg_nano.a
LOAD b:/program files (x86)/gnu arm embedded toolchain/9 2020-q2-update/bin/../lib/gcc/arm-none-eabi/9.3.1/../../../../arm-none-eabi/lib/thumb/v7e-m+fp/hard\libc_nano.a
END GROUP
START GROUP
LOAD b:/program files (x86)/gnu arm embedded toolchain/9 2020-q2-update/bin/../lib/gcc/arm-none-eabi/9.3.1/thumb/v7e-m+fp/hard\libgcc.a
LOAD b:/program files (x86)/gnu arm embedded toolchain/9 2020-q2-update/bin/../lib/gcc/arm-none-eabi/9.3.1/../../../../arm-none-eabi/lib/thumb/v7e-m+fp/hard\libc_nano.a
END GROUP
LOAD b:/program files (x86)/gnu arm embedded toolchain/9 2020-q2-update/bin/../lib/gcc/arm-none-eabi/9.3.1/thumb/v7e-m+fp/hard/crtend.o
LOAD b:/program files (x86)/gnu arm embedded toolchain/9 2020-q2-update/bin/../lib/gcc/arm-none-eabi/9.3.1/thumb/v7e-m+fp/hard/crtn.o
START GROUP
LOAD b:/program files (x86)/gnu arm embedded toolchain/9 2020-q2-update/bin/../lib/gcc/arm-none-eabi/9.3.1/thumb/v7e-m+fp/hard\libgcc.a
LOAD b:/program files (x86)/gnu arm embedded toolchain/9 2020-q2-update/bin/../lib/gcc/arm-none-eabi/9.3.1/../../../../arm-none-eabi/lib/thumb/v7e-m+fp/hard\libc.a
LOAD b:/program files (x86)/gnu arm embedded toolchain/9 2020-q2-update/bin/../lib/gcc/arm-none-eabi/9.3.1/../../../../arm-none-eabi/lib/thumb/v7e-m+fp/hard\libnosys.a
END GROUP

.igot.plt       0x200072d4        0x0 load address 0x00031f24
 .igot.plt      0x200072d4        0x0 b:/program files (x86)/gnu arm embedded toolchain/9 2020-q2-update/bin/../lib/gcc/arm-none-eabi/9.3.1/thumb/v7e-m+fp/hard/crtbegin.o
                0x200072d4                . = ALIGN (0x4)

.mem_section_dummy_ram

.log_dynamic_data
                0x200072d4        0x0
                0x200072d4                PROVIDE (__start_log_dynamic_data = .)
 *(SORT_BY_NAME(.log_dynamic_data*))
                [!provide]                PROVIDE (__stop_log_dynamic_data = .)

.log_filter_data
                0x200072d4        0x0
                [!provide]                PROVIDE (__start_log_filter_data = .)
 *(SORT_BY_NAME(.log_filter_data*))
                [!provide]                PROVIDE (__stop_log_filter_data = .)

.cli_sorted_cmd_ptrs
                0x200072d4        0x0
                [!provide]                PROVIDE (__start_cli_sorted_cmd_ptrs = .)
 *(.cli_sorted_cmd_ptrs)
                [!provide]                PROVIDE (__stop_cli_sorted_cmd_ptrs = .)

.fs_data        0x200072d4        0x0
                [!provide]                PROVIDE (__start_fs_data = .)
 *(.fs_data)
                [!provide]                PROVIDE (__stop_fs_data = .)

.bss            0x200072d8     0x1520 load address 0x00031f28
                0x200072d8                . = ALIGN (0x4)
                0x200072d8                __bss_start__ = .
 *(.bss*)
 .bss           0x200072d8       0x1c b:/program files (x86)/gnu arm embedded toolchain/9 2020-q2-update/bin/../lib/gcc/arm-none-eabi/9.3.1/thumb/v7e-m+fp/hard/crtbegin.o
 .bss.m_host_present
                0x200072f4        0x1 _build/nrf52832_xxaa/nrf_log_backend_rtt.c.o
 *fill*         0x200072f5        0x3 
 .bss.m_string_buff
                0x200072f8       0x40 _build/nrf52832_xxaa/nrf_log_backend_rtt.c.o
 .bss.log_mempool_nrf_balloc_cb
                0x20007338        0x8 _build/nrf52832_xxaa/nrf_log_frontend.c.o
 .bss.log_mempool_nrf_balloc_pool_mem
                0x20007340       0xc0 _build/nrf52832_xxaa/nrf_log_frontend.c.o
 .bss.log_mempool_nrf_balloc_pool_stack
                0x20007400        0x8 _build/nrf52832_xxaa/nrf_log_frontend.c.o
 .bss.m_log_data
                0x20007408      0x420 _build/nrf52832_xxaa/nrf_log_frontend.c.o
 .bss.m_log_push_ringbuf_buf
                0x20007828       0x80 _build/nrf52832_xxaa/nrf_log_frontend.c.o
 .bss.m_log_push_ringbuf_cb
                0x200078a8       0x18 _build/nrf52832_xxaa/nrf_log_frontend.c.o
 .bss.m_button_count
                0x200078c0        0x1 _build/nrf52832_xxaa/app_button.c.o
 *fill*         0x200078c1        0x3 
 .bss.m_detection_delay
                0x200078c4        0x4 _build/nrf52832_xxaa/app_button.c.o
 .bss.m_detection_delay_timer_id_data
                0x200078c8       0x20 _build/nrf52832_xxaa/app_button.c.o
 .bss.m_pin_active
                0x200078e8        0x8 _build/nrf52832_xxaa/app_button.c.o
 .bss.m_pin_states
                0x200078f0       0x10 _build/nrf52832_xxaa/app_button.c.o
 .bss.mp_buttons
                0x20007900        0x4 _build/nrf52832_xxaa/app_button.c.o
 .bss.m_error_data.7973
                0x20007904       0x20 _build/nrf52832_xxaa/app_error.c.o
 .bss.m_app_timer_sortlist_sortlist_cb
                0x20007924        0x4 _build/nrf52832_xxaa/app_timer2.c.o
 .bss.m_base_counter
                0x20007928        0x8 _build/nrf52832_xxaa/app_timer2.c.o
 .bss.m_global_active
                0x20007930        0x1 _build/nrf52832_xxaa/app_timer2.c.o
 *fill*         0x20007931        0x3 
 .bss.m_req_fifo_data
                0x20007934       0x58 _build/nrf52832_xxaa/app_timer2.c.o
 .bss.m_req_fifo_inst
                0x2000798c       0x10 _build/nrf52832_xxaa/app_timer2.c.o
 *fill*         0x2000799c        0x4 
 .bss.m_stamp64
                0x200079a0        0x8 _build/nrf52832_xxaa/app_timer2.c.o
 .bss.mp_active_timer
                0x200079a8        0x4 _build/nrf52832_xxaa/app_timer2.c.o
 .bss.m_cb      0x200079ac        0x8 _build/nrf52832_xxaa/drv_rtc.c.o
 .bss.m_handlers
                0x200079b4        0x4 _build/nrf52832_xxaa/drv_rtc.c.o
 .bss.m_handlers_iter
                0x200079b8        0x8 _build/nrf52832_xxaa/nrf_pwr_mgmt.c.o
 .bss.m_shutdown_started
                0x200079c0        0x1 _build/nrf52832_xxaa/nrf_pwr_mgmt.c.o
 *fill*         0x200079c1        0x3 
 .bss.m_sysoff_mtx
                0x200079c4        0x4 _build/nrf52832_xxaa/nrf_pwr_mgmt.c.o
 .bss.m_clock_cb
                0x200079c8       0x14 _build/nrf52832_xxaa/nrf_drv_clock.c.o
 .bss.m_contexts
                0x200079dc        0x4 _build/nrf52832_xxaa/nrf_drv_uart.c.o
 .bss.m_handlers
                0x200079e0        0x4 _build/nrf52832_xxaa/nrf_drv_uart.c.o
 .bss.m_clock_cb
                0x200079e4        0x8 _build/nrf52832_xxaa/nrfx_clock.c.o
 *fill*         0x200079ec        0x4 
 .bss.m_cb      0x200079f0       0x5c _build/nrf52832_xxaa/nrfx_gpiote.c.o
 .bss.m_prs_box_4
                0x20007a4c        0x8 _build/nrf52832_xxaa/nrfx_prs.c.o
 *fill*         0x20007a54        0x4 
 .bss.m_cb      0x20007a58       0x2c _build/nrf52832_xxaa/nrfx_uart.c.o
 *fill*         0x20007a84        0x4 
 .bss.m_cb      0x20007a88       0x24 _build/nrf52832_xxaa/nrfx_uarte.c.o
 .bss.m_events_list
                0x20007aac        0xc _build/nrf52832_xxaa/bsp.c.o
 .bss.m_error_handler
                0x20007ab8        0x4 _build/nrf52832_xxaa/bsp_btn_ble.c.o
 .bss.m_num_connections
                0x20007abc        0x4 _build/nrf52832_xxaa/bsp_btn_ble.c.o
 .bss.m_ble_gatt_queuepool_nrf_balloc_cb
                0x20007ac0        0x8 _build/nrf52832_xxaa/main.c.o
 .bss.m_ble_gatt_queuepool_nrf_balloc_pool_mem
                0x20007ac8       0xc0 _build/nrf52832_xxaa/main.c.o
 .bss.m_ble_gatt_queuepool_nrf_balloc_pool_stack
                0x20007b88        0x8 _build/nrf52832_xxaa/main.c.o
 .bss.m_ble_gatt_queuepurge_queue_nrf_queue_buffer
                0x20007b90       0x12 _build/nrf52832_xxaa/main.c.o
 *fill*         0x20007ba2        0x2 
 .bss.m_ble_gatt_queuepurge_queue_nrf_queue_cb
                0x20007ba4        0xc _build/nrf52832_xxaa/main.c.o
 .bss.m_ble_gatt_queuereq_queue0_nrf_queue_buffer
                0x20007bb0       0xa0 _build/nrf52832_xxaa/main.c.o
 .bss.m_ble_gatt_queuereq_queue0_nrf_queue_cb
                0x20007c50        0xc _build/nrf52832_xxaa/main.c.o
 .bss.m_ble_gatt_queuereq_queue1_nrf_queue_buffer
                0x20007c5c       0xa0 _build/nrf52832_xxaa/main.c.o
 .bss.m_ble_gatt_queuereq_queue1_nrf_queue_cb
                0x20007cfc        0xc _build/nrf52832_xxaa/main.c.o
 .bss.m_ble_gatt_queuereq_queue2_nrf_queue_buffer
                0x20007d08       0xa0 _build/nrf52832_xxaa/main.c.o
 .bss.m_ble_gatt_queuereq_queue2_nrf_queue_cb
                0x20007da8        0xc _build/nrf52832_xxaa/main.c.o
 .bss.m_ble_gatt_queuereq_queue3_nrf_queue_buffer
                0x20007db4       0xa0 _build/nrf52832_xxaa/main.c.o
 .bss.m_ble_gatt_queuereq_queue3_nrf_queue_cb
                0x20007e54        0xc _build/nrf52832_xxaa/main.c.o
 .bss.m_ble_gatt_queuereq_queue4_nrf_queue_buffer
                0x20007e60       0xa0 _build/nrf52832_xxaa/main.c.o
 .bss.m_ble_gatt_queuereq_queue4_nrf_queue_cb
                0x20007f00        0xc _build/nrf52832_xxaa/main.c.o
 .bss.m_ble_gatt_queuereq_queue5_nrf_queue_buffer
                0x20007f0c       0xa0 _build/nrf52832_xxaa/main.c.o
 .bss.m_ble_gatt_queuereq_queue5_nrf_queue_cb
                0x20007fac        0xc _build/nrf52832_xxaa/main.c.o
 .bss.m_ble_gatt_queuereq_queue6_nrf_queue_buffer
                0x20007fb8       0xa0 _build/nrf52832_xxaa/main.c.o
 .bss.m_ble_gatt_queuereq_queue6_nrf_queue_cb
                0x20008058        0xc _build/nrf52832_xxaa/main.c.o
 .bss.m_ble_gatt_queuereq_queue7_nrf_queue_buffer
                0x20008064       0xa0 _build/nrf52832_xxaa/main.c.o
 .bss.m_ble_gatt_queuereq_queue7_nrf_queue_cb
                0x20008104        0xc _build/nrf52832_xxaa/main.c.o
 .bss.m_gatt    0x20008110       0x4c _build/nrf52832_xxaa/main.c.o
 .bss.m_lbs_c   0x2000815c       0xc0 _build/nrf52832_xxaa/main.c.o
 .bss.m_scan    0x2000821c       0x68 _build/nrf52832_xxaa/main.c.o
 .bss.rx_buf.12787
                0x20008284      0x100 _build/nrf52832_xxaa/main.c.o
 .bss.tx_buf.12788
                0x20008384      0x100 _build/nrf52832_xxaa/main.c.o
 .bss._acDownBuffer
                0x20008484       0x10 _build/nrf52832_xxaa/SEGGER_RTT.c.o
 .bss._acUpBuffer
                0x20008494      0x200 _build/nrf52832_xxaa/SEGGER_RTT.c.o
 .bss.m_bcs     0x20008694       0x7c _build/nrf52832_xxaa/ble_conn_state.c.o
 .bss.m_evt_handler
                0x20008710        0x4 _build/nrf52832_xxaa/ble_db_discovery.c.o
 .bss.m_initialized
                0x20008714        0x1 _build/nrf52832_xxaa/ble_db_discovery.c.o
 *fill*         0x20008715        0x3 
 .bss.m_num_of_handlers_reg
                0x20008718        0x4 _build/nrf52832_xxaa/ble_db_discovery.c.o
 .bss.m_registered_handlers
                0x2000871c       0x18 _build/nrf52832_xxaa/ble_db_discovery.c.o
 .bss.mp_gatt_queue
                0x20008734        0x4 _build/nrf52832_xxaa/ble_db_discovery.c.o
 .bss.m_nrf_sdh_continue
                0x20008738        0x1 _build/nrf52832_xxaa/nrf_sdh.c.o
 .bss.m_nrf_sdh_enabled
                0x20008739        0x1 _build/nrf52832_xxaa/nrf_sdh.c.o
 .bss.m_nrf_sdh_suspended
                0x2000873a        0x1 _build/nrf52832_xxaa/nrf_sdh.c.o
 .bss.m_stack_is_enabled
                0x2000873b        0x1 _build/nrf52832_xxaa/nrf_sdh_ble.c.o
 .bss.m_event_handler
                0x2000873c        0x4 _build/nrf52832_xxaa/app_uart_fifo.c.o
 .bss.m_rx_fifo
                0x20008740       0x10 _build/nrf52832_xxaa/app_uart_fifo.c.o
 .bss.m_rx_ovf  0x20008750        0x1 _build/nrf52832_xxaa/app_uart_fifo.c.o
 *fill*         0x20008751        0x3 
 .bss.m_tx_fifo
                0x20008754       0x10 _build/nrf52832_xxaa/app_uart_fifo.c.o
 .bss.rx_buffer
                0x20008764        0x1 _build/nrf52832_xxaa/app_uart_fifo.c.o
 *fill*         0x20008765        0x3 
 .bss.tx_buffer
                0x20008768        0x1 _build/nrf52832_xxaa/app_uart_fifo.c.o
 *(COMMON)
 *fill*         0x20008769        0x3 
 COMMON         0x2000876c        0xc _build/nrf52832_xxaa/app_util_platform.c.o
                0x2000876c                nrf_nvic_state
 COMMON         0x20008778        0x1 _build/nrf52832_xxaa/nrf_drv_uart.c.o
                0x20008778                nrf_drv_uart_use_easy_dma
 *fill*         0x20008779        0x3 
 COMMON         0x2000877c        0x4 _build/nrf52832_xxaa/main.c.o
                0x2000877c                err_code
 COMMON         0x20008780       0x78 _build/nrf52832_xxaa/SEGGER_RTT.c.o
                0x20008780                _SEGGER_RTT
                0x200087f8                . = ALIGN (0x4)
                0x200087f8                __bss_end__ = .

.heap           0x200087f8        0x0
                0x200087f8                __HeapBase = .
                0x200087f8                __end__ = .
                [!provide]                PROVIDE (end = .)
 *(.heap*)
 .heap          0x200087f8        0x0 _build/nrf52832_xxaa/gcc_startup_nrf52.S.o
                0x200087f8                __HeapLimit = .

.stack_dummy    0x200087f8     0x2000
 *(.stack*)
 .stack         0x200087f8     0x2000 _build/nrf52832_xxaa/gcc_startup_nrf52.S.o
                0x20010000                __StackTop = (ORIGIN (RAM) + LENGTH (RAM))
                0x2000e000                __StackLimit = (__StackTop - SIZEOF (.stack_dummy))
                0x20010000                PROVIDE (__stack = __StackTop)
                0x00000001                ASSERT ((__StackLimit >= __HeapLimit), region RAM overflowed with stack)
                0x00002f40                DataInitFlashUsed = (__bss_start__ - __data_start__)
                0x00008fe8                CodeFlashUsed = (__etext - ORIGIN (FLASH))
                0x0000bf28                TotalFlashUsed = (CodeFlashUsed + DataInitFlashUsed)
                0x00000001                ASSERT ((TotalFlashUsed <= LENGTH (FLASH)), region FLASH overflowed with .data and user data)
OUTPUT(_build/nrf52832_xxaa.out elf32-littlearm)
LOAD linker stubs

.ARM.attributes
                0x00000000       0x30
 .ARM.attributes
                0x00000000       0x1e b:/program files (x86)/gnu arm embedded toolchain/9 2020-q2-update/bin/../lib/gcc/arm-none-eabi/9.3.1/thumb/v7e-m+fp/hard/crti.o
 .ARM.attributes
                0x0000001e       0x34 b:/program files (x86)/gnu arm embedded toolchain/9 2020-q2-update/bin/../lib/gcc/arm-none-eabi/9.3.1/thumb/v7e-m+fp/hard/crtbegin.o
 .ARM.attributes
                0x00000052       0x1c b:/program files (x86)/gnu arm embedded toolchain/9 2020-q2-update/bin/../lib/gcc/arm-none-eabi/9.3.1/../../../../arm-none-eabi/lib/thumb/v7e-m+fp/hard/crt0.o
 .ARM.attributes
                0x0000006e       0x20 _build/nrf52832_xxaa/gcc_startup_nrf52.S.o
 .ARM.attributes
                0x0000008e       0x34 _build/nrf52832_xxaa/nrf_log_backend_rtt.c.o
 .ARM.attributes
                0x000000c2       0x34 _build/nrf52832_xxaa/nrf_log_backend_serial.c.o
 .ARM.attributes
                0x000000f6       0x34 _build/nrf52832_xxaa/nrf_log_default_backends.c.o
 .ARM.attributes
                0x0000012a       0x34 _build/nrf52832_xxaa/nrf_log_frontend.c.o
 .ARM.attributes
                0x0000015e       0x34 _build/nrf52832_xxaa/nrf_log_str_formatter.c.o
 .ARM.attributes
                0x00000192       0x34 _build/nrf52832_xxaa/app_button.c.o
 .ARM.attributes
                0x000001c6       0x34 _build/nrf52832_xxaa/app_error.c.o
 .ARM.attributes
                0x000001fa       0x34 _build/nrf52832_xxaa/app_error_handler_gcc.c.o
 .ARM.attributes
                0x0000022e       0x34 _build/nrf52832_xxaa/app_error_weak.c.o
 .ARM.attributes
                0x00000262       0x34 _build/nrf52832_xxaa/app_timer2.c.o
 .ARM.attributes
                0x00000296       0x34 _build/nrf52832_xxaa/app_util_platform.c.o
 .ARM.attributes
                0x000002ca       0x34 _build/nrf52832_xxaa/drv_rtc.c.o
 .ARM.attributes
                0x000002fe       0x34 _build/nrf52832_xxaa/nrf_atfifo.c.o
 .ARM.attributes
                0x00000332       0x34 _build/nrf52832_xxaa/nrf_atflags.c.o
 .ARM.attributes
                0x00000366       0x34 _build/nrf52832_xxaa/nrf_atomic.c.o
 .ARM.attributes
                0x0000039a       0x34 _build/nrf52832_xxaa/nrf_balloc.c.o
 .ARM.attributes
                0x000003ce       0x34 _build/nrf52832_xxaa/nrf_fprintf.c.o
 .ARM.attributes
                0x00000402       0x34 _build/nrf52832_xxaa/nrf_fprintf_format.c.o
 .ARM.attributes
                0x00000436       0x34 _build/nrf52832_xxaa/nrf_memobj.c.o
 .ARM.attributes
                0x0000046a       0x34 _build/nrf52832_xxaa/nrf_pwr_mgmt.c.o
 .ARM.attributes
                0x0000049e       0x34 _build/nrf52832_xxaa/nrf_queue.c.o
 .ARM.attributes
                0x000004d2       0x34 _build/nrf52832_xxaa/nrf_ringbuf.c.o
 .ARM.attributes
                0x00000506       0x34 _build/nrf52832_xxaa/nrf_section_iter.c.o
 .ARM.attributes
                0x0000053a       0x34 _build/nrf52832_xxaa/nrf_sortlist.c.o
 .ARM.attributes
                0x0000056e       0x34 _build/nrf52832_xxaa/nrf_strerror.c.o
 .ARM.attributes
                0x000005a2       0x34 _build/nrf52832_xxaa/system_nrf52.c.o
 .ARM.attributes
                0x000005d6       0x34 _build/nrf52832_xxaa/boards.c.o
 .ARM.attributes
                0x0000060a       0x34 _build/nrf52832_xxaa/nrf_drv_clock.c.o
 .ARM.attributes
                0x0000063e       0x34 _build/nrf52832_xxaa/nrf_drv_uart.c.o
 .ARM.attributes
                0x00000672       0x34 _build/nrf52832_xxaa/nrfx_clock.c.o
 .ARM.attributes
                0x000006a6       0x34 _build/nrf52832_xxaa/nrfx_gpiote.c.o
 .ARM.attributes
                0x000006da       0x34 _build/nrf52832_xxaa/nrfx_prs.c.o
 .ARM.attributes
                0x0000070e       0x34 _build/nrf52832_xxaa/nrfx_uart.c.o
 .ARM.attributes
                0x00000742       0x34 _build/nrf52832_xxaa/nrfx_uarte.c.o
 .ARM.attributes
                0x00000776       0x34 _build/nrf52832_xxaa/bsp.c.o
 .ARM.attributes
                0x000007aa       0x34 _build/nrf52832_xxaa/bsp_btn_ble.c.o
 .ARM.attributes
                0x000007de       0x34 _build/nrf52832_xxaa/main.c.o
 .ARM.attributes
                0x00000812       0x34 _build/nrf52832_xxaa/SEGGER_RTT.c.o
 .ARM.attributes
                0x00000846       0x34 _build/nrf52832_xxaa/ble_advdata.c.o
 .ARM.attributes
                0x0000087a       0x34 _build/nrf52832_xxaa/ble_conn_state.c.o
 .ARM.attributes
                0x000008ae       0x34 _build/nrf52832_xxaa/ble_db_discovery.c.o
 .ARM.attributes
                0x000008e2       0x34 _build/nrf52832_xxaa/nrf_ble_gatt.c.o
 .ARM.attributes
                0x00000916       0x34 _build/nrf52832_xxaa/nrf_ble_gq.c.o
 .ARM.attributes
                0x0000094a       0x34 _build/nrf52832_xxaa/nrf_ble_scan.c.o
 .ARM.attributes
                0x0000097e       0x34 _build/nrf52832_xxaa/ble_lbs_c.c.o
 .ARM.attributes
                0x000009b2       0x34 _build/nrf52832_xxaa/nrf_sdh.c.o
 .ARM.attributes
                0x000009e6       0x34 _build/nrf52832_xxaa/nrf_sdh_ble.c.o
 .ARM.attributes
                0x00000a1a       0x34 _build/nrf52832_xxaa/nrf_sdh_soc.c.o
 .ARM.attributes
                0x00000a4e       0x34 _build/nrf52832_xxaa/app_fifo.c.o
 .ARM.attributes
                0x00000a82       0x34 _build/nrf52832_xxaa/app_uart_fifo.c.o
 .ARM.attributes
                0x00000ab6       0x32 b:/program files (x86)/gnu arm embedded toolchain/9 2020-q2-update/bin/../lib/gcc/arm-none-eabi/9.3.1/../../../../arm-none-eabi/lib/thumb/v7e-m+fp/hard\libc_nano.a(lib_a-ctype_.o)
 .ARM.attributes
                0x00000ae8       0x34 b:/program files (x86)/gnu arm embedded toolchain/9 2020-q2-update/bin/../lib/gcc/arm-none-eabi/9.3.1/../../../../arm-none-eabi/lib/thumb/v7e-m+fp/hard\libc_nano.a(lib_a-exit.o)
 .ARM.attributes
                0x00000b1c       0x32 b:/program files (x86)/gnu arm embedded toolchain/9 2020-q2-update/bin/../lib/gcc/arm-none-eabi/9.3.1/../../../../arm-none-eabi/lib/thumb/v7e-m+fp/hard\libc_nano.a(lib_a-impure.o)
 .ARM.attributes
                0x00000b4e       0x34 b:/program files (x86)/gnu arm embedded toolchain/9 2020-q2-update/bin/../lib/gcc/arm-none-eabi/9.3.1/../../../../arm-none-eabi/lib/thumb/v7e-m+fp/hard\libc_nano.a(lib_a-init.o)
 .ARM.attributes
                0x00000b82       0x34 b:/program files (x86)/gnu arm embedded toolchain/9 2020-q2-update/bin/../lib/gcc/arm-none-eabi/9.3.1/../../../../arm-none-eabi/lib/thumb/v7e-m+fp/hard\libc_nano.a(lib_a-memcmp.o)
 .ARM.attributes
                0x00000bb6       0x34 b:/program files (x86)/gnu arm embedded toolchain/9 2020-q2-update/bin/../lib/gcc/arm-none-eabi/9.3.1/../../../../arm-none-eabi/lib/thumb/v7e-m+fp/hard\libc_nano.a(lib_a-memcpy-stub.o)
 .ARM.attributes
                0x00000bea       0x34 b:/program files (x86)/gnu arm embedded toolchain/9 2020-q2-update/bin/../lib/gcc/arm-none-eabi/9.3.1/../../../../arm-none-eabi/lib/thumb/v7e-m+fp/hard\libc_nano.a(lib_a-memset.o)
 .ARM.attributes
                0x00000c1e       0x1c b:/program files (x86)/gnu arm embedded toolchain/9 2020-q2-update/bin/../lib/gcc/arm-none-eabi/9.3.1/../../../../arm-none-eabi/lib/thumb/v7e-m+fp/hard\libc_nano.a(lib_a-strcmp.o)
 .ARM.attributes
                0x00000c3a       0x34 b:/program files (x86)/gnu arm embedded toolchain/9 2020-q2-update/bin/../lib/gcc/arm-none-eabi/9.3.1/../../../../arm-none-eabi/lib/thumb/v7e-m+fp/hard\libc_nano.a(lib_a-strcpy.o)
 .ARM.attributes
                0x00000c6e       0x17 b:/program files (x86)/gnu arm embedded toolchain/9 2020-q2-update/bin/../lib/gcc/arm-none-eabi/9.3.1/../../../../arm-none-eabi/lib/thumb/v7e-m+fp/hard\libc_nano.a(lib_a-strlen.o)
 .ARM.attributes
                0x00000c85       0x34 b:/program files (x86)/gnu arm embedded toolchain/9 2020-q2-update/bin/../lib/gcc/arm-none-eabi/9.3.1/../../../../arm-none-eabi/lib/thumb/v7e-m+fp/hard\libnosys.a(_exit.o)
 .ARM.attributes
                0x00000cb9       0x32 b:/program files (x86)/gnu arm embedded toolchain/9 2020-q2-update/bin/../lib/gcc/arm-none-eabi/9.3.1/thumb/v7e-m+fp/hard/crtend.o
 .ARM.attributes
                0x00000ceb       0x1e b:/program files (x86)/gnu arm embedded toolchain/9 2020-q2-update/bin/../lib/gcc/arm-none-eabi/9.3.1/thumb/v7e-m+fp/hard/crtn.o

.comment        0x00000000       0x4c
 .comment       0x00000000       0x4c _build/nrf52832_xxaa/nrf_log_backend_rtt.c.o
                                 0x4d (size before relaxing)
 .comment       0x0000004c       0x4d _build/nrf52832_xxaa/nrf_log_backend_serial.c.o
 .comment       0x0000004c       0x4d _build/nrf52832_xxaa/nrf_log_default_backends.c.o
 .comment       0x0000004c       0x4d _build/nrf52832_xxaa/nrf_log_frontend.c.o
 .comment       0x0000004c       0x4d _build/nrf52832_xxaa/nrf_log_str_formatter.c.o
 .comment       0x0000004c       0x4d _build/nrf52832_xxaa/app_button.c.o
 .comment       0x0000004c       0x4d _build/nrf52832_xxaa/app_error.c.o
 .comment       0x0000004c       0x4d _build/nrf52832_xxaa/app_error_handler_gcc.c.o
 .comment       0x0000004c       0x4d _build/nrf52832_xxaa/app_error_weak.c.o
 .comment       0x0000004c       0x4d _build/nrf52832_xxaa/app_timer2.c.o
 .comment       0x0000004c       0x4d _build/nrf52832_xxaa/app_util_platform.c.o
 .comment       0x0000004c       0x4d _build/nrf52832_xxaa/drv_rtc.c.o
 .comment       0x0000004c       0x4d _build/nrf52832_xxaa/nrf_atfifo.c.o
 .comment       0x0000004c       0x4d _build/nrf52832_xxaa/nrf_atflags.c.o
 .comment       0x0000004c       0x4d _build/nrf52832_xxaa/nrf_atomic.c.o
 .comment       0x0000004c       0x4d _build/nrf52832_xxaa/nrf_balloc.c.o
 .comment       0x0000004c       0x4d _build/nrf52832_xxaa/nrf_fprintf.c.o
 .comment       0x0000004c       0x4d _build/nrf52832_xxaa/nrf_fprintf_format.c.o
 .comment       0x0000004c       0x4d _build/nrf52832_xxaa/nrf_memobj.c.o
 .comment       0x0000004c       0x4d _build/nrf52832_xxaa/nrf_pwr_mgmt.c.o
 .comment       0x0000004c       0x4d _build/nrf52832_xxaa/nrf_queue.c.o
 .comment       0x0000004c       0x4d _build/nrf52832_xxaa/nrf_ringbuf.c.o
 .comment       0x0000004c       0x4d _build/nrf52832_xxaa/nrf_section_iter.c.o
 .comment       0x0000004c       0x4d _build/nrf52832_xxaa/nrf_sortlist.c.o
 .comment       0x0000004c       0x4d _build/nrf52832_xxaa/nrf_strerror.c.o
 .comment       0x0000004c       0x4d _build/nrf52832_xxaa/system_nrf52.c.o
 .comment       0x0000004c       0x4d _build/nrf52832_xxaa/boards.c.o
 .comment       0x0000004c       0x4d _build/nrf52832_xxaa/nrf_drv_clock.c.o
 .comment       0x0000004c       0x4d _build/nrf52832_xxaa/nrf_drv_uart.c.o
 .comment       0x0000004c       0x4d _build/nrf52832_xxaa/nrfx_clock.c.o
 .comment       0x0000004c       0x4d _build/nrf52832_xxaa/nrfx_gpiote.c.o
 .comment       0x0000004c       0x4d _build/nrf52832_xxaa/nrfx_prs.c.o
 .comment       0x0000004c       0x4d _build/nrf52832_xxaa/nrfx_uart.c.o
 .comment       0x0000004c       0x4d _build/nrf52832_xxaa/nrfx_uarte.c.o
 .comment       0x0000004c       0x4d _build/nrf52832_xxaa/bsp.c.o
 .comment       0x0000004c       0x4d _build/nrf52832_xxaa/bsp_btn_ble.c.o
 .comment       0x0000004c       0x4d _build/nrf52832_xxaa/main.c.o
 .comment       0x0000004c       0x4d _build/nrf52832_xxaa/SEGGER_RTT.c.o
 .comment       0x0000004c       0x4d _build/nrf52832_xxaa/ble_advdata.c.o
 .comment       0x0000004c       0x4d _build/nrf52832_xxaa/ble_conn_state.c.o
 .comment       0x0000004c       0x4d _build/nrf52832_xxaa/ble_db_discovery.c.o
 .comment       0x0000004c       0x4d _build/nrf52832_xxaa/nrf_ble_gatt.c.o
 .comment       0x0000004c       0x4d _build/nrf52832_xxaa/nrf_ble_gq.c.o
 .comment       0x0000004c       0x4d _build/nrf52832_xxaa/nrf_ble_scan.c.o
 .comment       0x0000004c       0x4d _build/nrf52832_xxaa/ble_lbs_c.c.o
 .comment       0x0000004c       0x4d _build/nrf52832_xxaa/nrf_sdh.c.o
 .comment       0x0000004c       0x4d _build/nrf52832_xxaa/nrf_sdh_ble.c.o
 .comment       0x0000004c       0x4d _build/nrf52832_xxaa/nrf_sdh_soc.c.o
 .comment       0x0000004c       0x4d _build/nrf52832_xxaa/app_fifo.c.o
 .comment       0x0000004c       0x4d _build/nrf52832_xxaa/app_uart_fifo.c.o

.debug_line     0x00000000    0x32449
 .debug_line    0x00000000       0x86 _build/nrf52832_xxaa/gcc_startup_nrf52.S.o
 .debug_line    0x00000086      0xb86 _build/nrf52832_xxaa/nrf_log_backend_rtt.c.o
 .debug_line    0x00000c0c      0x956 _build/nrf52832_xxaa/nrf_log_backend_serial.c.o
 .debug_line    0x00001562      0x82a _build/nrf52832_xxaa/nrf_log_default_backends.c.o
 .debug_line    0x00001d8c     0x2cd2 _build/nrf52832_xxaa/nrf_log_frontend.c.o
 .debug_line    0x00004a5e      0xa8d _build/nrf52832_xxaa/nrf_log_str_formatter.c.o
 .debug_line    0x000054eb     0x1338 _build/nrf52832_xxaa/app_button.c.o
 .debug_line    0x00006823      0x5e3 _build/nrf52832_xxaa/app_error.c.o
 .debug_line    0x00006e06      0x5b4 _build/nrf52832_xxaa/app_error_handler_gcc.c.o
 .debug_line    0x000073ba      0x8fa _build/nrf52832_xxaa/app_error_weak.c.o
 .debug_line    0x00007cb4     0x1249 _build/nrf52832_xxaa/app_timer2.c.o
 .debug_line    0x00008efd      0x827 _build/nrf52832_xxaa/app_util_platform.c.o
 .debug_line    0x00009724     0x15ab _build/nrf52832_xxaa/drv_rtc.c.o
 .debug_line    0x0000accf      0xb05 _build/nrf52832_xxaa/nrf_atfifo.c.o
 .debug_line    0x0000b7d4      0x91a _build/nrf52832_xxaa/nrf_atflags.c.o
 .debug_line    0x0000c0ee      0x94d _build/nrf52832_xxaa/nrf_atomic.c.o
 .debug_line    0x0000ca3b      0x97e _build/nrf52832_xxaa/nrf_balloc.c.o
 .debug_line    0x0000d3b9      0x609 _build/nrf52832_xxaa/nrf_fprintf.c.o
 .debug_line    0x0000d9c2      0xfe3 _build/nrf52832_xxaa/nrf_fprintf_format.c.o
 .debug_line    0x0000e9a5      0xc18 _build/nrf52832_xxaa/nrf_memobj.c.o
 .debug_line    0x0000f5bd      0xf31 _build/nrf52832_xxaa/nrf_pwr_mgmt.c.o
 .debug_line    0x000104ee     0x141a _build/nrf52832_xxaa/nrf_queue.c.o
 .debug_line    0x00011908      0xa78 _build/nrf52832_xxaa/nrf_ringbuf.c.o
 .debug_line    0x00012380      0x61f _build/nrf52832_xxaa/nrf_section_iter.c.o
 .debug_line    0x0001299f      0x80b _build/nrf52832_xxaa/nrf_sortlist.c.o
 .debug_line    0x000131aa      0x670 _build/nrf52832_xxaa/nrf_strerror.c.o
 .debug_line    0x0001381a      0x99d _build/nrf52832_xxaa/system_nrf52.c.o
 .debug_line    0x000141b7     0x113d _build/nrf52832_xxaa/boards.c.o
 .debug_line    0x000152f4     0x12e0 _build/nrf52832_xxaa/nrf_drv_clock.c.o
 .debug_line    0x000165d4      0x913 _build/nrf52832_xxaa/nrf_drv_uart.c.o
 .debug_line    0x00016ee7     0x11e3 _build/nrf52832_xxaa/nrfx_clock.c.o
 .debug_line    0x000180ca     0x2e53 _build/nrf52832_xxaa/nrfx_gpiote.c.o
 .debug_line    0x0001af1d      0xa03 _build/nrf52832_xxaa/nrfx_prs.c.o
 .debug_line    0x0001b920     0x1f0c _build/nrf52832_xxaa/nrfx_uart.c.o
 .debug_line    0x0001d82c     0x1eb4 _build/nrf52832_xxaa/nrfx_uarte.c.o
 .debug_line    0x0001f6e0     0x130d _build/nrf52832_xxaa/bsp.c.o
 .debug_line    0x000209ed      0xbae _build/nrf52832_xxaa/bsp_btn_ble.c.o
 .debug_line    0x0002159b     0x1a16 _build/nrf52832_xxaa/main.c.o
 .debug_line    0x00022fb1     0x303c _build/nrf52832_xxaa/SEGGER_RTT.c.o
 .debug_line    0x00025fed     0x1437 _build/nrf52832_xxaa/ble_advdata.c.o
 .debug_line    0x00027424     0x1254 _build/nrf52832_xxaa/ble_conn_state.c.o
 .debug_line    0x00028678     0x1bb0 _build/nrf52832_xxaa/ble_db_discovery.c.o
 .debug_line    0x0002a228     0x1081 _build/nrf52832_xxaa/nrf_ble_gatt.c.o
 .debug_line    0x0002b2a9     0x11ab _build/nrf52832_xxaa/nrf_ble_gq.c.o
 .debug_line    0x0002c454     0x113b _build/nrf52832_xxaa/nrf_ble_scan.c.o
 .debug_line    0x0002d58f     0x114c _build/nrf52832_xxaa/ble_lbs_c.c.o
 .debug_line    0x0002e6db     0x10c9 _build/nrf52832_xxaa/nrf_sdh.c.o
 .debug_line    0x0002f7a4      0xbfa _build/nrf52832_xxaa/nrf_sdh_ble.c.o
 .debug_line    0x0003039e      0x867 _build/nrf52832_xxaa/nrf_sdh_soc.c.o
 .debug_line    0x00030c05      0x9b3 _build/nrf52832_xxaa/app_fifo.c.o
 .debug_line    0x000315b8      0xe91 _build/nrf52832_xxaa/app_uart_fifo.c.o

.debug_info     0x00000000    0x6766d
 .debug_info    0x00000000       0x26 _build/nrf52832_xxaa/gcc_startup_nrf52.S.o
 .debug_info    0x00000026     0x1193 _build/nrf52832_xxaa/nrf_log_backend_rtt.c.o
 .debug_info    0x000011b9     0x124c _build/nrf52832_xxaa/nrf_log_backend_serial.c.o
 .debug_info    0x00002405      0xd9e _build/nrf52832_xxaa/nrf_log_default_backends.c.o
 .debug_info    0x000031a3     0x4689 _build/nrf52832_xxaa/nrf_log_frontend.c.o
 .debug_info    0x0000782c     0x1431 _build/nrf52832_xxaa/nrf_log_str_formatter.c.o
 .debug_info    0x00008c5d     0x1d41 _build/nrf52832_xxaa/app_button.c.o
 .debug_info    0x0000a99e      0xb94 _build/nrf52832_xxaa/app_error.c.o
 .debug_info    0x0000b532      0xa0e _build/nrf52832_xxaa/app_error_handler_gcc.c.o
 .debug_info    0x0000bf40      0xf6f _build/nrf52832_xxaa/app_error_weak.c.o
 .debug_info    0x0000ceaf     0x21eb _build/nrf52832_xxaa/app_timer2.c.o
 .debug_info    0x0000f09a     0x12fd _build/nrf52832_xxaa/app_util_platform.c.o
 .debug_info    0x00010397     0x2b75 _build/nrf52832_xxaa/drv_rtc.c.o
 .debug_info    0x00012f0c     0x158b _build/nrf52832_xxaa/nrf_atfifo.c.o
 .debug_info    0x00014497     0x1019 _build/nrf52832_xxaa/nrf_atflags.c.o
 .debug_info    0x000154b0     0x13e4 _build/nrf52832_xxaa/nrf_atomic.c.o
 .debug_info    0x00016894      0xea4 _build/nrf52832_xxaa/nrf_balloc.c.o
 .debug_info    0x00017738      0xb51 _build/nrf52832_xxaa/nrf_fprintf.c.o
 .debug_info    0x00018289     0x157d _build/nrf52832_xxaa/nrf_fprintf_format.c.o
 .debug_info    0x00019806     0x161b _build/nrf52832_xxaa/nrf_memobj.c.o
 .debug_info    0x0001ae21     0x1db9 _build/nrf52832_xxaa/nrf_pwr_mgmt.c.o
 .debug_info    0x0001cbda     0x20ee _build/nrf52832_xxaa/nrf_queue.c.o
 .debug_info    0x0001ecc8      0xf8b _build/nrf52832_xxaa/nrf_ringbuf.c.o
 .debug_info    0x0001fc53      0xac1 _build/nrf52832_xxaa/nrf_section_iter.c.o
 .debug_info    0x00020714      0xd6d _build/nrf52832_xxaa/nrf_sortlist.c.o
 .debug_info    0x00021481      0xb76 _build/nrf52832_xxaa/nrf_strerror.c.o
 .debug_info    0x00021ff7     0x1517 _build/nrf52832_xxaa/system_nrf52.c.o
 .debug_info    0x0002350e     0x172e _build/nrf52832_xxaa/boards.c.o