Archive member included to satisfy reference by file (symbol)

d:/program files (x86)/gnu arm embedded toolchain/9 2020-q2-update/bin/../lib/gcc/arm-none-eabi/9.3.1/../../../../arm-none-eabi/lib/thumb/v7e-m+fp/hard\libc_nano.a(lib_a-ctype_.o)
                              _build/nrf52840_xxaa/nrf_log_str_formatter.c.o (_ctype_)
d:/program files (x86)/gnu arm embedded toolchain/9 2020-q2-update/bin/../lib/gcc/arm-none-eabi/9.3.1/../../../../arm-none-eabi/lib/thumb/v7e-m+fp/hard\libc_nano.a(lib_a-exit.o)
                              d:/program files (x86)/gnu arm embedded toolchain/9 2020-q2-update/bin/../lib/gcc/arm-none-eabi/9.3.1/../../../../arm-none-eabi/lib/thumb/v7e-m+fp/hard/crt0.o (exit)
d:/program files (x86)/gnu arm embedded toolchain/9 2020-q2-update/bin/../lib/gcc/arm-none-eabi/9.3.1/../../../../arm-none-eabi/lib/thumb/v7e-m+fp/hard\libc_nano.a(lib_a-impure.o)
                              d:/program files (x86)/gnu arm embedded toolchain/9 2020-q2-update/bin/../lib/gcc/arm-none-eabi/9.3.1/../../../../arm-none-eabi/lib/thumb/v7e-m+fp/hard\libc_nano.a(lib_a-exit.o) (_global_impure_ptr)
d:/program files (x86)/gnu arm embedded toolchain/9 2020-q2-update/bin/../lib/gcc/arm-none-eabi/9.3.1/../../../../arm-none-eabi/lib/thumb/v7e-m+fp/hard\libc_nano.a(lib_a-init.o)
                              d:/program files (x86)/gnu arm embedded toolchain/9 2020-q2-update/bin/../lib/gcc/arm-none-eabi/9.3.1/../../../../arm-none-eabi/lib/thumb/v7e-m+fp/hard/crt0.o (__libc_init_array)
d:/program files (x86)/gnu arm embedded toolchain/9 2020-q2-update/bin/../lib/gcc/arm-none-eabi/9.3.1/../../../../arm-none-eabi/lib/thumb/v7e-m+fp/hard\libc_nano.a(lib_a-memcmp.o)
                              _build/nrf52840_xxaa/ble_advdata.c.o (memcmp)
d:/program files (x86)/gnu arm embedded toolchain/9 2020-q2-update/bin/../lib/gcc/arm-none-eabi/9.3.1/../../../../arm-none-eabi/lib/thumb/v7e-m+fp/hard\libc_nano.a(lib_a-memcpy-stub.o)
                              _build/nrf52840_xxaa/nrf_log_frontend.c.o (memcpy)
d:/program files (x86)/gnu arm embedded toolchain/9 2020-q2-update/bin/../lib/gcc/arm-none-eabi/9.3.1/../../../../arm-none-eabi/lib/thumb/v7e-m+fp/hard\libc_nano.a(lib_a-memset.o)
                              d:/program files (x86)/gnu arm embedded toolchain/9 2020-q2-update/bin/../lib/gcc/arm-none-eabi/9.3.1/../../../../arm-none-eabi/lib/thumb/v7e-m+fp/hard/crt0.o (memset)
d:/program files (x86)/gnu arm embedded toolchain/9 2020-q2-update/bin/../lib/gcc/arm-none-eabi/9.3.1/../../../../arm-none-eabi/lib/thumb/v7e-m+fp/hard\libc_nano.a(lib_a-strcmp.o)
                              _build/nrf52840_xxaa/nrf_ble_scan.c.o (strcmp)
d:/program files (x86)/gnu arm embedded toolchain/9 2020-q2-update/bin/../lib/gcc/arm-none-eabi/9.3.1/../../../../arm-none-eabi/lib/thumb/v7e-m+fp/hard\libc_nano.a(lib_a-strcpy.o)
                              _build/nrf52840_xxaa/SEGGER_RTT.c.o (strcpy)
d:/program files (x86)/gnu arm embedded toolchain/9 2020-q2-update/bin/../lib/gcc/arm-none-eabi/9.3.1/../../../../arm-none-eabi/lib/thumb/v7e-m+fp/hard\libc_nano.a(lib_a-strlen.o)
                              _build/nrf52840_xxaa/nrf_log_frontend.c.o (strlen)
d:/program files (x86)/gnu arm embedded toolchain/9 2020-q2-update/bin/../lib/gcc/arm-none-eabi/9.3.1/../../../../arm-none-eabi/lib/thumb/v7e-m+fp/hard\libnosys.a(_exit.o)
                              d:/program files (x86)/gnu arm embedded toolchain/9 2020-q2-update/bin/../lib/gcc/arm-none-eabi/9.3.1/../../../../arm-none-eabi/lib/thumb/v7e-m+fp/hard\libc_nano.a(lib_a-exit.o) (_exit)
d:/program files (x86)/gnu arm embedded toolchain/9 2020-q2-update/bin/../lib/gcc/arm-none-eabi/9.3.1/thumb/v7e-m+fp/hard\libgcc.a(_aeabi_ldivmod.o)
                              _build/nrf52840_xxaa/bsp.c.o (__aeabi_ldivmod)
d:/program files (x86)/gnu arm embedded toolchain/9 2020-q2-update/bin/../lib/gcc/arm-none-eabi/9.3.1/thumb/v7e-m+fp/hard\libgcc.a(_aeabi_uldivmod.o)
                              _build/nrf52840_xxaa/bsp.c.o (__aeabi_uldivmod)
d:/program files (x86)/gnu arm embedded toolchain/9 2020-q2-update/bin/../lib/gcc/arm-none-eabi/9.3.1/thumb/v7e-m+fp/hard\libgcc.a(_udivmoddi4.o)
                              d:/program files (x86)/gnu arm embedded toolchain/9 2020-q2-update/bin/../lib/gcc/arm-none-eabi/9.3.1/thumb/v7e-m+fp/hard\libgcc.a(_aeabi_ldivmod.o) (__udivmoddi4)
d:/program files (x86)/gnu arm embedded toolchain/9 2020-q2-update/bin/../lib/gcc/arm-none-eabi/9.3.1/thumb/v7e-m+fp/hard\libgcc.a(_dvmd_tls.o)
                              d:/program files (x86)/gnu arm embedded toolchain/9 2020-q2-update/bin/../lib/gcc/arm-none-eabi/9.3.1/thumb/v7e-m+fp/hard\libgcc.a(_aeabi_ldivmod.o) (__aeabi_ldiv0)

Allocating common symbols
Common symbol       size              file

nrf_nvic_state      0xc               _build/nrf52840_xxaa/app_util_platform.c.o
nrf_drv_uart_use_easy_dma
                    0x2               _build/nrf52840_xxaa/nrf_drv_uart.c.o
[...]
Memory Configuration

Name             Origin             Length             Attributes
FLASH            0x00027000         0x000d9000         xr
RAM              0x200043a8         0x0003bc58         xrw
*default*        0x00000000         0xffffffff

Linker script and memory map


.text           0x00027000     0x8480
 *(.isr_vector)
 .isr_vector    0x00027000      0x200 _build/nrf52840_xxaa/gcc_startup_nrf52840.S.o
                0x00027000                __isr_vector
 *(.text*)
 .text          0x00027200       0x40 d:/program files (x86)/gnu arm embedded toolchain/9 2020-q2-update/bin/../lib/gcc/arm-none-eabi/9.3.1/thumb/v7e-m+fp/hard/crtbegin.o
 .text          0x00027240       0x7c d:/program files (x86)/gnu arm embedded toolchain/9 2020-q2-update/bin/../lib/gcc/arm-none-eabi/9.3.1/../../../../arm-none-eabi/lib/thumb/v7e-m+fp/hard/crt0.o
                0x00027240                _stack_init
                0x00027248                _start
                0x00027248                _mainCRTStartup
 .text          0x000272bc       0x3c _build/nrf52840_xxaa/gcc_startup_nrf52840.S.o
                0x000272bc                Reset_Handler
                0x000272e4                NMI_Handler
                0x000272e6                HardFault_Handler
                0x000272e8                MemoryManagement_Handler
                0x000272ea                BusFault_Handler
                0x000272ec                UsageFault_Handler
                0x000272ee                SVC_Handler
                0x000272f0                DebugMon_Handler
                0x000272f2                PendSV_Handler
                0x000272f4                SysTick_Handler
                0x000272f6                PDM_IRQHandler
                0x000272f6                TEMP_IRQHandler
                0x000272f6                QDEC_IRQHandler
                0x000272f6                TIMER3_IRQHandler
                0x000272f6                PWM3_IRQHandler
                0x000272f6                RTC0_IRQHandler
                0x000272f6                USBD_IRQHandler
                0x000272f6                SPIM0_SPIS0_TWIM0_TWIS0_SPI0_TWI0_IRQHandler
                0x000272f6                PWM1_IRQHandler
                0x000272f6                TIMER4_IRQHandler
                0x000272f6                RADIO_IRQHandler
                0x000272f6                I2S_IRQHandler
                0x000272f6                SWI4_EGU4_IRQHandler
                0x000272f6                FPU_IRQHandler
                0x000272f6                TIMER2_IRQHandler
                0x000272f6                UARTE1_IRQHandler
                0x000272f6                TIMER1_IRQHandler
                0x000272f6                SPIM3_IRQHandler
                0x000272f6                PWM2_IRQHandler
                0x000272f6                ECB_IRQHandler
                0x000272f6                SPIM1_SPIS1_TWIM1_TWIS1_SPI1_TWI1_IRQHandler
                0x000272f6                Default_Handler
                0x000272f6                SAADC_IRQHandler
                0x000272f6                CCM_AAR_IRQHandler
                0x000272f6                WDT_IRQHandler
                0x000272f6                CRYPTOCELL_IRQHandler
                0x000272f6                SWI5_EGU5_IRQHandler
                0x000272f6                RNG_IRQHandler
                0x000272f6                RTC2_IRQHandler
                0x000272f6                PWM0_IRQHandler
                0x000272f6                SWI3_EGU3_IRQHandler
                0x000272f6                SWI1_EGU1_IRQHandler
                0x000272f6                SPIM2_SPIS2_SPI2_IRQHandler
                0x000272f6                NFCT_IRQHandler
                0x000272f6                SWI0_EGU0_IRQHandler
                0x000272f6                MWU_IRQHandler
                0x000272f6                TIMER0_IRQHandler
                0x000272f6                QSPI_IRQHandler
                0x000272f6                COMP_LPCOMP_IRQHandler
 .text.nrf_log_backend_serial_put
                0x000272f8       0xd8 _build/nrf52840_xxaa/nrf_log_backend_serial.c.o
                0x000272f8                nrf_log_backend_serial_put
 .text.uart_evt_handler
                0x000273d0        0xc _build/nrf52840_xxaa/nrf_log_backend_uart.c.o
 .text.nrf_log_backend_uart_flush
                0x000273dc        0x4 _build/nrf52840_xxaa/nrf_log_backend_uart.c.o
 .text.nrf_log_backend_uart_put
                0x000273e0       0x20 _build/nrf52840_xxaa/nrf_log_backend_uart.c.o
 .text.serial_tx
                0x00027400       0x4c _build/nrf52840_xxaa/nrf_log_backend_uart.c.o
 .text.nrf_log_backend_uart_panic_set
                0x0002744c       0x7c _build/nrf52840_xxaa/nrf_log_backend_uart.c.o
 .text.nrf_log_backend_uart_init
                0x000274c8       0x68 _build/nrf52840_xxaa/nrf_log_backend_uart.c.o
                0x000274c8                nrf_log_backend_uart_init
 .text.nrf_log_default_backends_init
                0x00027530       0x20 _build/nrf52840_xxaa/nrf_log_default_backends.c.o
                0x00027530                nrf_log_default_backends_init
 .text.nrf_log_init
                0x00027550       0x28 _build/nrf52840_xxaa/nrf_log_frontend.c.o
                0x00027550                nrf_log_init
 .text.nrf_log_module_name_get
                0x00027578       0x48 _build/nrf52840_xxaa/nrf_log_frontend.c.o
                0x00027578                nrf_log_module_name_get
 .text.nrf_log_color_id_get
                0x000275c0       0x2c _build/nrf52840_xxaa/nrf_log_frontend.c.o
                0x000275c0                nrf_log_color_id_get
 .text.nrf_log_frontend_dequeue
                0x000275ec      0x250 _build/nrf52840_xxaa/nrf_log_frontend.c.o
                0x000275ec                nrf_log_frontend_dequeue
 .text.nrf_log_frontend_std_0
                0x0002783c      0x188 _build/nrf52840_xxaa/nrf_log_frontend.c.o
                0x0002783c                nrf_log_frontend_std_0
 .text.nrf_log_frontend_std_1
                0x000279c4      0x19c _build/nrf52840_xxaa/nrf_log_frontend.c.o
                0x000279c4                nrf_log_frontend_std_1
 .text.nrf_log_frontend_std_2
                0x00027b60      0x1b0 _build/nrf52840_xxaa/nrf_log_frontend.c.o
                0x00027b60                nrf_log_frontend_std_2
 .text.nrf_log_frontend_std_3
                0x00027d10      0x1bc _build/nrf52840_xxaa/nrf_log_frontend.c.o
                0x00027d10                nrf_log_frontend_std_3
 .text.nrf_log_backend_add
                0x00027ecc       0x5c _build/nrf52840_xxaa/nrf_log_frontend.c.o
                0x00027ecc                nrf_log_backend_add
 .text.nrf_log_panic
                0x00027f28       0x28 _build/nrf52840_xxaa/nrf_log_frontend.c.o
                0x00027f28                nrf_log_panic
 .text.prefix_process
                0x00027f50       0x80 _build/nrf52840_xxaa/nrf_log_str_formatter.c.o
 .text.nrf_log_std_entry_process
                0x00027fd0       0xf0 _build/nrf52840_xxaa/nrf_log_str_formatter.c.o
                0x00027fd0                nrf_log_std_entry_process
 .text.nrf_log_hexdump_entry_process
                0x000280c0       0xfc _build/nrf52840_xxaa/nrf_log_str_formatter.c.o
                0x000280c0                nrf_log_hexdump_entry_process
 .text.gpiote_event_handler
                0x000281bc       0x74 _build/nrf52840_xxaa/app_button.c.o
 .text.detection_delay_timeout_handler
                0x00028230      0x264 _build/nrf52840_xxaa/app_button.c.o
 .text.app_button_init
                0x00028494       0xc0 _build/nrf52840_xxaa/app_button.c.o
                0x00028494                app_button_init
 .text.app_button_enable
                0x00028554       0x2c _build/nrf52840_xxaa/app_button.c.o
                0x00028554                app_button_enable
 .text.app_button_disable
                0x00028580       0x5c _build/nrf52840_xxaa/app_button.c.o
                0x00028580                app_button_disable
 .text.app_error_handler_bare
                0x000285dc       0x20 _build/nrf52840_xxaa/app_error.c.o
                0x000285dc                app_error_handler_bare
 .text.app_error_fault_handler
                0x000285fc       0x70 _build/nrf52840_xxaa/app_error_weak.c.o
                0x000285fc                app_error_fault_handler
 .text.compare_func
                0x0002866c       0x18 _build/nrf52840_xxaa/app_timer2.c.o
 .text.rtc_irq  0x00028684      0x318 _build/nrf52840_xxaa/app_timer2.c.o
 .text.app_timer_init
                0x0002899c       0x6c _build/nrf52840_xxaa/app_timer2.c.o
                0x0002899c                app_timer_init
 .text.app_timer_create
                0x00028a08       0x1c _build/nrf52840_xxaa/app_timer2.c.o
                0x00028a08                app_timer_create
 .text.app_timer_start
                0x00028a24       0x8c _build/nrf52840_xxaa/app_timer2.c.o
                0x00028a24                app_timer_start
 .text.app_timer_stop
                0x00028ab0       0x44 _build/nrf52840_xxaa/app_timer2.c.o
                0x00028ab0                app_timer_stop
 .text.app_util_critical_region_enter
                0x00028af4       0x4c _build/nrf52840_xxaa/app_util_platform.c.o
                0x00028af4                app_util_critical_region_enter
 .text.app_util_critical_region_exit
                0x00028b40       0x30 _build/nrf52840_xxaa/app_util_platform.c.o
                0x00028b40                app_util_critical_region_exit
 .text.drv_rtc_init
                0x00028b70       0xc0 _build/nrf52840_xxaa/drv_rtc.c.o
                0x00028b70                drv_rtc_init
 .text.drv_rtc_start
                0x00028c30        0x8 _build/nrf52840_xxaa/drv_rtc.c.o
                0x00028c30                drv_rtc_start
 .text.drv_rtc_stop
                0x00028c38        0x8 _build/nrf52840_xxaa/drv_rtc.c.o
                0x00028c38                drv_rtc_stop
 .text.drv_rtc_compare_set
                0x00028c40       0x4c _build/nrf52840_xxaa/drv_rtc.c.o
                0x00028c40                drv_rtc_compare_set
 .text.drv_rtc_windowed_compare_set
                0x00028c8c       0xf8 _build/nrf52840_xxaa/drv_rtc.c.o
                0x00028c8c                drv_rtc_windowed_compare_set
 .text.drv_rtc_overflow_enable
                0x00028d84       0x14 _build/nrf52840_xxaa/drv_rtc.c.o
                0x00028d84                drv_rtc_overflow_enable
 .text.drv_rtc_overflow_pending
                0x00028d98       0x20 _build/nrf52840_xxaa/drv_rtc.c.o
                0x00028d98                drv_rtc_overflow_pending
 .text.drv_rtc_compare_disable
                0x00028db8       0x18 _build/nrf52840_xxaa/drv_rtc.c.o
                0x00028db8                drv_rtc_compare_disable
 .text.drv_rtc_compare_pending
                0x00028dd0       0x20 _build/nrf52840_xxaa/drv_rtc.c.o
                0x00028dd0                drv_rtc_compare_pending
 .text.drv_rtc_counter_get
                0x00028df0        0x8 _build/nrf52840_xxaa/drv_rtc.c.o
                0x00028df0                drv_rtc_counter_get
 .text.drv_rtc_irq_trigger
                0x00028df8       0x24 _build/nrf52840_xxaa/drv_rtc.c.o
                0x00028df8                drv_rtc_irq_trigger
 .text.RTC1_IRQHandler
                0x00028e1c       0x14 _build/nrf52840_xxaa/drv_rtc.c.o
                0x00028e1c                RTC1_IRQHandler
 .text.nrf_atfifo_init
                0x00028e30       0x30 _build/nrf52840_xxaa/nrf_atfifo.c.o
                0x00028e30                nrf_atfifo_init
 .text.nrf_atfifo_item_alloc
                0x00028e60       0x5c _build/nrf52840_xxaa/nrf_atfifo.c.o
                0x00028e60                nrf_atfifo_item_alloc
 .text.nrf_atfifo_item_put
                0x00028ebc       0x20 _build/nrf52840_xxaa/nrf_atfifo.c.o
                0x00028ebc                nrf_atfifo_item_put
 .text.nrf_atfifo_item_get
                0x00028edc       0x60 _build/nrf52840_xxaa/nrf_atfifo.c.o
                0x00028edc                nrf_atfifo_item_get
 .text.nrf_atfifo_item_free
                0x00028f3c       0x20 _build/nrf52840_xxaa/nrf_atfifo.c.o
                0x00028f3c                nrf_atfifo_item_free
 .text.nrf_atflags_set
                0x00028f5c       0x14 _build/nrf52840_xxaa/nrf_atflags.c.o
                0x00028f5c                nrf_atflags_set
 .text.nrf_atflags_clear
                0x00028f70       0x14 _build/nrf52840_xxaa/nrf_atflags.c.o
                0x00028f70                nrf_atflags_clear
 .text.nrf_atflags_get
                0x00028f84       0x14 _build/nrf52840_xxaa/nrf_atflags.c.o
                0x00028f84                nrf_atflags_get
 .text.nrf_atomic_u32_fetch_store
                0x00028f98       0x1c _build/nrf52840_xxaa/nrf_atomic.c.o
                0x00028f98                nrf_atomic_u32_fetch_store
 .text.nrf_atomic_u32_or
                0x00028fb4       0x1c _build/nrf52840_xxaa/nrf_atomic.c.o
                0x00028fb4                nrf_atomic_u32_or
 .text.nrf_atomic_u32_and
                0x00028fd0       0x1c _build/nrf52840_xxaa/nrf_atomic.c.o
                0x00028fd0                nrf_atomic_u32_and
 .text.nrf_atomic_u32_add
                0x00028fec       0x1c _build/nrf52840_xxaa/nrf_atomic.c.o
                0x00028fec                nrf_atomic_u32_add
 .text.nrf_atomic_u32_sub
                0x00029008       0x1c _build/nrf52840_xxaa/nrf_atomic.c.o
                0x00029008                nrf_atomic_u32_sub
 .text.nrf_atomic_flag_set
                0x00029024       0x20 _build/nrf52840_xxaa/nrf_atomic.c.o
                0x00029024                nrf_atomic_flag_set
 .text.nrf_atomic_flag_clear_fetch
                0x00029044       0x20 _build/nrf52840_xxaa/nrf_atomic.c.o
                0x00029044                nrf_atomic_flag_clear_fetch
 .text.nrf_balloc_init
                0x00029064       0x38 _build/nrf52840_xxaa/nrf_balloc.c.o
                0x00029064                nrf_balloc_init
 .text.nrf_balloc_alloc
                0x0002909c       0x50 _build/nrf52840_xxaa/nrf_balloc.c.o
                0x0002909c                nrf_balloc_alloc
 .text.nrf_balloc_free
                0x000290ec       0x38 _build/nrf52840_xxaa/nrf_balloc.c.o
                0x000290ec                nrf_balloc_free
 .text.nrf_fprintf_buffer_flush
                0x00029124       0x18 _build/nrf52840_xxaa/nrf_fprintf.c.o
                0x00029124                nrf_fprintf_buffer_flush
 .text.nrf_fprintf
                0x0002913c       0x20 _build/nrf52840_xxaa/nrf_fprintf.c.o
                0x0002913c                nrf_fprintf
 .text.unsigned_print
                0x0002915c      0x14c _build/nrf52840_xxaa/nrf_fprintf_format.c.o
 .text.nrf_fprintf_fmt
                0x000292a8      0x5cc _build/nrf52840_xxaa/nrf_fprintf_format.c.o
                0x000292a8                nrf_fprintf_fmt
 .text.nrf_memobj_pool_init
                0x00029874        0x4 _build/nrf52840_xxaa/nrf_memobj.c.o
                0x00029874                nrf_memobj_pool_init
 .text.nrf_memobj_alloc
                0x00029878       0x94 _build/nrf52840_xxaa/nrf_memobj.c.o
                0x00029878                nrf_memobj_alloc
 .text.nrf_memobj_free
                0x0002990c       0x3c _build/nrf52840_xxaa/nrf_memobj.c.o
                0x0002990c                nrf_memobj_free
 .text.nrf_memobj_get
                0x00029948        0x8 _build/nrf52840_xxaa/nrf_memobj.c.o
                0x00029948                nrf_memobj_get
 .text.nrf_memobj_put
                0x00029950       0x58 _build/nrf52840_xxaa/nrf_memobj.c.o
                0x00029950                nrf_memobj_put
 .text.nrf_memobj_write
                0x000299a8       0x68 _build/nrf52840_xxaa/nrf_memobj.c.o
                0x000299a8                nrf_memobj_write
 .text.nrf_memobj_read
                0x00029a10       0x68 _build/nrf52840_xxaa/nrf_memobj.c.o
                0x00029a10                nrf_memobj_read
 .text.sd_app_evt_wait
                0x00029a78        0x4 _build/nrf52840_xxaa/nrf_pwr_mgmt.c.o
 .text.nrf_pwr_mgmt_init
                0x00029a7c       0x2c _build/nrf52840_xxaa/nrf_pwr_mgmt.c.o
                0x00029a7c                nrf_pwr_mgmt_init
 .text.nrf_pwr_mgmt_run
                0x00029aa8       0x54 _build/nrf52840_xxaa/nrf_pwr_mgmt.c.o
                0x00029aa8                nrf_pwr_mgmt_run
 .text.nrf_queue_push
                0x00029afc       0xe8 _build/nrf52840_xxaa/nrf_queue.c.o
                0x00029afc                nrf_queue_push
 .text.nrf_queue_generic_pop
                0x00029be4       0xd8 _build/nrf52840_xxaa/nrf_queue.c.o
                0x00029be4                nrf_queue_generic_pop
 .text.nrf_queue_is_empty
                0x00029cbc       0x10 _build/nrf52840_xxaa/nrf_queue.c.o
                0x00029cbc                nrf_queue_is_empty
 .text.nrf_ringbuf_init
                0x00029ccc       0x1c _build/nrf52840_xxaa/nrf_ringbuf.c.o
                0x00029ccc                nrf_ringbuf_init
 .text.nrf_section_iter_init
                0x00029ce8       0x14 _build/nrf52840_xxaa/nrf_section_iter.c.o
                0x00029ce8                nrf_section_iter_init
 .text.nrf_section_iter_next
                0x00029cfc       0x18 _build/nrf52840_xxaa/nrf_section_iter.c.o
                0x00029cfc                nrf_section_iter_next
 .text.nrf_sortlist_add
                0x00029d14       0x28 _build/nrf52840_xxaa/nrf_sortlist.c.o
                0x00029d14                nrf_sortlist_add
 .text.nrf_sortlist_pop
                0x00029d3c        0xc _build/nrf52840_xxaa/nrf_sortlist.c.o
                0x00029d3c                nrf_sortlist_pop
 .text.nrf_sortlist_peek
                0x00029d48        0x8 _build/nrf52840_xxaa/nrf_sortlist.c.o
                0x00029d48                nrf_sortlist_peek
 .text.nrf_sortlist_remove
                0x00029d50       0x1c _build/nrf52840_xxaa/nrf_sortlist.c.o
                0x00029d50                nrf_sortlist_remove
 .text.nrf_strerror_get
                0x00029d6c       0x50 _build/nrf52840_xxaa/nrf_strerror.c.o
                0x00029d6c                nrf_strerror_get
 .text.SystemInit
                0x00029dbc      0x220 _build/nrf52840_xxaa/system_nrf52840.c.o
                0x00029dbc                SystemInit
 .text.bsp_board_led_on
                0x00029fdc       0x24 _build/nrf52840_xxaa/boards.c.o
                0x00029fdc                bsp_board_led_on
 .text.bsp_board_led_off
                0x0002a000       0x24 _build/nrf52840_xxaa/boards.c.o
                0x0002a000                bsp_board_led_off
 .text.bsp_board_init
                0x0002a024       0x5c _build/nrf52840_xxaa/boards.c.o
                0x0002a024                bsp_board_init
 .text.clock_irq_handler
                0x0002a080       0x44 _build/nrf52840_xxaa/nrf_drv_clock.c.o
 .text.soc_evt_handler
                0x0002a0c4       0x28 _build/nrf52840_xxaa/nrf_drv_clock.c.o
 .text.sd_state_evt_handler
                0x0002a0ec       0xc8 _build/nrf52840_xxaa/nrf_drv_clock.c.o
 .text.uarte_evt_handler
                0x0002a1b4       0x34 _build/nrf52840_xxaa/nrf_drv_uart.c.o
 .text.uart_evt_handler
                0x0002a1e8       0x34 _build/nrf52840_xxaa/nrf_drv_uart.c.o
 .text.nrf_drv_uart_init
                0x0002a21c       0x88 _build/nrf52840_xxaa/nrf_drv_uart.c.o
                0x0002a21c                nrf_drv_uart_init
 .text.nrfx_clock_init
                0x0002a2a4       0x18 _build/nrf52840_xxaa/nrfx_clock.c.o
                0x0002a2a4                nrfx_clock_init
 .text.nrfx_clock_enable
                0x0002a2bc       0x24 _build/nrf52840_xxaa/nrfx_clock.c.o
                0x0002a2bc                nrfx_clock_enable
 .text.nrfx_clock_lfclk_stop
                0x0002a2e0       0x38 _build/nrf52840_xxaa/nrfx_clock.c.o
                0x0002a2e0                nrfx_clock_lfclk_stop
 .text.POWER_CLOCK_IRQHandler
                0x0002a318       0x6c _build/nrf52840_xxaa/nrfx_clock.c.o
                0x0002a318                POWER_CLOCK_IRQHandler
 .text.nrfx_gpiote_init
                0x0002a384       0xb0 _build/nrf52840_xxaa/nrfx_gpiote.c.o
                0x0002a384                nrfx_gpiote_init
 .text.nrfx_gpiote_is_init
                0x0002a434       0x14 _build/nrf52840_xxaa/nrfx_gpiote.c.o
                0x0002a434                nrfx_gpiote_is_init
 .text.nrfx_gpiote_in_init
                0x0002a448      0x1e4 _build/nrf52840_xxaa/nrfx_gpiote.c.o
                0x0002a448                nrfx_gpiote_in_init
 .text.nrfx_gpiote_in_event_enable
                0x0002a62c       0xd8 _build/nrf52840_xxaa/nrfx_gpiote.c.o
                0x0002a62c                nrfx_gpiote_in_event_enable
 .text.nrfx_gpiote_in_event_disable
                0x0002a704       0x74 _build/nrf52840_xxaa/nrfx_gpiote.c.o
                0x0002a704                nrfx_gpiote_in_event_disable
 .text.nrfx_gpiote_in_is_set
                0x0002a778       0x20 _build/nrf52840_xxaa/nrfx_gpiote.c.o
                0x0002a778                nrfx_gpiote_in_is_set
 .text.GPIOTE_IRQHandler
                0x0002a798      0x500 _build/nrf52840_xxaa/nrfx_gpiote.c.o
                0x0002a798                GPIOTE_IRQHandler
 .text.UARTE0_UART0_IRQHandler
                0x0002ac98        0xc _build/nrf52840_xxaa/nrfx_prs.c.o
                0x0002ac98                UARTE0_UART0_IRQHandler
 .text.nrfx_prs_acquire
                0x0002aca4       0x50 _build/nrf52840_xxaa/nrfx_prs.c.o
                0x0002aca4                nrfx_prs_acquire
 .text.nrfx_prs_release
                0x0002acf4       0x18 _build/nrf52840_xxaa/nrfx_prs.c.o
                0x0002acf4                nrfx_prs_release
 .text.nrfx_uart_0_irq_handler
                0x0002ad0c      0x1c4 _build/nrf52840_xxaa/nrfx_uart.c.o
                0x0002ad0c                nrfx_uart_0_irq_handler
 .text.nrfx_uart_init
                0x0002aed0      0x1f0 _build/nrf52840_xxaa/nrfx_uart.c.o
                0x0002aed0                nrfx_uart_init
 .text.nrfx_uart_uninit
                0x0002b0c0      0x10c _build/nrf52840_xxaa/nrfx_uart.c.o
                0x0002b0c0                nrfx_uart_uninit
 .text.nrfx_uart_tx
                0x0002b1cc       0xd0 _build/nrf52840_xxaa/nrfx_uart.c.o
                0x0002b1cc                nrfx_uart_tx
 .text.nrfx_uarte_0_irq_handler
                0x0002b29c      0x168 _build/nrf52840_xxaa/nrfx_uarte.c.o
                0x0002b29c                nrfx_uarte_0_irq_handler
 .text.nrfx_uarte_init
                0x0002b404      0x228 _build/nrf52840_xxaa/nrfx_uarte.c.o
                0x0002b404                nrfx_uarte_init
 .text.nrfx_uarte_uninit
                0x0002b62c      0x170 _build/nrf52840_xxaa/nrfx_uarte.c.o
                0x0002b62c                nrfx_uarte_uninit
 .text.nrfx_uarte_tx
                0x0002b79c       0xb4 _build/nrf52840_xxaa/nrfx_uarte.c.o
                0x0002b79c                nrfx_uarte_tx
 .text.bsp_event_to_button_action_assign
                0x0002b850       0x54 _build/nrf52840_xxaa/bsp.c.o
                0x0002b850                bsp_event_to_button_action_assign
 .text.ble_evt_handler
                0x0002b8a4       0xac _build/nrf52840_xxaa/bsp_btn_ble.c.o
 .text.sd_ble_gap_conn_param_update
                0x0002b950        0x4 _build/nrf52840_xxaa/main.c.o
 .text.sd_ble_gap_disconnect
                0x0002b954        0x4 _build/nrf52840_xxaa/main.c.o
 .text.sd_ble_gap_phy_update
                0x0002b958        0x4 _build/nrf52840_xxaa/main.c.o
 .text.lbs_error_handler
                0x0002b95c        0x4 _build/nrf52840_xxaa/main.c.o
 .text.db_disc_handler
                0x0002b960       0x18 _build/nrf52840_xxaa/main.c.o
 .text.scan_evt_handler
                0x0002b978       0x14 _build/nrf52840_xxaa/main.c.o
 .text.button_event_handler
                0x0002b98c       0x5c _build/nrf52840_xxaa/main.c.o
 .text.lbs_c_evt_handler
                0x0002b9e8       0x84 _build/nrf52840_xxaa/main.c.o
 .text.ble_evt_handler
                0x0002ba6c      0x180 _build/nrf52840_xxaa/main.c.o
 .text.startup.main
                0x0002bbec      0x1c0 _build/nrf52840_xxaa/main.c.o
                0x0002bbec                main
 .text.ble_advdata_name_find
                0x0002bdac       0x68 _build/nrf52840_xxaa/ble_advdata.c.o
                0x0002bdac                ble_advdata_name_find
 .text.ble_advdata_short_name_find
                0x0002be14       0x6c _build/nrf52840_xxaa/ble_advdata.c.o
                0x0002be14                ble_advdata_short_name_find
 .text.ble_evt_handler
                0x0002be80      0x160 _build/nrf52840_xxaa/ble_conn_state.c.o
 .text.ble_conn_state_init
                0x0002bfe0       0x10 _build/nrf52840_xxaa/ble_conn_state.c.o
                0x0002bfe0                ble_conn_state_init
 .text.ble_conn_state_central_conn_count
                0x0002bff0       0x38 _build/nrf52840_xxaa/ble_conn_state.c.o
                0x0002bff0                ble_conn_state_central_conn_count
 .text.discovery_complete_evt_trigger
                0x0002c028      0x1b4 _build/nrf52840_xxaa/ble_db_discovery.c.o
 .text.descriptors_discover
                0x0002c1dc       0xe8 _build/nrf52840_xxaa/ble_db_discovery.c.o
 .text.discovery_error_handler
                0x0002c2c4      0x110 _build/nrf52840_xxaa/ble_db_discovery.c.o
 .text.on_srv_disc_completion
                0x0002c3d4      0x1ac _build/nrf52840_xxaa/ble_db_discovery.c.o
 .text.ble_db_discovery_init
                0x0002c580       0x38 _build/nrf52840_xxaa/ble_db_discovery.c.o
                0x0002c580                ble_db_discovery_init
 .text.ble_db_discovery_evt_register
                0x0002c5b8       0xcc _build/nrf52840_xxaa/ble_db_discovery.c.o
                0x0002c5b8                ble_db_discovery_evt_register
 .text.ble_db_discovery_start
                0x0002c684       0xa4 _build/nrf52840_xxaa/ble_db_discovery.c.o
                0x0002c684                ble_db_discovery_start
 .text.ble_db_discovery_on_ble_evt
                0x0002c728      0x7b0 _build/nrf52840_xxaa/ble_db_discovery.c.o
                0x0002c728                ble_db_discovery_on_ble_evt
 .text.sd_ble_gap_data_length_update
                0x0002ced8        0x4 _build/nrf52840_xxaa/nrf_ble_gatt.c.o
 .text.sd_ble_gattc_exchange_mtu_request
                0x0002cedc        0x4 _build/nrf52840_xxaa/nrf_ble_gatt.c.o
 .text.sd_ble_gatts_exchange_mtu_reply
                0x0002cee0        0x4 _build/nrf52840_xxaa/nrf_ble_gatt.c.o
 .text.data_length_update
                0x0002cee4       0x8c _build/nrf52840_xxaa/nrf_ble_gatt.c.o
 .text.nrf_ble_gatt_init
                0x0002cf70       0x50 _build/nrf52840_xxaa/nrf_ble_gatt.c.o
                0x0002cf70                nrf_ble_gatt_init
 .text.nrf_ble_gatt_on_ble_evt
                0x0002cfc0      0x208 _build/nrf52840_xxaa/nrf_ble_gatt.c.o
                0x0002cfc0                nrf_ble_gatt_on_ble_evt
 .text.sd_ble_gattc_primary_services_discover
                0x0002d1c8        0x4 _build/nrf52840_xxaa/nrf_ble_gq.c.o
 .text.sd_ble_gattc_characteristics_discover
                0x0002d1cc        0x4 _build/nrf52840_xxaa/nrf_ble_gq.c.o
 .text.sd_ble_gattc_descriptors_discover
                0x0002d1d0        0x4 _build/nrf52840_xxaa/nrf_ble_gq.c.o
 .text.sd_ble_gattc_read
                0x0002d1d4        0x4 _build/nrf52840_xxaa/nrf_ble_gq.c.o
 .text.sd_ble_gattc_write
                0x0002d1d8        0x4 _build/nrf52840_xxaa/nrf_ble_gq.c.o
 .text.sd_ble_gatts_hvx
                0x0002d1dc        0x4 _build/nrf52840_xxaa/nrf_ble_gq.c.o
 .text.gatts_hvx_alloc
                0x0002d1e0       0x3c _build/nrf52840_xxaa/nrf_ble_gq.c.o
 .text.gattc_write_alloc
                0x0002d21c       0x28 _build/nrf52840_xxaa/nrf_ble_gq.c.o
 .text.queues_purge.isra.0
                0x0002d244       0x70 _build/nrf52840_xxaa/nrf_ble_gq.c.o
 .text.queue_process
                0x0002d2b4      0x17c _build/nrf52840_xxaa/nrf_ble_gq.c.o
 .text.nrf_ble_gq_item_add
                0x0002d430      0x1c0 _build/nrf52840_xxaa/nrf_ble_gq.c.o
                0x0002d430                nrf_ble_gq_item_add
 .text.nrf_ble_gq_conn_handle_register
                0x0002d5f0       0x9c _build/nrf52840_xxaa/nrf_ble_gq.c.o
                0x0002d5f0                nrf_ble_gq_conn_handle_register
 .text.nrf_ble_gq_on_ble_evt
                0x0002d68c       0x94 _build/nrf52840_xxaa/nrf_ble_gq.c.o
                0x0002d68c                nrf_ble_gq_on_ble_evt
 .text.sd_ble_gap_scan_start
                0x0002d720        0x4 _build/nrf52840_xxaa/nrf_ble_scan.c.o
 .text.sd_ble_gap_scan_stop
                0x0002d724        0x4 _build/nrf52840_xxaa/nrf_ble_scan.c.o
 .text.sd_ble_gap_connect
                0x0002d728        0x4 _build/nrf52840_xxaa/nrf_ble_scan.c.o
 .text.nrf_ble_scan_filter_set
                0x0002d72c       0xcc _build/nrf52840_xxaa/nrf_ble_scan.c.o
                0x0002d72c                nrf_ble_scan_filter_set
 .text.nrf_ble_scan_filters_enable
                0x0002d7f8       0x2c _build/nrf52840_xxaa/nrf_ble_scan.c.o
                0x0002d7f8                nrf_ble_scan_filters_enable
 .text.nrf_ble_scan_init
                0x0002d824       0xbc _build/nrf52840_xxaa/nrf_ble_scan.c.o
                0x0002d824                nrf_ble_scan_init
 .text.nrf_ble_scan_start
                0x0002d8e0       0x74 _build/nrf52840_xxaa/nrf_ble_scan.c.o
                0x0002d8e0                nrf_ble_scan_start
 .text.nrf_ble_scan_on_ble_evt
                0x0002d954      0x218 _build/nrf52840_xxaa/nrf_ble_scan.c.o
                0x0002d954                nrf_ble_scan_on_ble_evt
 .text.sd_ble_uuid_vs_add
                0x0002db6c        0x4 _build/nrf52840_xxaa/ble_lbs_c.c.o
 .text.gatt_error_handler
                0x0002db70        0x8 _build/nrf52840_xxaa/ble_lbs_c.c.o
 .text.ble_lbs_on_db_disc_evt
                0x0002db78      0x1f4 _build/nrf52840_xxaa/ble_lbs_c.c.o
                0x0002db78                ble_lbs_on_db_disc_evt
 .text.ble_lbs_c_init
                0x0002dd6c       0x68 _build/nrf52840_xxaa/ble_lbs_c.c.o
                0x0002dd6c                ble_lbs_c_init
 .text.ble_lbs_c_on_ble_evt
                0x0002ddd4       0x84 _build/nrf52840_xxaa/ble_lbs_c.c.o
                0x0002ddd4                ble_lbs_c_on_ble_evt
 .text.ble_lbs_c_button_notif_enable
                0x0002de58       0x50 _build/nrf52840_xxaa/ble_lbs_c.c.o
                0x0002de58                ble_lbs_c_button_notif_enable
 .text.ble_lbs_led_status_send
                0x0002dea8       0x64 _build/nrf52840_xxaa/ble_lbs_c.c.o
                0x0002dea8                ble_lbs_led_status_send
 .text.ble_lbs_c_handles_assign
                0x0002df0c       0x1c _build/nrf52840_xxaa/ble_lbs_c.c.o
                0x0002df0c                ble_lbs_c_handles_assign
 .text.sd_softdevice_enable
                0x0002df28        0x4 _build/nrf52840_xxaa/nrf_sdh.c.o
 .text.nrf_sdh_enable_request
                0x0002df2c      0x118 _build/nrf52840_xxaa/nrf_sdh.c.o
                0x0002df2c                nrf_sdh_enable_request
 .text.nrf_sdh_is_enabled
                0x0002e044        0xc _build/nrf52840_xxaa/nrf_sdh.c.o
                0x0002e044                nrf_sdh_is_enabled
 .text.SWI2_EGU2_IRQHandler
                0x0002e050       0x2c _build/nrf52840_xxaa/nrf_sdh.c.o
                0x0002e050                SWI2_EGU2_IRQHandler
 .text.sd_ble_enable
                0x0002e07c        0x4 _build/nrf52840_xxaa/nrf_sdh_ble.c.o
 .text.sd_ble_cfg_set
                0x0002e080        0x4 _build/nrf52840_xxaa/nrf_sdh_ble.c.o
 .text.sd_ble_evt_get
                0x0002e084        0x4 _build/nrf52840_xxaa/nrf_sdh_ble.c.o
 .text.nrf_sdh_ble_evts_poll
                0x0002e088       0x5c _build/nrf52840_xxaa/nrf_sdh_ble.c.o
 .text.nrf_sdh_ble_default_cfg_set
                0x0002e0e4      0x17c _build/nrf52840_xxaa/nrf_sdh_ble.c.o
                0x0002e0e4                nrf_sdh_ble_default_cfg_set
 .text.nrf_sdh_ble_enable
                0x0002e260       0xa0 _build/nrf52840_xxaa/nrf_sdh_ble.c.o
                0x0002e260                nrf_sdh_ble_enable
 .text.sd_evt_get
                0x0002e300        0x4 _build/nrf52840_xxaa/nrf_sdh_soc.c.o
 .text.nrf_sdh_soc_evts_poll
                0x0002e304       0x4c _build/nrf52840_xxaa/nrf_sdh_soc.c.o
 .text.exit     0x0002e350       0x28 d:/program files (x86)/gnu arm embedded toolchain/9 2020-q2-update/bin/../lib/gcc/arm-none-eabi/9.3.1/../../../../arm-none-eabi/lib/thumb/v7e-m+fp/hard\libc_nano.a(lib_a-exit.o)
                0x0002e350                exit
 .text.__libc_init_array
                0x0002e378       0x48 d:/program files (x86)/gnu arm embedded toolchain/9 2020-q2-update/bin/../lib/gcc/arm-none-eabi/9.3.1/../../../../arm-none-eabi/lib/thumb/v7e-m+fp/hard\libc_nano.a(lib_a-init.o)
                0x0002e378                __libc_init_array
 .text.memcmp   0x0002e3c0       0x1c d:/program files (x86)/gnu arm embedded toolchain/9 2020-q2-update/bin/../lib/gcc/arm-none-eabi/9.3.1/../../../../arm-none-eabi/lib/thumb/v7e-m+fp/hard\libc_nano.a(lib_a-memcmp.o)
                0x0002e3c0                memcmp
 .text.memcpy   0x0002e3dc       0x1c d:/program files (x86)/gnu arm embedded toolchain/9 2020-q2-update/bin/../lib/gcc/arm-none-eabi/9.3.1/../../../../arm-none-eabi/lib/thumb/v7e-m+fp/hard\libc_nano.a(lib_a-memcpy-stub.o)
                0x0002e3dc                memcpy
 .text.memset   0x0002e3f8       0x10 d:/program files (x86)/gnu arm embedded toolchain/9 2020-q2-update/bin/../lib/gcc/arm-none-eabi/9.3.1/../../../../arm-none-eabi/lib/thumb/v7e-m+fp/hard\libc_nano.a(lib_a-memset.o)
                0x0002e3f8                memset
 .text          0x0002e408       0x14 d:/program files (x86)/gnu arm embedded toolchain/9 2020-q2-update/bin/../lib/gcc/arm-none-eabi/9.3.1/../../../../arm-none-eabi/lib/thumb/v7e-m+fp/hard\libc_nano.a(lib_a-strcmp.o)
                0x0002e408                strcmp
 .text          0x0002e41c       0x10 d:/program files (x86)/gnu arm embedded toolchain/9 2020-q2-update/bin/../lib/gcc/arm-none-eabi/9.3.1/../../../../arm-none-eabi/lib/thumb/v7e-m+fp/hard\libc_nano.a(lib_a-strlen.o)
                0x0002e41c                strlen
 .text._exit    0x0002e42c        0x4 d:/program files (x86)/gnu arm embedded toolchain/9 2020-q2-update/bin/../lib/gcc/arm-none-eabi/9.3.1/../../../../arm-none-eabi/lib/thumb/v7e-m+fp/hard\libnosys.a(_exit.o)
                0x0002e42c                _exit
 *(.init)
 .init          0x0002e430        0x4 d:/program files (x86)/gnu arm embedded toolchain/9 2020-q2-update/bin/../lib/gcc/arm-none-eabi/9.3.1/thumb/v7e-m+fp/hard/crti.o
                0x0002e430                _init
 .init          0x0002e434        0x8 d:/program files (x86)/gnu arm embedded toolchain/9 2020-q2-update/bin/../lib/gcc/arm-none-eabi/9.3.1/thumb/v7e-m+fp/hard/crtn.o
 *(.fini)
 .fini          0x0002e43c        0x4 d:/program files (x86)/gnu arm embedded toolchain/9 2020-q2-update/bin/../lib/gcc/arm-none-eabi/9.3.1/thumb/v7e-m+fp/hard/crti.o
                0x0002e43c                _fini
 .fini          0x0002e440        0x8 d:/program files (x86)/gnu arm embedded toolchain/9 2020-q2-update/bin/../lib/gcc/arm-none-eabi/9.3.1/thumb/v7e-m+fp/hard/crtn.o
 *crtbegin.o(.ctors)
 *crtbegin?.o(.ctors)
 *(EXCLUDE_FILE(*crtend.o *crtend?.o) .ctors)
 *(SORT_BY_NAME(.ctors.*))
 *(.ctors)
 *crtbegin.o(.dtors)
 *crtbegin?.o(.dtors)
 *(EXCLUDE_FILE(*crtend.o *crtend?.o) .dtors)
 *(SORT_BY_NAME(.dtors.*))
 *(.dtors)
 *(.rodata*)
 .rodata        0x0002e448       0x20 _build/nrf52840_xxaa/nrf_log_backend_uart.c.o
 .rodata.nrf_log_backend_uart_api
                0x0002e468        0xc _build/nrf52840_xxaa/nrf_log_backend_uart.c.o
                0x0002e468                nrf_log_backend_uart_api
 .rodata.str1.4
                0x0002e474       0x11 _build/nrf52840_xxaa/nrf_log_default_backends.c.o
 *fill*         0x0002e485        0x3 
 .rodata.nrf_log_frontend_dequeue.str1.4
                0x0002e488       0x11 _build/nrf52840_xxaa/nrf_log_frontend.c.o
 *fill*         0x0002e499        0x3 
 .rodata.str1.4
                0x0002e49c        0x4 _build/nrf52840_xxaa/nrf_log_frontend.c.o
 .rodata.m_log_push_ringbuf
                0x0002e4a0        0xc _build/nrf52840_xxaa/nrf_log_frontend.c.o
 .rodata.prefix_process.str1.4
                0x0002e4ac       0x36 _build/nrf52840_xxaa/nrf_log_str_formatter.c.o
 *fill*         0x0002e4e2        0x2 
 .rodata.nrf_log_std_entry_process.str1.4
                0x0002e4e4        0x3 _build/nrf52840_xxaa/nrf_log_str_formatter.c.o
 *fill*         0x0002e4e7        0x1 
 .rodata.nrf_log_hexdump_entry_process.str1.4
                0x0002e4e8       0x13 _build/nrf52840_xxaa/nrf_log_str_formatter.c.o
                                 0x16 (size before relaxing)
 *fill*         0x0002e4fb        0x1 
 .rodata.str1.4
                0x0002e4fc       0x56 _build/nrf52840_xxaa/nrf_log_str_formatter.c.o
 *fill*         0x0002e552        0x2 
 .rodata.m_colors
                0x0002e554       0x24 _build/nrf52840_xxaa/nrf_log_str_formatter.c.o
 .rodata.severity_names
                0x0002e578       0x14 _build/nrf52840_xxaa/nrf_log_str_formatter.c.o
 .rodata.str1.4
                0x0002e58c        0xb _build/nrf52840_xxaa/app_button.c.o
 *fill*         0x0002e597        0x1 
 .rodata.m_detection_delay_timer_id
                0x0002e598        0x4 _build/nrf52840_xxaa/app_button.c.o
 .rodata.app_error_fault_handler.str1.4
                0x0002e59c       0x19 _build/nrf52840_xxaa/app_error_weak.c.o
 *fill*         0x0002e5b5        0x3 
 .rodata.str1.4
                0x0002e5b8        0xa _build/nrf52840_xxaa/app_timer2.c.o
 *fill*         0x0002e5c2        0x2 
 .rodata        0x0002e5c4        0x4 _build/nrf52840_xxaa/app_timer2.c.o
 .rodata.m_app_timer_sortlist
                0x0002e5c8        0xc _build/nrf52840_xxaa/app_timer2.c.o
 .rodata.drv_rtc_init.str1.4
                0x0002e5d4       0x36 _build/nrf52840_xxaa/drv_rtc.c.o
 *fill*         0x0002e60a        0x6 
 .rodata.delay_machine_code.8841
                0x0002e610        0x6 _build/nrf52840_xxaa/drv_rtc.c.o
 *fill*         0x0002e616        0x2 
 .rodata._aV2C.7901
                0x0002e618       0x10 _build/nrf52840_xxaa/nrf_fprintf_format.c.o
 .rodata.str1.4
                0x0002e628        0x9 _build/nrf52840_xxaa/nrf_pwr_mgmt.c.o
 *fill*         0x0002e631        0x3 
 .rodata.pwr_mgmt_data
                0x0002e634        0xc _build/nrf52840_xxaa/nrf_pwr_mgmt.c.o
 .rodata.str1.4
                0x0002e640        0x9 _build/nrf52840_xxaa/nrf_sortlist.c.o
 *fill*         0x0002e649        0x3 
 .rodata.str1.4
                0x0002e64c      0x3e9 _build/nrf52840_xxaa/nrf_strerror.c.o
 *fill*         0x0002ea35        0x3 
 .rodata.m_unknown_str
                0x0002ea38       0x13 _build/nrf52840_xxaa/nrf_strerror.c.o
 *fill*         0x0002ea4b        0x1 
 .rodata.nrf_strerror_array
                0x0002ea4c      0x128 _build/nrf52840_xxaa/nrf_strerror.c.o
 .rodata.CSWTCH.6
                0x0002eb74        0x4 _build/nrf52840_xxaa/system_nrf52840.c.o
 .rodata.m_board_led_list
                0x0002eb78        0x4 _build/nrf52840_xxaa/boards.c.o
 .rodata.str1.4
                0x0002eb7c        0x6 _build/nrf52840_xxaa/nrf_drv_clock.c.o
 *fill*         0x0002eb82        0x2 
 .rodata.str1.4
                0x0002eb84        0x6 _build/nrf52840_xxaa/nrfx_clock.c.o
 *fill*         0x0002eb8a        0x2 
 .rodata.str1.4
                0x0002eb8c        0x7 _build/nrf52840_xxaa/nrfx_gpiote.c.o
 *fill*         0x0002eb93        0x1 
 .rodata.str1.4
                0x0002eb94        0x4 _build/nrf52840_xxaa/nrfx_prs.c.o
 .rodata.str1.4
                0x0002eb98        0x5 _build/nrf52840_xxaa/nrfx_uart.c.o
 *fill*         0x0002eb9d        0x3 
 .rodata.str1.4
                0x0002eba0        0x6 _build/nrf52840_xxaa/nrfx_uarte.c.o
 *fill*         0x0002eba6        0x2 
 .rodata.button_event_handler.str1.4
                0x0002eba8       0x17 _build/nrf52840_xxaa/main.c.o
 *fill*         0x0002ebbf        0x1 
 .rodata.lbs_c_evt_handler.str1.4
                0x0002ebc0       0x64 _build/nrf52840_xxaa/main.c.o
 .rodata.ble_evt_handler.str1.4
                0x0002ec24       0x8a _build/nrf52840_xxaa/main.c.o
 *fill*         0x0002ecae        0x2 
 .rodata.main.str1.4
                0x0002ecb0       0x1b _build/nrf52840_xxaa/main.c.o
 *fill*         0x0002eccb        0x1 
 .rodata.m_ble_gatt_queuereq_queue
                0x0002eccc       0xa0 _build/nrf52840_xxaa/main.c.o
 .rodata.m_target_periph_name
                0x0002ed6c        0x7 _build/nrf52840_xxaa/main.c.o
 *fill*         0x0002ed73        0x1 
 .rodata.ble_db_discovery_on_ble_evt.str1.4
                0x0002ed74      0x10a _build/nrf52840_xxaa/ble_db_discovery.c.o
 *fill*         0x0002ee7e        0x2 
 .rodata.str1.4
                0x0002ee80        0xc _build/nrf52840_xxaa/ble_db_discovery.c.o
 .rodata.data_length_update.str1.4
                0x0002ee8c       0xe2 _build/nrf52840_xxaa/nrf_ble_gatt.c.o
 *fill*         0x0002ef6e        0x2 
 .rodata.nrf_ble_gatt_on_ble_evt.str1.4
                0x0002ef70       0x63 _build/nrf52840_xxaa/nrf_ble_gatt.c.o
 *fill*         0x0002efd3        0x1 
 .rodata.str1.4
                0x0002efd4        0xd _build/nrf52840_xxaa/nrf_ble_gatt.c.o
 *fill*         0x0002efe1        0x3 
 .rodata.queue_process.str1.4
                0x0002efe4       0x66 _build/nrf52840_xxaa/nrf_ble_gq.c.o
 *fill*         0x0002f04a        0x2 
 .rodata.str1.4
                0x0002f04c        0xb _build/nrf52840_xxaa/nrf_ble_gq.c.o
 *fill*         0x0002f057        0x1 
 .rodata.m_req_data_alloc
                0x0002f058       0x18 _build/nrf52840_xxaa/nrf_ble_gq.c.o
 .rodata.nrf_ble_scan_start.str1.4
                0x0002f070       0x24 _build/nrf52840_xxaa/nrf_ble_scan.c.o
 .rodata.str1.4
                0x0002f094        0x9 _build/nrf52840_xxaa/nrf_ble_scan.c.o
 *fill*         0x0002f09d        0x3 
 .rodata.ble_lbs_c_on_ble_evt.str1.4
                0x0002f0a0       0x1e _build/nrf52840_xxaa/ble_lbs_c.c.o
 *fill*         0x0002f0be        0x2 
 .rodata.str1.4
                0x0002f0c0        0xa _build/nrf52840_xxaa/ble_lbs_c.c.o
 *fill*         0x0002f0ca        0x2 
 .rodata        0x0002f0cc       0x10 _build/nrf52840_xxaa/ble_lbs_c.c.o
 .rodata.str1.4
                0x0002f0dc        0x8 _build/nrf52840_xxaa/nrf_sdh.c.o
 .rodata        0x0002f0e4        0x4 _build/nrf52840_xxaa/nrf_sdh.c.o
 .rodata.sdh_req_observers
                0x0002f0e8        0xc _build/nrf52840_xxaa/nrf_sdh.c.o
 .rodata.sdh_stack_observers
                0x0002f0f4        0xc _build/nrf52840_xxaa/nrf_sdh.c.o
 .rodata.sdh_state_observers
                0x0002f100        0xc _build/nrf52840_xxaa/nrf_sdh.c.o
 .rodata.nrf_sdh_ble_default_cfg_set.str1.4
                0x0002f10c      0x187 _build/nrf52840_xxaa/nrf_sdh_ble.c.o
 *fill*         0x0002f293        0x1 
 .rodata.nrf_sdh_ble_enable.str1.4
                0x0002f294       0xad _build/nrf52840_xxaa/nrf_sdh_ble.c.o
 *fill*         0x0002f341        0x3 
 .rodata.str1.4
                0x0002f344        0xc _build/nrf52840_xxaa/nrf_sdh_ble.c.o
 .rodata.sdh_ble_observers
                0x0002f350        0xc _build/nrf52840_xxaa/nrf_sdh_ble.c.o
 .rodata.str1.4
                0x0002f35c        0xc _build/nrf52840_xxaa/nrf_sdh_soc.c.o
 .rodata.sdh_soc_observers
                0x0002f368        0xc _build/nrf52840_xxaa/nrf_sdh_soc.c.o
 .rodata._ctype_
                0x0002f374      0x101 d:/program files (x86)/gnu arm embedded toolchain/9 2020-q2-update/bin/../lib/gcc/arm-none-eabi/9.3.1/../../../../arm-none-eabi/lib/thumb/v7e-m+fp/hard\libc_nano.a(lib_a-ctype_.o)
                0x0002f374                _ctype_
 *fill*         0x0002f475        0x3 
 .rodata._global_impure_ptr
                0x0002f478        0x4 d:/program files (x86)/gnu arm embedded toolchain/9 2020-q2-update/bin/../lib/gcc/arm-none-eabi/9.3.1/../../../../arm-none-eabi/lib/thumb/v7e-m+fp/hard\libc_nano.a(lib_a-impure.o)
                0x0002f478                _global_impure_ptr
 *(.eh_frame*)
 .eh_frame      0x0002f47c        0x0 d:/program files (x86)/gnu arm embedded toolchain/9 2020-q2-update/bin/../lib/gcc/arm-none-eabi/9.3.1/thumb/v7e-m+fp/hard/crtbegin.o
 .eh_frame      0x0002f47c        0x4 d:/program files (x86)/gnu arm embedded toolchain/9 2020-q2-update/bin/../lib/gcc/arm-none-eabi/9.3.1/thumb/v7e-m+fp/hard/crtend.o

.glue_7         0x0002f480        0x0
 .glue_7        0x0002f480        0x0 linker stubs

.glue_7t        0x0002f480        0x0
 .glue_7t       0x0002f480        0x0 linker stubs

.vfp11_veneer   0x0002f480        0x0
 .vfp11_veneer  0x0002f480        0x0 linker stubs

.v4_bx          0x0002f480        0x0
 .v4_bx         0x0002f480        0x0 linker stubs

.iplt           0x0002f480        0x0
 .iplt          0x0002f480        0x0 d:/program files (x86)/gnu arm embedded toolchain/9 2020-q2-update/bin/../lib/gcc/arm-none-eabi/9.3.1/thumb/v7e-m+fp/hard/crtbegin.o

.mem_section_dummy_rom

.sdh_soc_observers
                0x0002f480        0x8
                0x0002f480                PROVIDE (__start_sdh_soc_observers = .)
 *(SORT_BY_NAME(.sdh_soc_observers*))
 .sdh_soc_observers0
                0x0002f480        0x8 _build/nrf52840_xxaa/nrf_drv_clock.c.o
                0x0002f488                PROVIDE (__stop_sdh_soc_observers = .)

.pwr_mgmt_data  0x0002f488        0x0
                0x0002f488                PROVIDE (__start_pwr_mgmt_data = .)
 *(SORT_BY_NAME(.pwr_mgmt_data*))
                0x0002f488                PROVIDE (__stop_pwr_mgmt_data = .)

.sdh_ble_observers
                0x0002f488       0xb0
                0x0002f488                PROVIDE (__start_sdh_ble_observers = .)
 *(SORT_BY_NAME(.sdh_ble_observers*))
 .sdh_ble_observers0
                0x0002f488        0x8 _build/nrf52840_xxaa/ble_conn_state.c.o
 .sdh_ble_observers1
                0x0002f490        0x8 _build/nrf52840_xxaa/bsp_btn_ble.c.o
 .sdh_ble_observers1
                0x0002f498       0x58 _build/nrf52840_xxaa/main.c.o
 .sdh_ble_observers2
                0x0002f4f0       0x40 _build/nrf52840_xxaa/main.c.o
 .sdh_ble_observers3
                0x0002f530        0x8 _build/nrf52840_xxaa/main.c.o
                0x0002f538                PROVIDE (__stop_sdh_ble_observers = .)

.log_const_data
                0x0002f538       0x98
                0x0002f538                PROVIDE (__start_log_const_data = .)
 *(SORT_BY_NAME(.log_const_data*))
 .log_const_data_CLOCK
                0x0002f538        0x8 _build/nrf52840_xxaa/nrfx_clock.c.o
                0x0002f538                m_nrf_log_CLOCK_logs_data_const
 .log_const_data_GPIOTE
                0x0002f540        0x8 _build/nrf52840_xxaa/nrfx_gpiote.c.o
                0x0002f540                m_nrf_log_GPIOTE_logs_data_const
 .log_const_data_PRS
                0x0002f548        0x8 _build/nrf52840_xxaa/nrfx_prs.c.o
                0x0002f548                m_nrf_log_PRS_logs_data_const
 .log_const_data_UART
                0x0002f550        0x8 _build/nrf52840_xxaa/nrfx_uart.c.o
                0x0002f550                m_nrf_log_UART_logs_data_const
 .log_const_data_UARTE
                0x0002f558        0x8 _build/nrf52840_xxaa/nrfx_uarte.c.o
                0x0002f558                m_nrf_log_UARTE_logs_data_const
 .log_const_data_app
                0x0002f560        0x8 _build/nrf52840_xxaa/nrf_log_frontend.c.o
                0x0002f560                m_nrf_log_app_logs_data_const
 .log_const_data_app_button
                0x0002f568        0x8 _build/nrf52840_xxaa/app_button.c.o
                0x0002f568                m_nrf_log_app_button_logs_data_const
 .log_const_data_app_timer
                0x0002f570        0x8 _build/nrf52840_xxaa/app_timer2.c.o
                0x0002f570                m_nrf_log_app_timer_logs_data_const
 .log_const_data_ble_db_disc
                0x0002f578        0x8 _build/nrf52840_xxaa/ble_db_discovery.c.o
                0x0002f578                m_nrf_log_ble_db_disc_logs_data_const
 .log_const_data_ble_lbs_c
                0x0002f580        0x8 _build/nrf52840_xxaa/ble_lbs_c.c.o
                0x0002f580                m_nrf_log_ble_lbs_c_logs_data_const
 .log_const_data_ble_scan
                0x0002f588        0x8 _build/nrf52840_xxaa/nrf_ble_scan.c.o
                0x0002f588                m_nrf_log_ble_scan_logs_data_const
 .log_const_data_clock
                0x0002f590        0x8 _build/nrf52840_xxaa/nrf_drv_clock.c.o
                0x0002f590                m_nrf_log_clock_logs_data_const
 .log_const_data_nrf_ble_gatt
                0x0002f598        0x8 _build/nrf52840_xxaa/nrf_ble_gatt.c.o
                0x0002f598                m_nrf_log_nrf_ble_gatt_logs_data_const
 .log_const_data_nrf_ble_gq
                0x0002f5a0        0x8 _build/nrf52840_xxaa/nrf_ble_gq.c.o
                0x0002f5a0                m_nrf_log_nrf_ble_gq_logs_data_const
 .log_const_data_nrf_sdh
                0x0002f5a8        0x8 _build/nrf52840_xxaa/nrf_sdh.c.o
                0x0002f5a8                m_nrf_log_nrf_sdh_logs_data_const
 .log_const_data_nrf_sdh_ble
                0x0002f5b0        0x8 _build/nrf52840_xxaa/nrf_sdh_ble.c.o
                0x0002f5b0                m_nrf_log_nrf_sdh_ble_logs_data_const
 .log_const_data_nrf_sdh_soc
                0x0002f5b8        0x8 _build/nrf52840_xxaa/nrf_sdh_soc.c.o
                0x0002f5b8                m_nrf_log_nrf_sdh_soc_logs_data_const
 .log_const_data_pwr_mgmt
                0x0002f5c0        0x8 _build/nrf52840_xxaa/nrf_pwr_mgmt.c.o
                0x0002f5c0                m_nrf_log_pwr_mgmt_logs_data_const
 .log_const_data_sortlist
                0x0002f5c8        0x8 _build/nrf52840_xxaa/nrf_sortlist.c.o
                0x0002f5c8                m_nrf_log_sortlist_logs_data_const
                0x0002f5d0                PROVIDE (__stop_log_const_data = .)

.nrf_balloc     0x0002f5d0       0x28
                [!provide]                PROVIDE (__start_nrf_balloc = .)
 *(.nrf_balloc)
 .nrf_balloc    0x0002f5d0       0x14 _build/nrf52840_xxaa/nrf_log_frontend.c.o
                0x0002f5d0                log_mempool
 .nrf_balloc    0x0002f5e4       0x14 _build/nrf52840_xxaa/main.c.o
                0x0002f5e4                m_ble_gatt_queuepool
                [!provide]                PROVIDE (__stop_nrf_balloc = .)

.nrf_queue      0x0002f5f8       0x14
                [!provide]                PROVIDE (__start_nrf_queue = .)
 *(.nrf_queue)
 .nrf_queue     0x0002f5f8       0x14 _build/nrf52840_xxaa/main.c.o
                0x0002f5f8                m_ble_gatt_queuepurge_queue
                [!provide]                PROVIDE (__stop_nrf_queue = .)

.sdh_req_observers
                0x0002f60c        0x0
                0x0002f60c                PROVIDE (__start_sdh_req_observers = .)
 *(SORT_BY_NAME(.sdh_req_observers*))
                0x0002f60c                PROVIDE (__stop_sdh_req_observers = .)

.sdh_state_observers
                0x0002f60c        0x8
                0x0002f60c                PROVIDE (__start_sdh_state_observers = .)
 *(SORT_BY_NAME(.sdh_state_observers*))
 .sdh_state_observers0
                0x0002f60c        0x8 _build/nrf52840_xxaa/nrf_drv_clock.c.o
                0x0002f614                PROVIDE (__stop_sdh_state_observers = .)

.sdh_stack_observers
                0x0002f614       0x10
                0x0002f614                PROVIDE (__start_sdh_stack_observers = .)
 *(SORT_BY_NAME(.sdh_stack_observers*))
 .sdh_stack_observers0
                0x0002f614        0x8 _build/nrf52840_xxaa/nrf_sdh_ble.c.o
 .sdh_stack_observers0
                0x0002f61c        0x8 _build/nrf52840_xxaa/nrf_sdh_soc.c.o
                0x0002f624                PROVIDE (__stop_sdh_stack_observers = .)

.cli_command    0x0002f624        0x0
                [!provide]                PROVIDE (__start_cli_command = .)
 *(.cli_command)
                [!provide]                PROVIDE (__stop_cli_command = .)

.crypto_data    0x0002f624        0x0
                [!provide]                PROVIDE (__start_crypto_data = .)
 *(SORT_BY_NAME(.crypto_data*))
                [!provide]                PROVIDE (__stop_crypto_data = .)

.log_backends   0x0002f624       0x10
                [!provide]                PROVIDE (__start_log_backends = .)
 *(SORT_BY_NAME(.log_backends*))
 .log_backends  0x0002f624       0x10 _build/nrf52840_xxaa/nrf_log_default_backends.c.o
                [!provide]                PROVIDE (__stop_log_backends = .)

.ARM.extab
 *(.ARM.extab* .gnu.linkonce.armextab.*)
                0x0002f634                __exidx_start = .

.ARM.exidx      0x0002f634        0x8
 *(.ARM.exidx* .gnu.linkonce.armexidx.*)
 .ARM.exidx     0x0002f634        0x8 d:/program files (x86)/gnu arm embedded toolchain/9 2020-q2-update/bin/../lib/gcc/arm-none-eabi/9.3.1/../../../../arm-none-eabi/lib/thumb/v7e-m+fp/hard/crt0.o
                                 0x10 (size before relaxing)
                0x0002f63c                __exidx_end = .

.rel.dyn        0x0002f63c        0x0
 .rel.iplt      0x0002f63c        0x0 d:/program files (x86)/gnu arm embedded toolchain/9 2020-q2-update/bin/../lib/gcc/arm-none-eabi/9.3.1/thumb/v7e-m+fp/hard/crtbegin.o
                0x0002f63c                . = ALIGN (0x4)
                0x0002f63c                __etext = .

.data           0x200043a8     0x2f3c load address 0x0002f63c
                0x200043a8                __data_start__ = .
 *(vtable)
 *(.data*)
 .data.m_uart   0x200043a8       0x14 _build/nrf52840_xxaa/nrf_log_backend_uart.c.o
                0x200043a8                m_uart
 .data.log_backend_cb_uart_log_backend
                0x200043bc        0x8 _build/nrf52840_xxaa/nrf_log_default_backends.c.o
 .data.m_rtc_inst
                0x200043c4        0x8 _build/nrf52840_xxaa/app_timer2.c.o
 .data.SystemCoreClock
                0x200043cc        0x4 _build/nrf52840_xxaa/system_nrf52840.c.o
                0x200043cc                SystemCoreClock
 .data.buttons.12506
                0x200043d0        0x8 _build/nrf52840_xxaa/main.c.o
 .data.m_ble_gatt_queue
                0x200043d8       0x14 _build/nrf52840_xxaa/main.c.o
 .data.m_ble_gatt_queueconn_handles_arr
                0x200043ec       0x10 _build/nrf52840_xxaa/main.c.o
 .data.m_db_disc
                0x200043fc     0x2e80 _build/nrf52840_xxaa/main.c.o
 .data.impure_data
                0x2000727c       0x60 d:/program files (x86)/gnu arm embedded toolchain/9 2020-q2-update/bin/../lib/gcc/arm-none-eabi/9.3.1/../../../../arm-none-eabi/lib/thumb/v7e-m+fp/hard\libc_nano.a(lib_a-impure.o)
                0x200072dc                . = ALIGN (0x4)
                0x200072dc                PROVIDE (__preinit_array_start = .)
 *(.preinit_array)
                0x200072dc                PROVIDE (__preinit_array_end = .)
                0x200072dc                . = ALIGN (0x4)
                0x200072dc                PROVIDE (__init_array_start = .)
 *(SORT_BY_NAME(.init_array.*))
 *(.init_array)
 .init_array    0x200072dc        0x4 d:/program files (x86)/gnu arm embedded toolchain/9 2020-q2-update/bin/../lib/gcc/arm-none-eabi/9.3.1/thumb/v7e-m+fp/hard/crtbegin.o
                0x200072e0                PROVIDE (__init_array_end = .)
                0x200072e0                . = ALIGN (0x4)
                [!provide]                PROVIDE (__fini_array_start = .)
 *(SORT_BY_NAME(.fini_array.*))
 *(.fini_array)
 .fini_array    0x200072e0        0x4 d:/program files (x86)/gnu arm embedded toolchain/9 2020-q2-update/bin/../lib/gcc/arm-none-eabi/9.3.1/thumb/v7e-m+fp/hard/crtbegin.o
                [!provide]                PROVIDE (__fini_array_end = .)
 *(.jcr*)
                0x200072e4                . = ALIGN (0x4)
                0x200072e4                __data_end__ = .
LOAD d:/program files (x86)/gnu arm embedded toolchain/9 2020-q2-update/bin/../lib/gcc/arm-none-eabi/9.3.1/thumb/v7e-m+fp/hard/crti.o
LOAD d:/program files (x86)/gnu arm embedded toolchain/9 2020-q2-update/bin/../lib/gcc/arm-none-eabi/9.3.1/thumb/v7e-m+fp/hard/crtbegin.o
LOAD d:/program files (x86)/gnu arm embedded toolchain/9 2020-q2-update/bin/../lib/gcc/arm-none-eabi/9.3.1/../../../../arm-none-eabi/lib/thumb/v7e-m+fp/hard/crt0.o
LOAD _build/nrf52840_xxaa/gcc_startup_nrf52840.S.o
LOAD _build/nrf52840_xxaa/nrf_log_backend_rtt.c.o
LOAD _build/nrf52840_xxaa/nrf_log_backend_serial.c.o
LOAD _build/nrf52840_xxaa/nrf_log_backend_uart.c.o
LOAD _build/nrf52840_xxaa/nrf_log_default_backends.c.o
LOAD _build/nrf52840_xxaa/nrf_log_frontend.c.o
LOAD _build/nrf52840_xxaa/nrf_log_str_formatter.c.o
LOAD _build/nrf52840_xxaa/app_button.c.o
LOAD _build/nrf52840_xxaa/app_error.c.o
LOAD _build/nrf52840_xxaa/app_error_handler_gcc.c.o
LOAD _build/nrf52840_xxaa/app_error_weak.c.o
LOAD _build/nrf52840_xxaa/app_scheduler.c.o
LOAD _build/nrf52840_xxaa/app_timer2.c.o
LOAD _build/nrf52840_xxaa/app_util_platform.c.o
LOAD _build/nrf52840_xxaa/drv_rtc.c.o
LOAD _build/nrf52840_xxaa/hardfault_implementation.c.o
LOAD _build/nrf52840_xxaa/nrf_assert.c.o
LOAD _build/nrf52840_xxaa/nrf_atfifo.c.o
LOAD _build/nrf52840_xxaa/nrf_atflags.c.o
LOAD _build/nrf52840_xxaa/nrf_atomic.c.o
LOAD _build/nrf52840_xxaa/nrf_balloc.c.o
LOAD _build/nrf52840_xxaa/nrf_fprintf.c.o
LOAD _build/nrf52840_xxaa/nrf_fprintf_format.c.o
LOAD _build/nrf52840_xxaa/nrf_memobj.c.o
LOAD _build/nrf52840_xxaa/nrf_pwr_mgmt.c.o
LOAD _build/nrf52840_xxaa/nrf_queue.c.o
LOAD _build/nrf52840_xxaa/nrf_ringbuf.c.o
LOAD _build/nrf52840_xxaa/nrf_section_iter.c.o
LOAD _build/nrf52840_xxaa/nrf_sortlist.c.o
LOAD _build/nrf52840_xxaa/nrf_strerror.c.o
LOAD _build/nrf52840_xxaa/system_nrf52840.c.o
LOAD _build/nrf52840_xxaa/boards.c.o
LOAD _build/nrf52840_xxaa/nrf_drv_clock.c.o
LOAD _build/nrf52840_xxaa/nrf_drv_uart.c.o
LOAD _build/nrf52840_xxaa/nrfx_atomic.c.o
LOAD _build/nrf52840_xxaa/nrfx_clock.c.o
LOAD _build/nrf52840_xxaa/nrfx_gpiote.c.o
LOAD _build/nrf52840_xxaa/nrfx_prs.c.o
LOAD _build/nrf52840_xxaa/nrfx_uart.c.o
LOAD _build/nrf52840_xxaa/nrfx_uarte.c.o
LOAD _build/nrf52840_xxaa/bsp.c.o
LOAD _build/nrf52840_xxaa/bsp_btn_ble.c.o
LOAD _build/nrf52840_xxaa/main.c.o
LOAD _build/nrf52840_xxaa/SEGGER_RTT.c.o
LOAD _build/nrf52840_xxaa/SEGGER_RTT_Syscalls_GCC.c.o
LOAD _build/nrf52840_xxaa/SEGGER_RTT_printf.c.o
LOAD _build/nrf52840_xxaa/ble_advdata.c.o
LOAD _build/nrf52840_xxaa/ble_advertising.c.o
LOAD _build/nrf52840_xxaa/ble_conn_state.c.o
LOAD _build/nrf52840_xxaa/ble_db_discovery.c.o
LOAD _build/nrf52840_xxaa/ble_srv_common.c.o
LOAD _build/nrf52840_xxaa/nrf_ble_gatt.c.o
LOAD _build/nrf52840_xxaa/nrf_ble_gq.c.o
LOAD _build/nrf52840_xxaa/nrf_ble_scan.c.o
LOAD _build/nrf52840_xxaa/utf.c.o
LOAD _build/nrf52840_xxaa/ble_lbs_c.c.o
LOAD _build/nrf52840_xxaa/nrf_sdh.c.o
LOAD _build/nrf52840_xxaa/nrf_sdh_ble.c.o
LOAD _build/nrf52840_xxaa/nrf_sdh_soc.c.o
LOAD d:/program files (x86)/gnu arm embedded toolchain/9 2020-q2-update/bin/../lib/gcc/arm-none-eabi/9.3.1/../../../../arm-none-eabi/lib/thumb/v7e-m+fp/hard\libc_nano.a
LOAD d:/program files (x86)/gnu arm embedded toolchain/9 2020-q2-update/bin/../lib/gcc/arm-none-eabi/9.3.1/../../../../arm-none-eabi/lib/thumb/v7e-m+fp/hard\libnosys.a
LOAD d:/program files (x86)/gnu arm embedded toolchain/9 2020-q2-update/bin/../lib/gcc/arm-none-eabi/9.3.1/../../../../arm-none-eabi/lib/thumb/v7e-m+fp/hard\libm.a
START GROUP
LOAD d:/program files (x86)/gnu arm embedded toolchain/9 2020-q2-update/bin/../lib/gcc/arm-none-eabi/9.3.1/thumb/v7e-m+fp/hard\libgcc.a
LOAD d:/program files (x86)/gnu arm embedded toolchain/9 2020-q2-update/bin/../lib/gcc/arm-none-eabi/9.3.1/../../../../arm-none-eabi/lib/thumb/v7e-m+fp/hard\libg_nano.a
LOAD d:/program files (x86)/gnu arm embedded toolchain/9 2020-q2-update/bin/../lib/gcc/arm-none-eabi/9.3.1/../../../../arm-none-eabi/lib/thumb/v7e-m+fp/hard\libc_nano.a
END GROUP
START GROUP
LOAD d:/program files (x86)/gnu arm embedded toolchain/9 2020-q2-update/bin/../lib/gcc/arm-none-eabi/9.3.1/thumb/v7e-m+fp/hard\libgcc.a
LOAD d:/program files (x86)/gnu arm embedded toolchain/9 2020-q2-update/bin/../lib/gcc/arm-none-eabi/9.3.1/../../../../arm-none-eabi/lib/thumb/v7e-m+fp/hard\libc_nano.a
END GROUP
LOAD d:/program files (x86)/gnu arm embedded toolchain/9 2020-q2-update/bin/../lib/gcc/arm-none-eabi/9.3.1/thumb/v7e-m+fp/hard/crtend.o
LOAD d:/program files (x86)/gnu arm embedded toolchain/9 2020-q2-update/bin/../lib/gcc/arm-none-eabi/9.3.1/thumb/v7e-m+fp/hard/crtn.o
START GROUP
LOAD d:/program files (x86)/gnu arm embedded toolchain/9 2020-q2-update/bin/../lib/gcc/arm-none-eabi/9.3.1/thumb/v7e-m+fp/hard\libgcc.a
LOAD d:/program files (x86)/gnu arm embedded toolchain/9 2020-q2-update/bin/../lib/gcc/arm-none-eabi/9.3.1/../../../../arm-none-eabi/lib/thumb/v7e-m+fp/hard\libc.a
LOAD d:/program files (x86)/gnu arm embedded toolchain/9 2020-q2-update/bin/../lib/gcc/arm-none-eabi/9.3.1/../../../../arm-none-eabi/lib/thumb/v7e-m+fp/hard\libnosys.a
END GROUP

.igot.plt       0x200072e4        0x0 load address 0x00032578
 .igot.plt      0x200072e4        0x0 d:/program files (x86)/gnu arm embedded toolchain/9 2020-q2-update/bin/../lib/gcc/arm-none-eabi/9.3.1/thumb/v7e-m+fp/hard/crtbegin.o
                0x200072e4                . = ALIGN (0x4)

.mem_section_dummy_ram

.log_dynamic_data
                0x200072e4        0x0
                0x200072e4                PROVIDE (__start_log_dynamic_data = .)
 *(SORT_BY_NAME(.log_dynamic_data*))
                [!provide]                PROVIDE (__stop_log_dynamic_data = .)

.log_filter_data
                0x200072e4        0x0
                [!provide]                PROVIDE (__start_log_filter_data = .)
 *(SORT_BY_NAME(.log_filter_data*))
                [!provide]                PROVIDE (__stop_log_filter_data = .)

.cli_sorted_cmd_ptrs
                0x200072e4        0x0
                [!provide]                PROVIDE (__start_cli_sorted_cmd_ptrs = .)
 *(.cli_sorted_cmd_ptrs)
                [!provide]                PROVIDE (__stop_cli_sorted_cmd_ptrs = .)

.fs_data        0x200072e4        0x0
                [!provide]                PROVIDE (__start_fs_data = .)
 *(.fs_data)
                [!provide]                PROVIDE (__stop_fs_data = .)

.bss            0x200072e8     0x1098 load address 0x00032580
                0x200072e8                . = ALIGN (0x4)
                0x200072e8                __bss_start__ = .
 *(.bss*)
 .bss           0x200072e8       0x1c d:/program files (x86)/gnu arm embedded toolchain/9 2020-q2-update/bin/../lib/gcc/arm-none-eabi/9.3.1/thumb/v7e-m+fp/hard/crtbegin.o
 .bss.m_async_mode
                0x20007304        0x1 _build/nrf52840_xxaa/nrf_log_backend_uart.c.o
 *fill*         0x20007305        0x3 
 .bss.m_string_buff
                0x20007308       0x40 _build/nrf52840_xxaa/nrf_log_backend_uart.c.o
 .bss.m_xfer_done
                0x20007348        0x1 _build/nrf52840_xxaa/nrf_log_backend_uart.c.o
 *fill*         0x20007349        0x3 
 .bss.log_mempool_nrf_balloc_cb
                0x2000734c        0x8 _build/nrf52840_xxaa/nrf_log_frontend.c.o
 .bss.log_mempool_nrf_balloc_pool_mem
                0x20007354       0xc0 _build/nrf52840_xxaa/nrf_log_frontend.c.o
 .bss.log_mempool_nrf_balloc_pool_stack
                0x20007414        0x8 _build/nrf52840_xxaa/nrf_log_frontend.c.o
 .bss.m_log_data
                0x2000741c      0x420 _build/nrf52840_xxaa/nrf_log_frontend.c.o
 .bss.m_log_push_ringbuf_buf
                0x2000783c       0x80 _build/nrf52840_xxaa/nrf_log_frontend.c.o
 .bss.m_log_push_ringbuf_cb
                0x200078bc       0x18 _build/nrf52840_xxaa/nrf_log_frontend.c.o
 .bss.m_button_count
                0x200078d4        0x1 _build/nrf52840_xxaa/app_button.c.o
 *fill*         0x200078d5        0x3 
 .bss.m_detection_delay
                0x200078d8        0x4 _build/nrf52840_xxaa/app_button.c.o
 *fill*         0x200078dc        0x4 
 .bss.m_detection_delay_timer_id_data
                0x200078e0       0x20 _build/nrf52840_xxaa/app_button.c.o
 .bss.m_pin_active
                0x20007900        0x8 _build/nrf52840_xxaa/app_button.c.o
 .bss.m_pin_states
                0x20007908       0x20 _build/nrf52840_xxaa/app_button.c.o
 .bss.mp_buttons
                0x20007928        0x4 _build/nrf52840_xxaa/app_button.c.o
 .bss.m_app_timer_sortlist_sortlist_cb
                0x2000792c        0x4 _build/nrf52840_xxaa/app_timer2.c.o
 .bss.m_base_counter
                0x20007930        0x8 _build/nrf52840_xxaa/app_timer2.c.o
 .bss.m_global_active
                0x20007938        0x1 _build/nrf52840_xxaa/app_timer2.c.o
 *fill*         0x20007939        0x3 
 .bss.m_req_fifo_data
                0x2000793c       0x58 _build/nrf52840_xxaa/app_timer2.c.o
 .bss.m_req_fifo_inst
                0x20007994       0x10 _build/nrf52840_xxaa/app_timer2.c.o
 *fill*         0x200079a4        0x4 
 .bss.m_stamp64
                0x200079a8        0x8 _build/nrf52840_xxaa/app_timer2.c.o
 .bss.mp_active_timer
                0x200079b0        0x4 _build/nrf52840_xxaa/app_timer2.c.o
 .bss.m_cb      0x200079b4        0x8 _build/nrf52840_xxaa/drv_rtc.c.o
 .bss.m_handlers
                0x200079bc        0x4 _build/nrf52840_xxaa/drv_rtc.c.o
 .bss.m_handlers_iter
                0x200079c0        0x8 _build/nrf52840_xxaa/nrf_pwr_mgmt.c.o
 .bss.m_shutdown_started
                0x200079c8        0x1 _build/nrf52840_xxaa/nrf_pwr_mgmt.c.o
 *fill*         0x200079c9        0x3 
 .bss.m_sysoff_mtx
                0x200079cc        0x4 _build/nrf52840_xxaa/nrf_pwr_mgmt.c.o
 .bss.m_clock_cb
                0x200079d0       0x14 _build/nrf52840_xxaa/nrf_drv_clock.c.o
 .bss.m_contexts
                0x200079e4        0x8 _build/nrf52840_xxaa/nrf_drv_uart.c.o
 .bss.m_handlers
                0x200079ec        0x8 _build/nrf52840_xxaa/nrf_drv_uart.c.o
 .bss.m_clock_cb
                0x200079f4        0x8 _build/nrf52840_xxaa/nrfx_clock.c.o
 *fill*         0x200079fc        0x4 
 .bss.m_cb      0x20007a00       0x6c _build/nrf52840_xxaa/nrfx_gpiote.c.o
 .bss.m_prs_box_4
                0x20007a6c        0x8 _build/nrf52840_xxaa/nrfx_prs.c.o
 *fill*         0x20007a74        0x4 
 .bss.m_cb      0x20007a78       0x2c _build/nrf52840_xxaa/nrfx_uart.c.o
 *fill*         0x20007aa4        0x4 
 .bss.m_cb      0x20007aa8       0x24 _build/nrf52840_xxaa/nrfx_uarte.c.o
 .bss.m_events_list
                0x20007acc        0xc _build/nrf52840_xxaa/bsp.c.o
 .bss.m_error_handler
                0x20007ad8        0x4 _build/nrf52840_xxaa/bsp_btn_ble.c.o
 .bss.m_num_connections
                0x20007adc        0x4 _build/nrf52840_xxaa/bsp_btn_ble.c.o
 .bss.m_ble_gatt_queuepool_nrf_balloc_cb
                0x20007ae0        0x8 _build/nrf52840_xxaa/main.c.o
 .bss.m_ble_gatt_queuepool_nrf_balloc_pool_mem
                0x20007ae8       0xc0 _build/nrf52840_xxaa/main.c.o
 .bss.m_ble_gatt_queuepool_nrf_balloc_pool_stack
                0x20007ba8        0x8 _build/nrf52840_xxaa/main.c.o
 .bss.m_ble_gatt_queuepurge_queue_nrf_queue_buffer
                0x20007bb0       0x12 _build/nrf52840_xxaa/main.c.o
 *fill*         0x20007bc2        0x2 
 .bss.m_ble_gatt_queuepurge_queue_nrf_queue_cb
                0x20007bc4        0xc _build/nrf52840_xxaa/main.c.o
 .bss.m_ble_gatt_queuereq_queue0_nrf_queue_buffer
                0x20007bd0       0xa0 _build/nrf52840_xxaa/main.c.o
 .bss.m_ble_gatt_queuereq_queue0_nrf_queue_cb
                0x20007c70        0xc _build/nrf52840_xxaa/main.c.o
 .bss.m_ble_gatt_queuereq_queue1_nrf_queue_buffer
                0x20007c7c       0xa0 _build/nrf52840_xxaa/main.c.o
 .bss.m_ble_gatt_queuereq_queue1_nrf_queue_cb
                0x20007d1c        0xc _build/nrf52840_xxaa/main.c.o
 .bss.m_ble_gatt_queuereq_queue2_nrf_queue_buffer
                0x20007d28       0xa0 _build/nrf52840_xxaa/main.c.o
 .bss.m_ble_gatt_queuereq_queue2_nrf_queue_cb
                0x20007dc8        0xc _build/nrf52840_xxaa/main.c.o
 .bss.m_ble_gatt_queuereq_queue3_nrf_queue_buffer
                0x20007dd4       0xa0 _build/nrf52840_xxaa/main.c.o
 .bss.m_ble_gatt_queuereq_queue3_nrf_queue_cb
                0x20007e74        0xc _build/nrf52840_xxaa/main.c.o
 .bss.m_ble_gatt_queuereq_queue4_nrf_queue_buffer
                0x20007e80       0xa0 _build/nrf52840_xxaa/main.c.o
 .bss.m_ble_gatt_queuereq_queue4_nrf_queue_cb
                0x20007f20        0xc _build/nrf52840_xxaa/main.c.o
 .bss.m_ble_gatt_queuereq_queue5_nrf_queue_buffer
                0x20007f2c       0xa0 _build/nrf52840_xxaa/main.c.o
 .bss.m_ble_gatt_queuereq_queue5_nrf_queue_cb
                0x20007fcc        0xc _build/nrf52840_xxaa/main.c.o
 .bss.m_ble_gatt_queuereq_queue6_nrf_queue_buffer
                0x20007fd8       0xa0 _build/nrf52840_xxaa/main.c.o
 .bss.m_ble_gatt_queuereq_queue6_nrf_queue_cb
                0x20008078        0xc _build/nrf52840_xxaa/main.c.o
 .bss.m_ble_gatt_queuereq_queue7_nrf_queue_buffer
                0x20008084       0xa0 _build/nrf52840_xxaa/main.c.o
 .bss.m_ble_gatt_queuereq_queue7_nrf_queue_cb
                0x20008124        0xc _build/nrf52840_xxaa/main.c.o
 .bss.m_gatt    0x20008130       0x4c _build/nrf52840_xxaa/main.c.o
 .bss.m_lbs_c   0x2000817c       0xc0 _build/nrf52840_xxaa/main.c.o
 .bss.m_scan    0x2000823c       0x8c _build/nrf52840_xxaa/main.c.o
 .bss.m_bcs     0x200082c8       0x7c _build/nrf52840_xxaa/ble_conn_state.c.o
 .bss.m_evt_handler
                0x20008344        0x4 _build/nrf52840_xxaa/ble_db_discovery.c.o
 .bss.m_initialized
                0x20008348        0x1 _build/nrf52840_xxaa/ble_db_discovery.c.o
 *fill*         0x20008349        0x3 
 .bss.m_num_of_handlers_reg
                0x2000834c        0x4 _build/nrf52840_xxaa/ble_db_discovery.c.o
 .bss.m_registered_handlers
                0x20008350       0x18 _build/nrf52840_xxaa/ble_db_discovery.c.o
 .bss.mp_gatt_queue
                0x20008368        0x4 _build/nrf52840_xxaa/ble_db_discovery.c.o
 .bss.m_nrf_sdh_continue
                0x2000836c        0x1 _build/nrf52840_xxaa/nrf_sdh.c.o
 .bss.m_nrf_sdh_enabled
                0x2000836d        0x1 _build/nrf52840_xxaa/nrf_sdh.c.o
 .bss.m_nrf_sdh_suspended
                0x2000836e        0x1 _build/nrf52840_xxaa/nrf_sdh.c.o
 .bss.m_stack_is_enabled
                0x2000836f        0x1 _build/nrf52840_xxaa/nrf_sdh_ble.c.o
 *(COMMON)
 COMMON         0x20008370        0xc _build/nrf52840_xxaa/app_util_platform.c.o
                0x20008370                nrf_nvic_state
 COMMON         0x2000837c        0x2 _build/nrf52840_xxaa/nrf_drv_uart.c.o
                0x2000837c                nrf_drv_uart_use_easy_dma
                0x20008380                . = ALIGN (0x4)
 *fill*         0x2000837e        0x2 
                0x20008380                __bss_end__ = .

.heap           0x20008380        0x0
                0x20008380                __HeapBase = .
                0x20008380                __end__ = .
                [!provide]                PROVIDE (end = .)
 *(.heap*)
 .heap          0x20008380        0x0 _build/nrf52840_xxaa/gcc_startup_nrf52840.S.o
                0x20008380                __HeapLimit = .

.stack_dummy    0x20008380     0x2000
 *(.stack*)
 .stack         0x20008380     0x2000 _build/nrf52840_xxaa/gcc_startup_nrf52840.S.o
                0x20040000                __StackTop = (ORIGIN (RAM) + LENGTH (RAM))
                0x2003e000                __StackLimit = (__StackTop - SIZEOF (.stack_dummy))
                0x20040000                PROVIDE (__stack = __StackTop)
                0x00000001                ASSERT ((__StackLimit >= __HeapLimit), region RAM overflowed with stack)
                0x00002f40                DataInitFlashUsed = (__bss_start__ - __data_start__)
                0x0000863c                CodeFlashUsed = (__etext - ORIGIN (FLASH))
                0x0000b57c                TotalFlashUsed = (CodeFlashUsed + DataInitFlashUsed)
                0x00000001                ASSERT ((TotalFlashUsed <= LENGTH (FLASH)), region FLASH overflowed with .data and user data)
OUTPUT(_build/nrf52840_xxaa.out elf32-littlearm)
LOAD linker stubs

.ARM.attributes
                0x00000000       0x30
 .ARM.attributes
                0x00000000       0x1e d:/program files (x86)/gnu arm embedded toolchain/9 2020-q2-update/bin/../lib/gcc/arm-none-eabi/9.3.1/thumb/v7e-m+fp/hard/crti.o
 .ARM.attributes
                0x0000001e       0x34 d:/program files (x86)/gnu arm embedded toolchain/9 2020-q2-update/bin/../lib/gcc/arm-none-eabi/9.3.1/thumb/v7e-m+fp/hard/crtbegin.o
 .ARM.attributes
                0x00000052       0x1c d:/program files (x86)/gnu arm embedded toolchain/9 2020-q2-update/bin/../lib/gcc/arm-none-eabi/9.3.1/../../../../arm-none-eabi/lib/thumb/v7e-m+fp/hard/crt0.o
 .ARM.attributes
                0x0000006e       0x20 _build/nrf52840_xxaa/gcc_startup_nrf52840.S.o
 .ARM.attributes
                0x0000008e       0x34 _build/nrf52840_xxaa/nrf_log_backend_serial.c.o
 .ARM.attributes
                0x000000c2       0x34 _build/nrf52840_xxaa/nrf_log_backend_uart.c.o
 .ARM.attributes
                0x000000f6       0x34 _build/nrf52840_xxaa/nrf_log_default_backends.c.o
 .ARM.attributes
                0x0000012a       0x34 _build/nrf52840_xxaa/nrf_log_frontend.c.o
 .ARM.attributes
                0x0000015e       0x34 _build/nrf52840_xxaa/nrf_log_str_formatter.c.o
 .ARM.attributes
                0x00000192       0x34 _build/nrf52840_xxaa/app_button.c.o
 .ARM.attributes
                0x000001c6       0x34 _build/nrf52840_xxaa/app_error.c.o
 .ARM.attributes
                0x000001fa       0x34 _build/nrf52840_xxaa/app_error_weak.c.o
 .ARM.attributes
                0x0000022e       0x34 _build/nrf52840_xxaa/app_timer2.c.o
 .ARM.attributes
                0x00000262       0x34 _build/nrf52840_xxaa/app_util_platform.c.o
 .ARM.attributes
                0x00000296       0x34 _build/nrf52840_xxaa/drv_rtc.c.o
 .ARM.attributes
                0x000002ca       0x34 _build/nrf52840_xxaa/nrf_atfifo.c.o
 .ARM.attributes
                0x000002fe       0x34 _build/nrf52840_xxaa/nrf_atflags.c.o
 .ARM.attributes
                0x00000332       0x34 _build/nrf52840_xxaa/nrf_atomic.c.o
 .ARM.attributes
                0x00000366       0x34 _build/nrf52840_xxaa/nrf_balloc.c.o
 .ARM.attributes
                0x0000039a       0x34 _build/nrf52840_xxaa/nrf_fprintf.c.o
 .ARM.attributes
                0x000003ce       0x34 _build/nrf52840_xxaa/nrf_fprintf_format.c.o
 .ARM.attributes
                0x00000402       0x34 _build/nrf52840_xxaa/nrf_memobj.c.o
 .ARM.attributes
                0x00000436       0x34 _build/nrf52840_xxaa/nrf_pwr_mgmt.c.o
 .ARM.attributes
                0x0000046a       0x34 _build/nrf52840_xxaa/nrf_queue.c.o
 .ARM.attributes
                0x0000049e       0x34 _build/nrf52840_xxaa/nrf_ringbuf.c.o
 .ARM.attributes
                0x000004d2       0x34 _build/nrf52840_xxaa/nrf_section_iter.c.o
 .ARM.attributes
                0x00000506       0x34 _build/nrf52840_xxaa/nrf_sortlist.c.o
 .ARM.attributes
                0x0000053a       0x34 _build/nrf52840_xxaa/nrf_strerror.c.o
 .ARM.attributes
                0x0000056e       0x34 _build/nrf52840_xxaa/system_nrf52840.c.o
 .ARM.attributes
                0x000005a2       0x34 _build/nrf52840_xxaa/boards.c.o
 .ARM.attributes
                0x000005d6       0x34 _build/nrf52840_xxaa/nrf_drv_clock.c.o
 .ARM.attributes
                0x0000060a       0x34 _build/nrf52840_xxaa/nrf_drv_uart.c.o
 .ARM.attributes
                0x0000063e       0x34 _build/nrf52840_xxaa/nrfx_clock.c.o
 .ARM.attributes
                0x00000672       0x34 _build/nrf52840_xxaa/nrfx_gpiote.c.o
 .ARM.attributes
                0x000006a6       0x34 _build/nrf52840_xxaa/nrfx_prs.c.o
 .ARM.attributes
                0x000006da       0x34 _build/nrf52840_xxaa/nrfx_uart.c.o
 .ARM.attributes
                0x0000070e       0x34 _build/nrf52840_xxaa/nrfx_uarte.c.o
 .ARM.attributes
                0x00000742       0x34 _build/nrf52840_xxaa/bsp.c.o
 .ARM.attributes
                0x00000776       0x34 _build/nrf52840_xxaa/bsp_btn_ble.c.o
 .ARM.attributes
                0x000007aa       0x34 _build/nrf52840_xxaa/main.c.o
 .ARM.attributes
                0x000007de       0x34 _build/nrf52840_xxaa/ble_advdata.c.o
 .ARM.attributes
                0x00000812       0x34 _build/nrf52840_xxaa/ble_conn_state.c.o
 .ARM.attributes
                0x00000846       0x34 _build/nrf52840_xxaa/ble_db_discovery.c.o
 .ARM.attributes
                0x0000087a       0x34 _build/nrf52840_xxaa/nrf_ble_gatt.c.o
 .ARM.attributes
                0x000008ae       0x34 _build/nrf52840_xxaa/nrf_ble_gq.c.o
 .ARM.attributes
                0x000008e2       0x34 _build/nrf52840_xxaa/nrf_ble_scan.c.o
 .ARM.attributes
                0x00000916       0x34 _build/nrf52840_xxaa/ble_lbs_c.c.o
 .ARM.attributes
                0x0000094a       0x34 _build/nrf52840_xxaa/nrf_sdh.c.o
 .ARM.attributes
                0x0000097e       0x34 _build/nrf52840_xxaa/nrf_sdh_ble.c.o
 .ARM.attributes
                0x000009b2       0x34 _build/nrf52840_xxaa/nrf_sdh_soc.c.o
 .ARM.attributes
                0x000009e6       0x32 d:/program files (x86)/gnu arm embedded toolchain/9 2020-q2-update/bin/../lib/gcc/arm-none-eabi/9.3.1/../../../../arm-none-eabi/lib/thumb/v7e-m+fp/hard\libc_nano.a(lib_a-ctype_.o)
 .ARM.attributes
                0x00000a18       0x34 d:/program files (x86)/gnu arm embedded toolchain/9 2020-q2-update/bin/../lib/gcc/arm-none-eabi/9.3.1/../../../../arm-none-eabi/lib/thumb/v7e-m+fp/hard\libc_nano.a(lib_a-exit.o)
 .ARM.attributes
                0x00000a4c       0x32 d:/program files (x86)/gnu arm embedded toolchain/9 2020-q2-update/bin/../lib/gcc/arm-none-eabi/9.3.1/../../../../arm-none-eabi/lib/thumb/v7e-m+fp/hard\libc_nano.a(lib_a-impure.o)
 .ARM.attributes
                0x00000a7e       0x34 d:/program files (x86)/gnu arm embedded toolchain/9 2020-q2-update/bin/../lib/gcc/arm-none-eabi/9.3.1/../../../../arm-none-eabi/lib/thumb/v7e-m+fp/hard\libc_nano.a(lib_a-init.o)
 .ARM.attributes
                0x00000ab2       0x34 d:/program files (x86)/gnu arm embedded toolchain/9 2020-q2-update/bin/../lib/gcc/arm-none-eabi/9.3.1/../../../../arm-none-eabi/lib/thumb/v7e-m+fp/hard\libc_nano.a(lib_a-memcmp.o)
 .ARM.attributes
                0x00000ae6       0x34 d:/program files (x86)/gnu arm embedded toolchain/9 2020-q2-update/bin/../lib/gcc/arm-none-eabi/9.3.1/../../../../arm-none-eabi/lib/thumb/v7e-m+fp/hard\libc_nano.a(lib_a-memcpy-stub.o)
 .ARM.attributes
                0x00000b1a       0x34 d:/program files (x86)/gnu arm embedded toolchain/9 2020-q2-update/bin/../lib/gcc/arm-none-eabi/9.3.1/../../../../arm-none-eabi/lib/thumb/v7e-m+fp/hard\libc_nano.a(lib_a-memset.o)
 .ARM.attributes
                0x00000b4e       0x1c d:/program files (x86)/gnu arm embedded toolchain/9 2020-q2-update/bin/../lib/gcc/arm-none-eabi/9.3.1/../../../../arm-none-eabi/lib/thumb/v7e-m+fp/hard\libc_nano.a(lib_a-strcmp.o)
 .ARM.attributes
                0x00000b6a       0x17 d:/program files (x86)/gnu arm embedded toolchain/9 2020-q2-update/bin/../lib/gcc/arm-none-eabi/9.3.1/../../../../arm-none-eabi/lib/thumb/v7e-m+fp/hard\libc_nano.a(lib_a-strlen.o)
 .ARM.attributes
                0x00000b81       0x34 d:/program files (x86)/gnu arm embedded toolchain/9 2020-q2-update/bin/../lib/gcc/arm-none-eabi/9.3.1/../../../../arm-none-eabi/lib/thumb/v7e-m+fp/hard\libnosys.a(_exit.o)
 .ARM.attributes
                0x00000bb5       0x32 d:/program files (x86)/gnu arm embedded toolchain/9 2020-q2-update/bin/../lib/gcc/arm-none-eabi/9.3.1/thumb/v7e-m+fp/hard/crtend.o
 .ARM.attributes
                0x00000be7       0x1e d:/program files (x86)/gnu arm embedded toolchain/9 2020-q2-update/bin/../lib/gcc/arm-none-eabi/9.3.1/thumb/v7e-m+fp/hard/crtn.o

.comment        0x00000000       0x4c
 .comment       0x00000000       0x4c _build/nrf52840_xxaa/nrf_log_backend_serial.c.o
                                 0x4d (size before relaxing)
 .comment       0x0000004c       0x4d _build/nrf52840_xxaa/nrf_log_backend_uart.c.o
 .comment       0x0000004c       0x4d _build/nrf52840_xxaa/nrf_log_default_backends.c.o
 .comment       0x0000004c       0x4d _build/nrf52840_xxaa/nrf_log_frontend.c.o
 .comment       0x0000004c       0x4d _build/nrf52840_xxaa/nrf_log_str_formatter.c.o
 .comment       0x0000004c       0x4d _build/nrf52840_xxaa/app_button.c.o
 .comment       0x0000004c       0x4d _build/nrf52840_xxaa/app_error.c.o
 .comment       0x0000004c       0x4d _build/nrf52840_xxaa/app_error_weak.c.o
 .comment       0x0000004c       0x4d _build/nrf52840_xxaa/app_timer2.c.o
 .comment       0x0000004c       0x4d _build/nrf52840_xxaa/app_util_platform.c.o
 .comment       0x0000004c       0x4d _build/nrf52840_xxaa/drv_rtc.c.o
 .comment       0x0000004c       0x4d _build/nrf52840_xxaa/nrf_atfifo.c.o
 .comment       0x0000004c       0x4d _build/nrf52840_xxaa/nrf_atflags.c.o
 .comment       0x0000004c       0x4d _build/nrf52840_xxaa/nrf_atomic.c.o
 .comment       0x0000004c       0x4d _build/nrf52840_xxaa/nrf_balloc.c.o
 .comment       0x0000004c       0x4d _build/nrf52840_xxaa/nrf_fprintf.c.o
 .comment       0x0000004c       0x4d _build/nrf52840_xxaa/nrf_fprintf_format.c.o
 .comment       0x0000004c       0x4d _build/nrf52840_xxaa/nrf_memobj.c.o
 .comment       0x0000004c       0x4d _build/nrf52840_xxaa/nrf_pwr_mgmt.c.o
 .comment       0x0000004c       0x4d _build/nrf52840_xxaa/nrf_queue.c.o
 .comment       0x0000004c       0x4d _build/nrf52840_xxaa/nrf_ringbuf.c.o
 .comment       0x0000004c       0x4d _build/nrf52840_xxaa/nrf_section_iter.c.o
 .comment       0x0000004c       0x4d _build/nrf52840_xxaa/nrf_sortlist.c.o
 .comment       0x0000004c       0x4d _build/nrf52840_xxaa/nrf_strerror.c.o
 .comment       0x0000004c       0x4d _build/nrf52840_xxaa/system_nrf52840.c.o
 .comment       0x0000004c       0x4d _build/nrf52840_xxaa/boards.c.o
 .comment       0x0000004c       0x4d _build/nrf52840_xxaa/nrf_drv_clock.c.o
 .comment       0x0000004c       0x4d _build/nrf52840_xxaa/nrf_drv_uart.c.o
 .comment       0x0000004c       0x4d _build/nrf52840_xxaa/nrfx_clock.c.o
 .comment       0x0000004c       0x4d _build/nrf52840_xxaa/nrfx_gpiote.c.o
 .comment       0x0000004c       0x4d _build/nrf52840_xxaa/nrfx_prs.c.o
 .comment       0x0000004c       0x4d _build/nrf52840_xxaa/nrfx_uart.c.o
 .comment       0x0000004c       0x4d _build/nrf52840_xxaa/nrfx_uarte.c.o
 .comment       0x0000004c       0x4d _build/nrf52840_xxaa/bsp.c.o
 .comment       0x0000004c       0x4d _build/nrf52840_xxaa/bsp_btn_ble.c.o
 .comment       0x0000004c       0x4d _build/nrf52840_xxaa/main.c.o
 .comment       0x0000004c       0x4d _build/nrf52840_xxaa/ble_advdata.c.o
 .comment       0x0000004c       0x4d _build/nrf52840_xxaa/ble_conn_state.c.o
 .comment       0x0000004c       0x4d _build/nrf52840_xxaa/ble_db_discovery.c.o
 .comment       0x0000004c       0x4d _build/nrf52840_xxaa/nrf_ble_gatt.c.o
 .comment       0x0000004c       0x4d _build/nrf52840_xxaa/nrf_ble_gq.c.o
 .comment       0x0000004c       0x4d _build/nrf52840_xxaa/nrf_ble_scan.c.o
 .comment       0x0000004c       0x4d _build/nrf52840_xxaa/ble_lbs_c.c.o
 .comment       0x0000004c       0x4d _build/nrf52840_xxaa/nrf_sdh.c.o
 .comment       0x0000004c       0x4d _build/nrf52840_xxaa/nrf_sdh_ble.c.o
 .comment       0x0000004c       0x4d _build/nrf52840_xxaa/nrf_sdh_soc.c.o

.debug_line     0x00000000    0x2da5a
 .debug_line    0x00000000       0x89 _build/nrf52840_xxaa/gcc_startup_nrf52840.S.o
 .debug_line    0x00000089      0x962 _build/nrf52840_xxaa/nrf_log_backend_serial.c.o
 .debug_line    0x000009eb      0xc8f _build/nrf52840_xxaa/nrf_log_backend_uart.c.o
 .debug_line    0x0000167a      0x83d _build/nrf52840_xxaa/nrf_log_default_backends.c.o
 .debug_line    0x00001eb7     0x2cde _build/nrf52840_xxaa/nrf_log_frontend.c.o
 .debug_line    0x00004b95      0xa99 _build/nrf52840_xxaa/nrf_log_str_formatter.c.o
 .debug_line    0x0000562e     0x1344 _build/nrf52840_xxaa/app_button.c.o
 .debug_line    0x00006972      0x5ef _build/nrf52840_xxaa/app_error.c.o
 .debug_line    0x00006f61      0x942 _build/nrf52840_xxaa/app_error_weak.c.o
 .debug_line    0x000078a3     0x1255 _build/nrf52840_xxaa/app_timer2.c.o
 .debug_line    0x00008af8      0x833 _build/nrf52840_xxaa/app_util_platform.c.o
 .debug_line    0x0000932b     0x15b7 _build/nrf52840_xxaa/drv_rtc.c.o
 .debug_line    0x0000a8e2      0xb11 _build/nrf52840_xxaa/nrf_atfifo.c.o
 .debug_line    0x0000b3f3      0x926 _build/nrf52840_xxaa/nrf_atflags.c.o
 .debug_line    0x0000bd19      0x959 _build/nrf52840_xxaa/nrf_atomic.c.o
 .debug_line    0x0000c672      0x98a _build/nrf52840_xxaa/nrf_balloc.c.o
 .debug_line    0x0000cffc      0x615 _build/nrf52840_xxaa/nrf_fprintf.c.o
 .debug_line    0x0000d611      0xfef _build/nrf52840_xxaa/nrf_fprintf_format.c.o
 .debug_line    0x0000e600      0xc24 _build/nrf52840_xxaa/nrf_memobj.c.o
 .debug_line    0x0000f224      0xf40 _build/nrf52840_xxaa/nrf_pwr_mgmt.c.o
 .debug_line    0x00010164     0x1426 _build/nrf52840_xxaa/nrf_queue.c.o
 .debug_line    0x0001158a      0xa84 _build/nrf52840_xxaa/nrf_ringbuf.c.o
 .debug_line    0x0001200e      0x62b _build/nrf52840_xxaa/nrf_section_iter.c.o
 .debug_line    0x00012639      0x817 _build/nrf52840_xxaa/nrf_sortlist.c.o
 .debug_line    0x00012e50      0x67c _build/nrf52840_xxaa/nrf_strerror.c.o
 .debug_line    0x000134cc      0x825 _build/nrf52840_xxaa/system_nrf52840.c.o
 .debug_line    0x00013cf1     0x111b _build/nrf52840_xxaa/boards.c.o
 .debug_line    0x00014e0c     0x12ec _build/nrf52840_xxaa/nrf_drv_clock.c.o
 .debug_line    0x000160f8      0x925 _build/nrf52840_xxaa/nrf_drv_uart.c.o
 .debug_line    0x00016a1d     0x1166 _build/nrf52840_xxaa/nrfx_clock.c.o
 .debug_line    0x00017b83     0x31b7 _build/nrf52840_xxaa/nrfx_gpiote.c.o
 .debug_line    0x0001ad3a      0xa0f _build/nrf52840_xxaa/nrfx_prs.c.o
 .debug_line    0x0001b749     0x201c _build/nrf52840_xxaa/nrfx_uart.c.o
 .debug_line    0x0001d765     0x1fc3 _build/nrf52840_xxaa/nrfx_uarte.c.o
 .debug_line    0x0001f728     0x1351 _build/nrf52840_xxaa/bsp.c.o
 .debug_line    0x00020a79      0xbba _build/nrf52840_xxaa/bsp_btn_ble.c.o
 .debug_line    0x00021633     0x16c1 _build/nrf52840_xxaa/main.c.o
 .debug_line    0x00022cf4     0x1443 _build/nrf52840_xxaa/ble_advdata.c.o
 .debug_line    0x00024137     0x125f _build/nrf52840_xxaa/ble_conn_state.c.o
 .debug_line    0x00025396     0x1bbc _build/nrf52840_xxaa/ble_db_discovery.c.o
 .debug_line    0x00026f52     0x108d _build/nrf52840_xxaa/nrf_ble_gatt.c.o
 .debug_line    0x00027fdf     0x11b7 _build/nrf52840_xxaa/nrf_ble_gq.c.o
 .debug_line    0x00029196     0x121e _build/nrf52840_xxaa/nrf_ble_scan.c.o
 .debug_line    0x0002a3b4     0x1157 _build/nrf52840_xxaa/ble_lbs_c.c.o
 .debug_line    0x0002b50b     0x10d6 _build/nrf52840_xxaa/nrf_sdh.c.o
 .debug_line    0x0002c5e1      0xc06 _build/nrf52840_xxaa/nrf_sdh_ble.c.o
 .debug_line    0x0002d1e7      0x873 _build/nrf52840_xxaa/nrf_sdh_soc.c.o

.debug_info     0x00000000    0x61341
 .debug_info    0x00000000       0x26 _build/nrf52840_xxaa/gcc_startup_nrf52840.S.o
 .debug_info    0x00000026     0x124c _build/nrf52840_xxaa/nrf_log_backend_serial.c.o
 .debug_info    0x00001272     0x1cc5 _build/nrf52840_xxaa/nrf_log_backend_uart.c.o
 .debug_info    0x00002f37      0xd9e _build/nrf52840_xxaa/nrf_log_default_backends.c.o
 .debug_info    0x00003cd5     0x4689 _build/nrf52840_xxaa/nrf_log_frontend.c.o
 .debug_info    0x0000835e     0x1431 _build/nrf52840_xxaa/nrf_log_str_formatter.c.o
 .debug_info    0x0000978f     0x1d42 _build/nrf52840_xxaa/app_button.c.o
 .debug_info    0x0000b4d1      0xb94 _build/nrf52840_xxaa/app_error.c.o
 .debug_info    0x0000c065     0x1006 _build/nrf52840_xxaa/app_error_weak.c.o
 .debug_info    0x0000d06b     0x220f _build/nrf52840_xxaa/app_timer2.c.o
 .debug_info    0x0000f27a     0x1321 _build/nrf52840_xxaa/app_util_platform.c.o
 .debug_info    0x0001059b     0x2b99 _build/nrf52840_xxaa/drv_rtc.c.o
 .debug_info    0x00013134     0x158b _build/nrf52840_xxaa/nrf_atfifo.c.o
 .debug_info    0x000146bf     0x1019 _build/nrf52840_xxaa/nrf_atflags.c.o
 .debug_info    0x000156d8     0x13e4 _build/nrf52840_xxaa/nrf_atomic.c.o
 .debug_info    0x00016abc      0xea4 _build/nrf52840_xxaa/nrf_balloc.c.o
 .debug_info    0x00017960      0xb51 _build/nrf52840_xxaa/nrf_fprintf.c.o
 .debug_info    0x000184b1     0x157d _build/nrf52840_xxaa/nrf_fprintf_format.c.o
 .debug_info    0x00019a2e     0x161b _build/nrf52840_xxaa/nrf_memobj.c.o
 .debug_info    0x0001b049     0x1e56 _build/nrf52840_xxaa/nrf_pwr_mgmt.c.o
 .debug_info    0x0001ce9f     0x20ee _build/nrf52840_xxaa/nrf_queue.c.o
 .debug_info    0x0001ef8d      0xf8b _build/nrf52840_xxaa/nrf_ringbuf.c.o
 .debug_info    0x0001ff18      0xac1 _build/nrf52840_xxaa/nrf_section_iter.c.o
 .debug_info    0x000209d9      0xd6d _build/nrf52840_xxaa/nrf_sortlist.c.o
 .debug_info    0x00021746      0xb76 _build/nrf52840_xxaa/nrf_strerror.c.o
 .debug_info    0x000222bc     0x16e5 _build/nrf52840_xxaa/system_nrf52840.c.o
 .debug_info    0x000239a1     0x1862 _build/nrf52840_xxaa/boards.c.o
 .debug_info    0x00025203     0x230a _build/nrf52840_xxaa/nrf_drv_clock.c.o
 .debug_info    0x0002750d     0x1b27 _build/nrf52840_xxaa/nrf_drv_uart.c.o
 .debug_info    0x00029034     0x1e88 _build/nrf52840_xxaa/nrfx_clock.c.o
 .debug_info    0x0002aebc     0x46d1 _build/nrf52840_xxaa/nrfx_gpiote.c.o
 .debug_info    0x0002f58d     0x1200 _build/nrf52840_xxaa/nrfx_prs.c.o
 .debug_info    0x0003078d     0x430d _build/nrf52840_xxaa/nrfx_uart.c.o
 .debug_info    0x00034a9a     0x429b _build/nrf52840_xxaa/nrfx_uarte.c.o
 .debug_info    0x00038d35     0x209b _build/nrf52840_xxaa/bsp.c.o
 .debug_info    0x0003add0     0x28b3 _build/nrf52840_xxaa/bsp_btn_ble.c.o
 .debug_info    0x0003d683     0x4f62 _build/nrf52840_xxaa/main.c.o
 .debug_info    0x000425e5     0x2948 _build/nrf52840_xxaa/ble_advdata.c.o
 .debug_info    0x00044f2d     0x39cb _build/nrf52840_xxaa/ble_conn_state.c.o
 .debug_info    0x000488f8     0x4545 _build/nrf52840_xxaa/ble_db_discovery.c.o
 .debug_info    0x0004ce3d     0x342e _build/nrf52840_xxaa/nrf_ble_gatt.c.o
 .debug_info    0x0005026b     0x393b _build/nrf52840_xxaa/nrf_ble_gq.c.o
 .debug_info    0x00053ba6     0x3d99 _build/nrf52840_xxaa/nrf_ble_scan.c.o
 .debug_info    0x0005793f     0x338f _build/nrf52840_xxaa/ble_lbs_c.c.o
 .debug_info    0x0005acce     0x20e3 _build/nrf52840_xxaa/nrf_sdh.c.o
 .debug_info    0x0005cdb1     0x360a _build/nrf52840_xxaa/nrf_sdh_ble.c.o
 .debug_info    0x000603bb      0xf86 _build/nrf52840_xxaa/nrf_sdh_soc.c.o

.debug_abbrev   0x00000000     0xc1a9
 .debug_abbrev  0x00000000       0x14 _build/nrf52840_xxaa/gcc_startup_nrf52840.S.o
 .debug_abbrev  0x00000014      0x2cc _build/nrf52840_xxaa/nrf_log_backend_serial.c.o
 .debug_abbrev  0x000002e0      0x41d _build/nrf52840_xxaa/nrf_log_backend_uart.c.o
 .debug_abbrev  0x000006fd      0x294 _build/nrf52840_xxaa/nrf_log_default_backends.c.o
 .debug_abbrev  0x00000991      0x62f _build/nrf52840_xxaa/nrf_log_frontend.c.o
 .debug_abbrev  0x00000fc0      0x320 _build/nrf52840_xxaa/nrf_log_str_formatter.c.o
 .debug_abbrev  0x000012e0      0x46d _build/nrf52840_xxaa/app_button.c.o
 .debug_abbrev  0x0000174d      0x276 _build/nrf52840_xxaa/app_error.c.o
 .debug_abbrev  0x000019c3      0x2fd _build/nrf52840_xxaa/app_error_weak.c.o
 .debug_abbrev  0x00001cc0      0x58f _build/nrf52840_xxaa/app_timer2.c.o
 .debug_abbrev  0x0000224f      0x3df _build/nrf52840_xxaa/app_util_platform.c.o
 .debug_abbrev  0x0000262e      0x5d7 _build/nrf52840_xxaa/drv_rtc.c.o
 .debug_abbrev  0x00002c05      0x3b9 _build/nrf52840_xxaa/nrf_atfifo.c.o
 .debug_abbrev  0x00002fbe      0x37f _build/nrf52840_xxaa/nrf_atflags.c.o
 .debug_abbrev  0x0000333d      0x378 _build/nrf52840_xxaa/nrf_atomic.c.o
 .debug_abbrev  0x000036b5      0x34d _build/nrf52840_xxaa/nrf_balloc.c.o
 .debug_abbrev  0x00003a02      0x27d _build/nrf52840_xxaa/nrf_fprintf.c.o
 .debug_abbrev  0x00003c7f      0x3fa _build/nrf52840_xxaa/nrf_fprintf_format.c.o
 .debug_abbrev  0x00004079      0x397 _build/nrf52840_xxaa/nrf_memobj.c.o
 .debug_abbrev  0x00004410      0x513 _build/nrf52840_xxaa/nrf_pwr_mgmt.c.o
 .debug_abbrev  0x00004923      0x4e0 _build/nrf52840_xxaa/nrf_queue.c.o
 .debug_abbrev  0x00004e03      0x2b2 _build/nrf52840_xxaa/nrf_ringbuf.c.o
 .debug_abbrev  0x000050b5      0x206 _build/nrf52840_xxaa/nrf_section_iter.c.o
 .debug_abbrev  0x000052bb      0x284 _build/nrf52840_xxaa/nrf_sortlist.c.o
 .debug_abbrev  0x0000553f      0x29c _build/nrf52840_xxaa/nrf_strerror.c.o
 .debug_abbrev  0x000057db      0x26e _build/nrf52840_xxaa/system_nrf52840.c.o
 .debug_abbrev  0x00005a49      0x44c _build/nrf52840_xxaa/boards.c.o
 .debug_abbrev  0x00005e95      0x5ef _build/nrf52840_xxaa/nrf_drv_clock.c.o
 .debug_abbrev  0x00006484      0x2da _build/nrf52840_xxaa/nrf_drv_uart.c.o
 .debug_abbrev  0x0000675e      0x560 _build/nrf52840_xxaa/nrfx_clock.c.o
 .debug_abbrev  0x00006cbe      0x5b5 _build/nrf52840_xxaa/nrfx_gpiote.c.o
 .debug_abbrev  0x00007273      0x362 _build/nrf52840_xxaa/nrfx_prs.c.o
 .debug_abbrev  0x000075d5      0x59d _build/nrf52840_xxaa/nrfx_uart.c.o
 .debug_abbrev  0x00007b72      0x571 _build/nrf52840_xxaa/nrfx_uarte.c.o
 .debug_abbrev  0x000080e3      0x53b _build/nrf52840_xxaa/bsp.c.o
 .debug_abbrev  0x0000861e      0x3c6 _build/nrf52840_xxaa/bsp_btn_ble.c.o
 .debug_abbrev  0x000089e4      0x5aa _build/nrf52840_xxaa/main.c.o
 .debug_abbrev  0x00008f8e      0x4b7 _build/nrf52840_xxaa/ble_advdata.c.o
 .debug_abbrev  0x00009445      0x5c2 _build/nrf52840_xxaa/ble_conn_state.c.o
 .debug_abbrev  0x00009a07      0x631 _build/nrf52840_xxaa/ble_db_discovery.c.o
 .debug_abbrev  0x0000a038      0x4d8 _build/nrf52840_xxaa/nrf_ble_gatt.c.o
 .debug_abbrev  0x0000a510      0x567 _build/nrf52840_xxaa/nrf_ble_gq.c.o
 .debug_abbrev  0x0000aa77      0x53a _build/nrf52840_xxaa/nrf_ble_scan.c.o
 .debug_abbrev  0x0000afb1      0x4d3 _build/nrf52840_xxaa/ble_lbs_c.c.o
 .debug_abbrev  0x0000b484      0x583 _build/nrf52840_xxaa/nrf_sdh.c.o
 .debug_abbrev  0x0000ba07      0x4b1 _build/nrf52840_xxaa/nrf_sdh_ble.c.o
 .debug_abbrev  0x0000beb8      0x2f1 _build/nrf52840_xxaa/nrf_sdh_soc.c.o

.debug_aranges  0x00000000     0x10f0
 .debug_aranges
                0x00000000       0x20 _build/nrf52840_xxaa/gcc_startup_nrf52840.S.o
 .debug_aranges
                0x00000020       0x20 _build/nrf52840_xxaa/nrf_log_backend_serial.c.o
 .debug_aranges